<html>
<body>
<pre>
<h1>�Vision Build Log</h1>
<h2>Tool Versions:</h2>
IDE-Version: ��Vision V5.24.2.0
Copyright (C) 2017 ARM Ltd and ARM Germany GmbH. All rights reserved.
License Information: x 2106997706@qq.com, x, LIC=SDA0P-MRQ8V-LQW0Q-NACMT-73GTN-FFMA8
 
Tool Versions:
Toolchain:       MDK-ARM Plus  Version: 5.24.1
Toolchain Path:  D:\Keil\ARM\ARMCC\Bin
C Compiler:      Armcc.exe V5.06 update 5 (build 528)
Assembler:       Armasm.exe V5.06 update 5 (build 528)
Linker/Locator:  ArmLink.exe V5.06 update 5 (build 528)
Library Manager: ArmAr.exe V5.06 update 5 (build 528)
Hex Converter:   FromElf.exe V5.06 update 5 (build 528)
CPU DLL:         SARMCM3.DLL V5.24.1
Dialog DLL:      DARMSTM.DLL V1.68.0.0
Target DLL:      STLink\ST-LINKIII-KEIL_SWO.dll V3.0.1.0
Dialog DLL:      TCM.DLL V1.32.0.0
 
<h2>Project:</h2>
c:\Users\21069\Desktop\XXCHONG-FLY\remote\Project.uvprojx
Project File Date:  11/25/2024

<h2>Output:</h2>
*** Using Compiler 'V5.06 update 5 (build 528)', folder: 'D:\Keil\ARM\ARMCC\Bin'
Rebuild target 'Target 1'
assembling startup_stm32f10x_md.s...
compiling system_stm32f10x.c...
compiling stm32f10x_fsmc.c...
compiling core_cm3.c...
compiling stm32f10x_crc.c...
compiling stm32f10x_dbgmcu.c...
compiling misc.c...
compiling stm32f10x_dma.c...
compiling stm32f10x_bkp.c...
compiling stm32f10x_cec.c...
compiling stm32f10x_gpio.c...
compiling stm32f10x_exti.c...
compiling stm32f10x_dac.c...
compiling stm32f10x_adc.c...
compiling stm32f10x_can.c...
compiling stm32f10x_flash.c...
compiling stm32f10x_i2c.c...
compiling stm32f10x_iwdg.c...
compiling stm32f10x_pwr.c...
compiling stm32f10x_rcc.c...
compiling stm32f10x_rtc.c...
compiling stm32f10x_sdio.c...
compiling stm32f10x_spi.c...
compiling stm32f10x_wwdg.c...
compiling stm32f10x_usart.c...
compiling stm32f10x_tim.c...
compiling SYS.c...
.\Hardware\Key.h(58): warning:  #1-D: last line of file ends without a newline
  #endif
.\Hardware\i2c.h(66): warning:  #1-D: last line of file ends without a newline
  #endif
.\RC\Remote.h(14): warning:  #1-D: last line of file ends without a newline
  #endif
System\SYS.h(79): warning:  #1-D: last line of file ends without a newline
  #endif
System\SYS.c(80): warning:  #1-D: last line of file ends without a newline
  //}
System\SYS.c: 5 warnings, 0 errors
compiling MyRTC.c...
.\Hardware\Key.h(58): warning:  #1-D: last line of file ends without a newline
  #endif
.\Hardware\i2c.h(66): warning:  #1-D: last line of file ends without a newline
  #endif
.\RC\Remote.h(14): warning:  #1-D: last line of file ends without a newline
  #endif
System\SYS.h(79): warning:  #1-D: last line of file ends without a newline
  #endif
System\MyRTC.c: 4 warnings, 0 errors
compiling Delay.c...
.\Hardware\Key.h(58): warning:  #1-D: last line of file ends without a newline
  #endif
.\Hardware\i2c.h(66): warning:  #1-D: last line of file ends without a newline
  #endif
.\RC\Remote.h(14): warning:  #1-D: last line of file ends without a newline
  #endif
System\SYS.h(79): warning:  #1-D: last line of file ends without a newline
  #endif
System\Delay.c(79): warning:  #1-D: last line of file ends without a newline
  }
System\Delay.c: 5 warnings, 0 errors
compiling timer.c...
.\Hardware\Key.h(58): warning:  #1-D: last line of file ends without a newline
  #endif
.\Hardware\i2c.h(66): warning:  #1-D: last line of file ends without a newline
  #endif
.\RC\Remote.h(14): warning:  #1-D: last line of file ends without a newline
  #endif
.\System\SYS.h(79): warning:  #1-D: last line of file ends without a newline
  #endif
Hardware\timer.c(33): warning:  #1-D: last line of file ends without a newline
  }
Hardware\timer.c: 5 warnings, 0 errors
compiling Key.c...
.\Hardware\Key.h(58): warning:  #1-D: last line of file ends without a newline
  #endif
.\Hardware\i2c.h(66): warning:  #1-D: last line of file ends without a newline
  #endif
.\RC\Remote.h(14): warning:  #1-D: last line of file ends without a newline
  #endif
.\System\SYS.h(79): warning:  #1-D: last line of file ends without a newline
  #endif
Hardware\Key.c(11): warning:  #177-D: variable "NVIC_InitStructure"  was declared but never referenced
  	NVIC_InitTypeDef NVIC_InitStructure;
Hardware\Key.c(13): warning:  #177-D: variable "GPIOB_InitTypeDef"  was declared but never referenced
  	GPIO_InitTypeDef GPIOB_InitTypeDef;
Hardware\Key.c(221): warning:  #1-D: last line of file ends without a newline
  }
Hardware\Key.c: 7 warnings, 0 errors
compiling LED.c...
.\Hardware\Key.h(58): warning:  #1-D: last line of file ends without a newline
  #endif
.\Hardware\i2c.h(66): warning:  #1-D: last line of file ends without a newline
  #endif
.\RC\Remote.h(14): warning:  #1-D: last line of file ends without a newline
  #endif
.\System\SYS.h(79): warning:  #1-D: last line of file ends without a newline
  #endif
Hardware\LED.c: 4 warnings, 0 errors
compiling i2c.c...
.\Hardware\Key.h(58): warning:  #1-D: last line of file ends without a newline
  #endif
.\Hardware\i2c.h(66): warning:  #1-D: last line of file ends without a newline
  #endif
.\RC\Remote.h(14): warning:  #1-D: last line of file ends without a newline
  #endif
.\System\SYS.h(79): warning:  #1-D: last line of file ends without a newline
  #endif
Hardware\i2c.c: 4 warnings, 0 errors
compiling usart.c...
.\Hardware\Key.h(58): warning:  #1-D: last line of file ends without a newline
  #endif
.\Hardware\i2c.h(66): warning:  #1-D: last line of file ends without a newline
  #endif
.\RC\Remote.h(14): warning:  #1-D: last line of file ends without a newline
  #endif
.\System\SYS.h(79): warning:  #1-D: last line of file ends without a newline
  #endif
Hardware\usart.c(104): warning:  #1-D: last line of file ends without a newline
  }
Hardware\usart.c: 5 warnings, 0 errors
compiling croutine.c...
compiling stm32f10x_it.c...
compiling list.c...
compiling event_groups.c...
compiling si24r1.c...
.\Hardware\Key.h(58): warning:  #1-D: last line of file ends without a newline
  #endif
.\Hardware\i2c.h(66): warning:  #1-D: last line of file ends without a newline
  #endif
.\RC\Remote.h(14): warning:  #1-D: last line of file ends without a newline
  #endif
.\System\SYS.h(79): warning:  #1-D: last line of file ends without a newline
  #endif
Hardware\si24r1.c(60): warning:  #177-D: variable "xHigherPriorityTaskWoken"  was declared but never referenced
  	 portBASE_TYPE xHigherPriorityTaskWoken = pdFALSE;
Hardware\si24r1.c: 5 warnings, 0 errors
compiling ADC_PS2.c...
.\Hardware\Key.h(58): warning:  #1-D: last line of file ends without a newline
  #endif
.\Hardware\i2c.h(66): warning:  #1-D: last line of file ends without a newline
  #endif
.\RC\Remote.h(14): warning:  #1-D: last line of file ends without a newline
  #endif
.\System\SYS.h(79): warning:  #1-D: last line of file ends without a newline
  #endif
Hardware\ADC_PS2.c(229): warning:  #1-D: last line of file ends without a newline
  }
Hardware\ADC_PS2.c: 5 warnings, 0 errors
compiling MySPI.c...
.\Hardware\Key.h(58): warning:  #1-D: last line of file ends without a newline
  #endif
.\Hardware\i2c.h(66): warning:  #1-D: last line of file ends without a newline
  #endif
.\RC\Remote.h(14): warning:  #1-D: last line of file ends without a newline
  #endif
.\System\SYS.h(79): warning:  #1-D: last line of file ends without a newline
  #endif
Hardware\MySPI.c: 4 warnings, 0 errors
compiling DisplayOLED.c...
.\Hardware\Key.h(58): warning:  #1-D: last line of file ends without a newline
  #endif
.\Hardware\i2c.h(66): warning:  #1-D: last line of file ends without a newline
  #endif
.\RC\Remote.h(14): warning:  #1-D: last line of file ends without a newline
  #endif
.\System\SYS.h(79): warning:  #1-D: last line of file ends without a newline
  #endif
Hardware\DisplayOLED.c(103): warning:  #177-D: variable "i"  was declared but never referenced
  	uint16_t i=6;
Hardware\DisplayOLED.c: 5 warnings, 0 errors
compiling timers.c...
compiling queue.c...
compiling main.c...
.\Hardware\Key.h(58): warning:  #1-D: last line of file ends without a newline
  #endif
.\Hardware\i2c.h(66): warning:  #1-D: last line of file ends without a newline
  #endif
.\RC\Remote.h(14): warning:  #1-D: last line of file ends without a newline
  #endif
.\System\SYS.h(79): warning:  #1-D: last line of file ends without a newline
  #endif
User\main.c(102): warning:  #550-D: variable "xReturn"  was set but never used
  	BaseType_t xReturn = pdPASS; /* 定义一个创建信息返回值，默认为pdPASS */
User\main.c: 5 warnings, 0 errors
compiling tasks.c...
compiling port.c...
compiling heap_4.c...
compiling u8g2_box.c...
compiling u8g2_button.c...
compiling u8g2_cleardisplay.c...
compiling u8g2_d_memory.c...
compiling u8g2_d_setup.c...
compiling u8g2_buffer.c...
compiling u8g2_bitmap.c...
compiling u8g2_circle.c...
compiling u8g2_font_MyChinese.c...
compiling u8g2_intersection.c...
compiling u8g2_hvline.c...
compiling u8g2_kerning.c...
compiling u8g2_input_value.c...
compiling u8g2_line.c...
compiling u8g2_ll_hvline.c...
compiling u8g2_message.c...
compiling u8g2_font.c...
compiling u8log_u8x8.c...
compiling u8log.c...
compiling u8log_u8g2.c...
compiling u8g2_selection_list.c...
compiling u8g2_polygon.c...
compiling u8g2_setup.c...
u8g2\u8g2_setup.c(469): warning:  #1-D: last line of file ends without a newline
    
u8g2\u8g2_setup.c: 1 warning, 0 errors
compiling u8x8_byte.c...
compiling u8x8_8x8.c...
compiling u8x8_d_ssd1306_128x64_noname.c...
compiling u8x8_debounce.c...
compiling u8x8_capture.c...
u8g2\u8x8_capture.c(254): warning:  #1-D: last line of file ends without a newline
  #endif
u8g2\u8x8_capture.c: 1 warning, 0 errors
compiling u8x8_display.c...
u8g2\u8x8_display.c(203): warning:  #1-D: last line of file ends without a newline
  }
u8g2\u8x8_display.c: 1 warning, 0 errors
compiling u8x8_gpio.c...
u8g2\u8x8_gpio.c(50): warning:  #1-D: last line of file ends without a newline
  */
u8g2\u8x8_gpio.c: 1 warning, 0 errors
compiling u8x8_cad.c...
compiling u8x8_input_value.c...
compiling u8x8_message.c...
compiling u8x8_selection_list.c...
compiling u8x8_setup.c...
compiling u8x8_string.c...
compiling u8x8_u8toa.c...
compiling u8x8_u16toa.c...
compiling u8x8_fonts.c...
compiling Remote.c...
.\Hardware\Key.h(58): warning:  #1-D: last line of file ends without a newline
  #endif
.\Hardware\i2c.h(66): warning:  #1-D: last line of file ends without a newline
  #endif
.\RC\Remote.h(14): warning:  #1-D: last line of file ends without a newline
  #endif
.\System\SYS.h(79): warning:  #1-D: last line of file ends without a newline
  #endif
RC\Remote.c(88): warning:  #1-D: last line of file ends without a newline
  //	
RC\Remote.c: 5 warnings, 0 errors
compiling u8g2_fonts.c...
linking...
Program Size: Code=20668 RO-data=8244 RW-data=220 ZI-data=12812  
FromELF: creating hex file...
".\Objects\Project.axf" - 0 Error(s), 72 Warning(s).

<h2>Software Packages used:</h2>

Package Vendor: Keil
                http://www.keil.com/pack/Keil.STM32F1xx_DFP.2.2.0.pack
                Keil.STM32F1xx_DFP.2.2.0
                STMicroelectronics STM32F1 Series Device Support, Drivers and Examples

<h2>Collection of Component include folders:</h2>
  .\RTE\_Target_1
  D:\Keil\ARM\PACK\Keil\STM32F1xx_DFP\2.2.0\Device\Include

<h2>Collection of Component Files used:</h2>
Build Time Elapsed:  00:00:08
</pre>
</body>
</html>
