Component: ARM Compiler 5.06 update 5 (build 528) Tool: armlink [4d35e2]

==============================================================================

Section Cross References

    startup_stm32f10x_md.o(RESET) refers to startup_stm32f10x_md.o(STACK) for __initial_sp
    startup_stm32f10x_md.o(RESET) refers to startup_stm32f10x_md.o(.text) for Reset_Handler
    startup_stm32f10x_md.o(RESET) refers to stm32f10x_it.o(i.NMI_Handler) for NMI_Handler
    startup_stm32f10x_md.o(RESET) refers to stm32f10x_it.o(i.HardFault_Handler) for HardFault_Handler
    startup_stm32f10x_md.o(RESET) refers to stm32f10x_it.o(i.MemManage_Handler) for MemManage_Handler
    startup_stm32f10x_md.o(RESET) refers to stm32f10x_it.o(i.BusFault_Handler) for BusFault_Handler
    startup_stm32f10x_md.o(RESET) refers to stm32f10x_it.o(i.UsageFault_Handler) for UsageFault_Handler
    startup_stm32f10x_md.o(RESET) refers to port.o(.emb_text) for SVC_Handler
    startup_stm32f10x_md.o(RESET) refers to stm32f10x_it.o(i.DebugMon_Handler) for DebugMon_Handler
    startup_stm32f10x_md.o(RESET) refers to delay.o(i.SysTick_Handler) for SysTick_Handler
    startup_stm32f10x_md.o(RESET) refers to adc_ps2.o(i.DMA1_Channel1_IRQHandler) for DMA1_Channel1_IRQHandler
    startup_stm32f10x_md.o(RESET) refers to si24r1.o(i.EXTI9_5_IRQHandler) for EXTI9_5_IRQHandler
    startup_stm32f10x_md.o(RESET) refers to key.o(i.TIM2_IRQHandler) for TIM2_IRQHandler
    startup_stm32f10x_md.o(.text) refers to system_stm32f10x.o(i.SystemInit) for SystemInit
    startup_stm32f10x_md.o(.text) refers to entry.o(.ARM.Collect$$$$00000000) for __main
    system_stm32f10x.o(i.SystemCoreClockUpdate) refers to system_stm32f10x.o(.data) for .data
    stm32f10x_adc.o(i.ADC_DeInit) refers to stm32f10x_rcc.o(i.RCC_APB2PeriphResetCmd) for RCC_APB2PeriphResetCmd
    stm32f10x_bkp.o(i.BKP_DeInit) refers to stm32f10x_rcc.o(i.RCC_BackupResetCmd) for RCC_BackupResetCmd
    stm32f10x_can.o(i.CAN_DeInit) refers to stm32f10x_rcc.o(i.RCC_APB1PeriphResetCmd) for RCC_APB1PeriphResetCmd
    stm32f10x_cec.o(i.CEC_DeInit) refers to stm32f10x_rcc.o(i.RCC_APB1PeriphResetCmd) for RCC_APB1PeriphResetCmd
    stm32f10x_dac.o(i.DAC_DeInit) refers to stm32f10x_rcc.o(i.RCC_APB1PeriphResetCmd) for RCC_APB1PeriphResetCmd
    stm32f10x_flash.o(i.FLASH_EnableWriteProtection) refers to stm32f10x_flash.o(i.FLASH_WaitForLastOperation) for FLASH_WaitForLastOperation
    stm32f10x_flash.o(i.FLASH_EraseAllBank1Pages) refers to stm32f10x_flash.o(i.FLASH_WaitForLastBank1Operation) for FLASH_WaitForLastBank1Operation
    stm32f10x_flash.o(i.FLASH_EraseAllPages) refers to stm32f10x_flash.o(i.FLASH_WaitForLastOperation) for FLASH_WaitForLastOperation
    stm32f10x_flash.o(i.FLASH_EraseOptionBytes) refers to stm32f10x_flash.o(i.FLASH_WaitForLastOperation) for FLASH_WaitForLastOperation
    stm32f10x_flash.o(i.FLASH_ErasePage) refers to stm32f10x_flash.o(i.FLASH_WaitForLastOperation) for FLASH_WaitForLastOperation
    stm32f10x_flash.o(i.FLASH_ProgramHalfWord) refers to stm32f10x_flash.o(i.FLASH_WaitForLastOperation) for FLASH_WaitForLastOperation
    stm32f10x_flash.o(i.FLASH_ProgramOptionByteData) refers to stm32f10x_flash.o(i.FLASH_WaitForLastOperation) for FLASH_WaitForLastOperation
    stm32f10x_flash.o(i.FLASH_ProgramWord) refers to stm32f10x_flash.o(i.FLASH_WaitForLastOperation) for FLASH_WaitForLastOperation
    stm32f10x_flash.o(i.FLASH_ReadOutProtection) refers to stm32f10x_flash.o(i.FLASH_WaitForLastOperation) for FLASH_WaitForLastOperation
    stm32f10x_flash.o(i.FLASH_UserOptionByteConfig) refers to stm32f10x_flash.o(i.FLASH_WaitForLastOperation) for FLASH_WaitForLastOperation
    stm32f10x_gpio.o(i.GPIO_AFIODeInit) refers to stm32f10x_rcc.o(i.RCC_APB2PeriphResetCmd) for RCC_APB2PeriphResetCmd
    stm32f10x_gpio.o(i.GPIO_DeInit) refers to stm32f10x_rcc.o(i.RCC_APB2PeriphResetCmd) for RCC_APB2PeriphResetCmd
    stm32f10x_i2c.o(i.I2C_DeInit) refers to stm32f10x_rcc.o(i.RCC_APB1PeriphResetCmd) for RCC_APB1PeriphResetCmd
    stm32f10x_i2c.o(i.I2C_Init) refers to stm32f10x_rcc.o(i.RCC_GetClocksFreq) for RCC_GetClocksFreq
    stm32f10x_pwr.o(i.PWR_DeInit) refers to stm32f10x_rcc.o(i.RCC_APB1PeriphResetCmd) for RCC_APB1PeriphResetCmd
    stm32f10x_rcc.o(i.RCC_GetClocksFreq) refers to stm32f10x_rcc.o(.data) for .data
    stm32f10x_spi.o(i.I2S_Init) refers to stm32f10x_rcc.o(i.RCC_GetClocksFreq) for RCC_GetClocksFreq
    stm32f10x_spi.o(i.SPI_I2S_DeInit) refers to stm32f10x_rcc.o(i.RCC_APB1PeriphResetCmd) for RCC_APB1PeriphResetCmd
    stm32f10x_spi.o(i.SPI_I2S_DeInit) refers to stm32f10x_rcc.o(i.RCC_APB2PeriphResetCmd) for RCC_APB2PeriphResetCmd
    stm32f10x_tim.o(i.TIM_DeInit) refers to stm32f10x_rcc.o(i.RCC_APB2PeriphResetCmd) for RCC_APB2PeriphResetCmd
    stm32f10x_tim.o(i.TIM_DeInit) refers to stm32f10x_rcc.o(i.RCC_APB1PeriphResetCmd) for RCC_APB1PeriphResetCmd
    stm32f10x_tim.o(i.TIM_ICInit) refers to stm32f10x_tim.o(i.TI2_Config) for TI2_Config
[...]
    i.TIM_GetITStatus                        0x08001e36   Section        0  stm32f10x_tim.o(i.TIM_GetITStatus)
    i.TIM_ITConfig                           0x08001e4c   Section        0  stm32f10x_tim.o(i.TIM_ITConfig)
    i.TIM_InternalClockConfig                0x08001e5c   Section        0  stm32f10x_tim.o(i.TIM_InternalClockConfig)
    i.TIM_OC4Init                            0x08001e66   Section        0  stm32f10x_tim.o(i.TIM_OC4Init)
    i.TIM_OC4PreloadConfig                   0x08001ece   Section        0  stm32f10x_tim.o(i.TIM_OC4PreloadConfig)
    i.TIM_OCTigrConfig                       0x08001ee4   Section        0  timer.o(i.TIM_OCTigrConfig)
    i.TIM_TimeBaseInit                       0x08001f54   Section        0  stm32f10x_tim.o(i.TIM_TimeBaseInit)
    i.Task1                                  0x08001ff0   Section        0  main.o(i.Task1)
    i.USART_GetFlagStatus                    0x08002030   Section        0  stm32f10x_usart.o(i.USART_GetFlagStatus)
    i.USART_SendData                         0x0800203e   Section        0  stm32f10x_usart.o(i.USART_SendData)
    i.UsageFault_Handler                     0x08002046   Section        0  stm32f10x_it.o(i.UsageFault_Handler)
    i.__0printf                              0x08002048   Section        0  printfa.o(i.__0printf)
    i.__0sprintf                             0x08002068   Section        0  printfa.o(i.__0sprintf)
    i.__scatterload_copy                     0x08002090   Section       14  handlers.o(i.__scatterload_copy)
    i.__scatterload_null                     0x0800209e   Section        2  handlers.o(i.__scatterload_null)
    i.__scatterload_zeroinit                 0x080020a0   Section       14  handlers.o(i.__scatterload_zeroinit)
    i._fp_digits                             0x080020b0   Section        0  printfa.o(i._fp_digits)
    _fp_digits                               0x080020b1   Thumb Code   366  printfa.o(i._fp_digits)
    i._printf_core                           0x08002234   Section        0  printfa.o(i._printf_core)
    _printf_core                             0x08002235   Thumb Code  1744  printfa.o(i._printf_core)
    i._printf_post_padding                   0x08002910   Section        0  printfa.o(i._printf_post_padding)
    _printf_post_padding                     0x08002911   Thumb Code    36  printfa.o(i._printf_post_padding)
    i._printf_pre_padding                    0x08002934   Section        0  printfa.o(i._printf_pre_padding)
    _printf_pre_padding                      0x08002935   Thumb Code    46  printfa.o(i._printf_pre_padding)
    i._sputc                                 0x08002962   Section        0  printfa.o(i._sputc)
    _sputc                                   0x08002963   Thumb Code    10  printfa.o(i._sputc)
    i.fputc                                  0x0800296c   Section        0  usart.o(i.fputc)
    i.i2c_write_bit                          0x08002990   Section        0  u8x8_byte.o(i.i2c_write_bit)
    i2c_write_bit                            0x08002991   Thumb Code    72  u8x8_byte.o(i.i2c_write_bit)
    i.main                                   0x080029d8   Section        0  main.o(i.main)
    i.prvAddCurrentTaskToDelayedList         0x08002a50   Section        0  tasks.o(i.prvAddCurrentTaskToDelayedList)
    prvAddCurrentTaskToDelayedList           0x08002a51   Thumb Code   108  tasks.o(i.prvAddCurrentTaskToDelayedList)
    i.prvIdleTask                            0x08002ac4   Section        0  tasks.o(i.prvIdleTask)
    prvIdleTask                              0x08002ac5   Thumb Code   108  tasks.o(i.prvIdleTask)
    i.prvSampleTimeNow                       0x08002b3c   Section        0  timers.o(i.prvSampleTimeNow)
    prvSampleTimeNow                         0x08002b3d   Thumb Code   162  timers.o(i.prvSampleTimeNow)
    i.prvTaskExitError                       0x08002be4   Section        0  port.o(i.prvTaskExitError)
    prvTaskExitError                         0x08002be5   Thumb Code    16  port.o(i.prvTaskExitError)
    i.prvTimerTask                           0x08002bf4   Section        0  timers.o(i.prvTimerTask)
    prvTimerTask                             0x08002bf5   Thumb Code   600  timers.o(i.prvTimerTask)
    i.prvUnlockQueue                         0x08002e54   Section        0  queue.o(i.prvUnlockQueue)
    prvUnlockQueue                           0x08002e55   Thumb Code   108  queue.o(i.prvUnlockQueue)
    i.pvPortMalloc                           0x08002ec0   Section        0  heap_4.o(i.pvPortMalloc)
    i.pxPortInitialiseStack                  0x08003004   Section        0  port.o(i.pxPortInitialiseStack)
    i.u8g2Init                               0x08003028   Section        0  i2c.o(i.u8g2Init)
    i.u8g2_ClearBuffer                       0x0800305c   Section        0  u8g2_buffer.o(i.u8g2_ClearBuffer)
    i.u8g2_DrawGlyph                         0x0800306e   Section        0  u8g2_font.o(i.u8g2_DrawGlyph)
    i.u8g2_DrawHVLine                        0x080030dc   Section        0  u8g2_hvline.o(i.u8g2_DrawHVLine)
    i.u8g2_DrawUTF8                          0x080031b0   Section        0  u8g2_font.o(i.u8g2_DrawUTF8)
    i.u8g2_IsIntersection                    0x080031c0   Section        0  u8g2_intersection.o(i.u8g2_IsIntersection)
    i.u8g2_SendBuffer                        0x0800320e   Section        0  u8g2_buffer.o(i.u8g2_SendBuffer)
    i.u8g2_SetFont                           0x08003262   Section        0  u8g2_font.o(i.u8g2_SetFont)
    i.u8g2_SetFontPosBaseline                0x08003284   Section        0  u8g2_font.o(i.u8g2_SetFontPosBaseline)
    i.u8g2_SetupBuffer                       0x08003290   Section        0  u8g2_setup.o(i.u8g2_SetupBuffer)
    i.u8g2_Setup_ssd1306_i2c_128x64_noname_f 0x080032ec   Section        0  u8g2_d_setup.o(i.u8g2_Setup_ssd1306_i2c_128x64_noname_f)
    i.u8g2_UpdateRefHeight                   0x08003328   Section        0  u8g2_font.o(i.u8g2_UpdateRefHeight)
    i.u8g2_apply_clip_window                 0x08003388   Section        0  u8g2_setup.o(i.u8g2_apply_clip_window)
    u8g2_apply_clip_window                   0x08003389   Thumb Code   112  u8g2_setup.o(i.u8g2_apply_clip_window)
    i.u8g2_draw_hv_line_2dir                 0x080033f8   Section        0  u8g2_hvline.o(i.u8g2_draw_hv_line_2dir)
    i.u8g2_draw_l90_r0                       0x08003410   Section        0  u8g2_setup.o(i.u8g2_draw_l90_r0)
    i.u8g2_draw_string                       0x08003420   Section        0  u8g2_font.o(i.u8g2_draw_string)
    u8g2_draw_string                         0x08003421   Thumb Code   228  u8g2_font.o(i.u8g2_draw_string)
    i.u8g2_font_calc_vref_font               0x08003504   Section        0  u8g2_font.o(i.u8g2_font_calc_vref_font)
    i.u8g2_font_decode_get_unsigned_bits     0x08003508   Section        0  u8g2_font.o(i.u8g2_font_decode_get_unsigned_bits)
    i.u8g2_font_decode_glyph                 0x0800354c   Section        0  u8g2_font.o(i.u8g2_font_decode_glyph)
    i.u8g2_font_get_glyph_data               0x0800395c   Section        0  u8g2_font.o(i.u8g2_font_get_glyph_data)
    i.u8g2_ll_hvline_vertical_top_lsb        0x080039da   Section        0  u8g2_ll_hvline.o(i.u8g2_ll_hvline_vertical_top_lsb)
    i.u8g2_m_16_8_f                          0x08003ac0   Section        0  u8g2_d_memory.o(i.u8g2_m_16_8_f)
    i.u8g2_read_font_info                    0x08003acc   Section        0  u8g2_font.o(i.u8g2_read_font_info)
    i.u8g2_update_dimension_common           0x08003b3e   Section        0  u8g2_setup.o(i.u8g2_update_dimension_common)
    u8g2_update_dimension_common             0x08003b3f   Thumb Code    82  u8g2_setup.o(i.u8g2_update_dimension_common)
    i.u8g2_update_dimension_r0               0x08003b90   Section        0  u8g2_setup.o(i.u8g2_update_dimension_r0)
    i.u8g2_update_page_win_r0                0x08003b94   Section        0  u8g2_setup.o(i.u8g2_update_page_win_r0)
    i.u8x8_DrawTile                          0x08003bb6   Section        0  u8x8_display.o(i.u8x8_DrawTile)
    i.u8x8_InitDisplay                       0x08003bde   Section        0  u8x8_display.o(i.u8x8_InitDisplay)
    i.u8x8_RefreshDisplay                    0x08003bea   Section        0  u8x8_display.o(i.u8x8_RefreshDisplay)
    i.u8x8_SetPowerSave                      0x08003bf6   Section        0  u8x8_display.o(i.u8x8_SetPowerSave)
    i.u8x8_Setup                             0x08003c02   Section        0  u8x8_setup.o(i.u8x8_Setup)
    i.u8x8_SetupMemory                       0x08003c34   Section        0  u8x8_display.o(i.u8x8_SetupMemory)
    i.u8x8_byte_EndTransfer                  0x08003c40   Section        0  u8x8_byte.o(i.u8x8_byte_EndTransfer)
    i.u8x8_byte_SendByte                     0x08003c4c   Section        0  u8x8_byte.o(i.u8x8_byte_SendByte)
    i.u8x8_byte_StartTransfer                0x08003c5e   Section        0  u8x8_byte.o(i.u8x8_byte_StartTransfer)
    i.u8x8_byte_sw_i2c                       0x08003c6a   Section        0  u8x8_byte.o(i.u8x8_byte_sw_i2c)
    i.u8x8_cad_EndTransfer                   0x08003eba   Section        0  u8x8_cad.o(i.u8x8_cad_EndTransfer)
    i.u8x8_cad_SendArg                       0x08003ec6   Section        0  u8x8_cad.o(i.u8x8_cad_SendArg)
    i.u8x8_cad_SendCmd                       0x08003ed2   Section        0  u8x8_cad.o(i.u8x8_cad_SendCmd)
    i.u8x8_cad_SendData                      0x08003ede   Section        0  u8x8_cad.o(i.u8x8_cad_SendData)
    i.u8x8_cad_SendSequence                  0x08003eec   Section        0  u8x8_cad.o(i.u8x8_cad_SendSequence)
    i.u8x8_cad_StartTransfer                 0x08003f60   Section        0  u8x8_cad.o(i.u8x8_cad_StartTransfer)
    i.u8x8_cad_ssd13xx_fast_i2c              0x08003f6c   Section        0  u8x8_cad.o(i.u8x8_cad_ssd13xx_fast_i2c)
    i.u8x8_d_helper_display_init             0x0800406c   Section        0  u8x8_display.o(i.u8x8_d_helper_display_init)
    i.u8x8_d_helper_display_setup_memory     0x080040d0   Section        0  u8x8_display.o(i.u8x8_d_helper_display_setup_memory)
    i.u8x8_d_ssd1306_128x64_noname           0x080040dc   Section        0  u8x8_d_ssd1306_128x64_noname.o(i.u8x8_d_ssd1306_128x64_noname)
    i.u8x8_d_ssd1306_sh1106_generic          0x08004118   Section        0  u8x8_d_ssd1306_128x64_noname.o(i.u8x8_d_ssd1306_sh1106_generic)
    u8x8_d_ssd1306_sh1106_generic            0x08004119   Thumb Code   198  u8x8_d_ssd1306_128x64_noname.o(i.u8x8_d_ssd1306_sh1106_generic)
    i.u8x8_gpio_and_delay                    0x080041f0   Section        0  i2c.o(i.u8x8_gpio_and_delay)
    i.u8x8_gpio_call                         0x080042a0   Section        0  u8x8_gpio.o(i.u8x8_gpio_call)
    i.u8x8_utf8_init                         0x080042a8   Section        0  u8x8_8x8.o(i.u8x8_utf8_init)
    i.u8x8_utf8_next                         0x080042b0   Section        0  u8x8_8x8.o(i.u8x8_utf8_next)
    i.uxListRemove                           0x08004346   Section        0  list.o(i.uxListRemove)
    i.vListInitialise                        0x0800436a   Section        0  list.o(i.vListInitialise)
    i.vListInitialiseItem                    0x08004380   Section        0  list.o(i.vListInitialiseItem)
    i.vListInsert                            0x08004388   Section        0  list.o(i.vListInsert)
    i.vListInsertEnd                         0x080043c2   Section        0  list.o(i.vListInsertEnd)
    i.vPortEnterCritical                     0x080043dc   Section        0  port.o(i.vPortEnterCritical)
    i.vPortExitCritical                      0x080043f8   Section        0  port.o(i.vPortExitCritical)
    i.vPortFree                              0x08004410   Section        0  heap_4.o(i.vPortFree)
    i.vQueueWaitForMessageRestricted         0x08004498   Section        0  queue.o(i.vQueueWaitForMessageRestricted)
    i.vTaskDelay                             0x080044e4   Section        0  tasks.o(i.vTaskDelay)
    i.vTaskDelete                            0x0800451c   Section        0  tasks.o(i.vTaskDelete)
    i.vTaskMissedYield                       0x080045dc   Section        0  tasks.o(i.vTaskMissedYield)
    i.vTaskPlaceOnEventList                  0x080045e8   Section        0  tasks.o(i.vTaskPlaceOnEventList)
    i.vTaskPlaceOnEventListRestricted        0x08004608   Section        0  tasks.o(i.vTaskPlaceOnEventListRestricted)
    i.vTaskSetTimeOutState                   0x08004638   Section        0  tasks.o(i.vTaskSetTimeOutState)
    i.vTaskStartScheduler                    0x08004648   Section        0  tasks.o(i.vTaskStartScheduler)
    i.vTaskSuspendAll                        0x080046b0   Section        0  tasks.o(i.vTaskSuspendAll)
    i.vTaskSwitchContext                     0x080046c0   Section        0  tasks.o(i.vTaskSwitchContext)
    i.xPortStartScheduler                    0x08004708   Section        0  port.o(i.xPortStartScheduler)
    i.xPortSysTickHandler                    0x08004744   Section        0  port.o(i.xPortSysTickHandler)
    i.xQueueGenericCreate                    0x08004770   Section        0  queue.o(i.xQueueGenericCreate)
    i.xQueueGenericReceive                   0x080047e8   Section        0  queue.o(i.xQueueGenericReceive)
    i.xQueueGenericSend                      0x08004a6c   Section        0  queue.o(i.xQueueGenericSend)
    i.xTaskCheckForTimeOut                   0x08004cec   Section        0  tasks.o(i.xTaskCheckForTimeOut)
    i.xTaskCreate                            0x08004d3c   Section        0  tasks.o(i.xTaskCreate)
    i.xTaskGetSchedulerState                 0x08004ebc   Section        0  tasks.o(i.xTaskGetSchedulerState)
    i.xTaskGetTickCount                      0x08004ed8   Section        0  tasks.o(i.xTaskGetTickCount)
    i.xTaskIncrementTick                     0x08004ee4   Section        0  tasks.o(i.xTaskIncrementTick)
    i.xTaskRemoveFromEventList               0x08004fb8   Section        0  tasks.o(i.xTaskRemoveFromEventList)
    i.xTaskResumeAll                         0x0800501c   Section        0  tasks.o(i.xTaskResumeAll)
    i.xTimerCreateTimerTask                  0x080051b4   Section        0  timers.o(i.xTimerCreateTimerTask)
    .constdata                               0x08005228   Section     2000  u8g2_fonts.o(.constdata)
    .constdata                               0x080059f8   Section     5617  u8g2_fonts.o(.constdata)
    .constdata                               0x08006fec   Section       12  u8g2_setup.o(.constdata)
    .constdata                               0x08006ff8   Section      344  u8x8_d_ssd1306_128x64_noname.o(.constdata)
    u8x8_d_ssd1306_128x64_noname_powersave0_seq 0x08006ff8   Data           5  u8x8_d_ssd1306_128x64_noname.o(.constdata)
    u8x8_d_ssd1306_128x64_noname_powersave1_seq 0x08006ffd   Data           5  u8x8_d_ssd1306_128x64_noname.o(.constdata)
    u8x8_d_ssd1306_128x64_noname_flip0_seq   0x08007002   Data           7  u8x8_d_ssd1306_128x64_noname.o(.constdata)
    u8x8_d_ssd1306_128x64_noname_flip1_seq   0x08007009   Data           7  u8x8_d_ssd1306_128x64_noname.o(.constdata)
    u8x8_d_ssd1312_128x64_noname_flip0_seq   0x08007010   Data           7  u8x8_d_ssd1306_128x64_noname.o(.constdata)
    u8x8_d_ssd1312_128x64_noname_flip1_seq   0x08007017   Data           7  u8x8_d_ssd1306_128x64_noname.o(.constdata)
    u8x8_d_ssd1306_128x64_noname_init_seq    0x0800701e   Data          53  u8x8_d_ssd1306_128x64_noname.o(.constdata)
    u8x8_d_ssd1306_128x64_vcomh0_init_seq    0x08007053   Data          53  u8x8_d_ssd1306_128x64_noname.o(.constdata)
    u8x8_d_ssd1306_128x64_alt0_init_seq      0x08007088   Data          53  u8x8_d_ssd1306_128x64_noname.o(.constdata)
    u8x8_d_sh1106_128x64_winstar_init_seq    0x080070bd   Data          45  u8x8_d_ssd1306_128x64_noname.o(.constdata)
    u8x8_d_ssd1312_128x64_noname_init_seq    0x080070ea   Data          53  u8x8_d_ssd1306_128x64_noname.o(.constdata)
    u8x8_ssd1306_128x64_noname_display_info  0x08007120   Data          24  u8x8_d_ssd1306_128x64_noname.o(.constdata)
    u8x8_sh1106_128x64_noname_display_info   0x08007138   Data          24  u8x8_d_ssd1306_128x64_noname.o(.constdata)
    .data                                    0x20000000   Section       20  system_stm32f10x.o(.data)
    .data                                    0x20000014   Section        8  delay.o(.data)
    .data                                    0x2000001c   Section        1  key.o(.data)
    .data                                    0x20000020   Section       44  adc_ps2.o(.data)
    cnt                                      0x20000021   Data           1  adc_ps2.o(.data)
    temp1                                    0x20000024   Data           4  adc_ps2.o(.data)
    temp2                                    0x20000028   Data           4  adc_ps2.o(.data)
    temp3                                    0x2000002c   Data           4  adc_ps2.o(.data)
    temp4                                    0x20000030   Data           4  adc_ps2.o(.data)
    .data                                    0x2000004c   Section       12  si24r1.o(.data)
    .data                                    0x20000058   Section        1  displayoled.o(.data)
    .data                                    0x2000005c   Section       16  main.o(.data)
    .data                                    0x2000006c   Section       60  tasks.o(.data)
    uxDeletedTasksWaitingCleanUp             0x20000070   Data           4  tasks.o(.data)
    uxCurrentNumberOfTasks                   0x20000074   Data           4  tasks.o(.data)
    xTickCount                               0x20000078   Data           4  tasks.o(.data)
    uxTopReadyPriority                       0x2000007c   Data           4  tasks.o(.data)
    xSchedulerRunning                        0x20000080   Data           4  tasks.o(.data)
    uxPendedTicks                            0x20000084   Data           4  tasks.o(.data)
    xYieldPending                            0x20000088   Data           4  tasks.o(.data)
    xNumOfOverflows                          0x2000008c   Data           4  tasks.o(.data)
    uxTaskNumber                             0x20000090   Data           4  tasks.o(.data)
    xNextTaskUnblockTime                     0x20000094   Data           4  tasks.o(.data)
    xIdleTaskHandle                          0x20000098   Data           4  tasks.o(.data)
    uxSchedulerSuspended                     0x2000009c   Data           4  tasks.o(.data)
    pxDelayedTaskList                        0x200000a0   Data           4  tasks.o(.data)
    pxOverflowDelayedTaskList                0x200000a4   Data           4  tasks.o(.data)
    .data                                    0x200000a8   Section       20  timers.o(.data)
    xTimerQueue                              0x200000a8   Data           4  timers.o(.data)
    xTimerTaskHandle                         0x200000ac   Data           4  timers.o(.data)
    xLastTime                                0x200000b0   Data           4  timers.o(.data)
    pxCurrentTimerList                       0x200000b4   Data           4  timers.o(.data)
    pxOverflowTimerList                      0x200000b8   Data           4  timers.o(.data)
    .data                                    0x200000bc   Section        4  port.o(.data)
    uxCriticalNesting                        0x200000bc   Data           4  port.o(.data)
    .data                                    0x200000c0   Section       24  heap_4.o(.data)
    pxEnd                                    0x200000c0   Data           4  heap_4.o(.data)
    xFreeBytesRemaining                      0x200000c4   Data           4  heap_4.o(.data)
    xMinimumEverFreeBytesRemaining           0x200000c8   Data           4  heap_4.o(.data)
    xBlockAllocatedBit                       0x200000cc   Data           4  heap_4.o(.data)
    xStart                                   0x200000d0   Data           8  heap_4.o(.data)
    .data                                    0x200000d8   Section        6  u8x8_cad.o(.data)
    in_transfer                              0x200000d8   Data           1  u8x8_cad.o(.data)
    in_transfer                              0x200000d9   Data           1  u8x8_cad.o(.data)
    in_transfer                              0x200000da   Data           1  u8x8_cad.o(.data)
    is_data                                  0x200000db   Data           1  u8x8_cad.o(.data)
    in_transfer                              0x200000dc   Data           1  u8x8_cad.o(.data)
    is_data                                  0x200000dd   Data           1  u8x8_cad.o(.data)
    .data                                    0x200000e0   Section        4  stdout.o(.data)
    .bss                                     0x200000e4   Section       24  key.o(.bss)
    .bss                                     0x200000fc   Section       12  adc_ps2.o(.bss)
    .bss                                     0x20000108   Section       32  si24r1.o(.bss)
    .bss                                     0x20000128   Section       50  displayoled.o(.bss)
    .bss                                     0x2000015c   Section      148  main.o(.bss)
    .bss                                     0x200001f0   Section      200  tasks.o(.bss)
    pxReadyTasksLists                        0x200001f0   Data         100  tasks.o(.bss)
    xDelayedTaskList1                        0x20000254   Data          20  tasks.o(.bss)
    xDelayedTaskList2                        0x20000268   Data          20  tasks.o(.bss)
    xPendingReadyList                        0x2000027c   Data          20  tasks.o(.bss)
    xTasksWaitingTermination                 0x20000290   Data          20  tasks.o(.bss)
    xSuspendedTaskList                       0x200002a4   Data          20  tasks.o(.bss)
    .bss                                     0x200002b8   Section       40  timers.o(.bss)
    xActiveTimerList1                        0x200002b8   Data          20  timers.o(.bss)
    xActiveTimerList2                        0x200002cc   Data          20  timers.o(.bss)
    .bss                                     0x200002e0   Section    10240  heap_4.o(.bss)
    ucHeap                                   0x200002e0   Data       10240  heap_4.o(.bss)
    .bss                                     0x20002ae0   Section     1024  u8g2_d_memory.o(.bss)
    buf                                      0x20002ae0   Data        1024  u8g2_d_memory.o(.bss)
    .bss                                     0x20002ee0   Section       16  remote.o(.bss)
    STACK                                    0x20002ef0   Section     1024  startup_stm32f10x_md.o(STACK)

    Global Symbols

    Symbol Name                              Value     Ov Type        Size  Object(Section)

    BuildAttributes$$THM_ISAv4$P$D$K$B$S$PE$A:L22UL41UL21$X:L11$S22US41US21$IEEE1$IW$USESV6$~STKCKD$USESV7$~SHL$OTIME$ROPI$EBA8$MICROLIB$REQ8$PRES8$EABIv2 0x00000000   Number         0  anon$$obj.o ABSOLUTE
    __ARM_use_no_argv                        0x00000000   Number         0  main.o ABSOLUTE
    _printf_a                                0x00000000   Number         0  stubs.o ABSOLUTE
    _printf_c                                0x00000000   Number         0  stubs.o ABSOLUTE
    _printf_charcount                        0x00000000   Number         0  stubs.o ABSOLUTE
    _printf_d                                0x00000000   Number         0  stubs.o ABSOLUTE
    _printf_e                                0x00000000   Number         0  stubs.o ABSOLUTE
    _printf_f                                0x00000000   Number         0  stubs.o ABSOLUTE
    _printf_flags                            0x00000000   Number         0  stubs.o ABSOLUTE
    _printf_fp_dec                           0x00000000   Number         0  stubs.o ABSOLUTE
    _printf_fp_hex                           0x00000000   Number         0  stubs.o ABSOLUTE
    _printf_g                                0x00000000   Number         0  stubs.o ABSOLUTE
    _printf_i                                0x00000000   Number         0  stubs.o ABSOLUTE
    _printf_int_dec                          0x00000000   Number         0  stubs.o ABSOLUTE
    _printf_l                                0x00000000   Number         0  stubs.o ABSOLUTE
    _printf_lc                               0x00000000   Number         0  stubs.o ABSOLUTE
    _printf_ll                               0x00000000   Number         0  stubs.o ABSOLUTE
    _printf_lld                              0x00000000   Number         0  stubs.o ABSOLUTE
    _printf_lli                              0x00000000   Number         0  stubs.o ABSOLUTE
    _printf_llo                              0x00000000   Number         0  stubs.o ABSOLUTE
    _printf_llu                              0x00000000   Number         0  stubs.o ABSOLUTE
    _printf_llx                              0x00000000   Number         0  stubs.o ABSOLUTE
    _printf_longlong_dec                     0x00000000   Number         0  stubs.o ABSOLUTE
    _printf_longlong_hex                     0x00000000   Number         0  stubs.o ABSOLUTE
    _printf_longlong_oct                     0x00000000   Number         0  stubs.o ABSOLUTE
    _printf_ls                               0x00000000   Number         0  stubs.o ABSOLUTE
    _printf_mbtowc                           0x00000000   Number         0  stubs.o ABSOLUTE
    _printf_n                                0x00000000   Number         0  stubs.o ABSOLUTE
    _printf_o                                0x00000000   Number         0  stubs.o ABSOLUTE
    _printf_p                                0x00000000   Number         0  stubs.o ABSOLUTE
    _printf_percent                          0x00000000   Number         0  stubs.o ABSOLUTE
    _printf_pre_padding                      0x00000000   Number         0  stubs.o ABSOLUTE
    _printf_return_value                     0x00000000   Number         0  stubs.o ABSOLUTE
    _printf_s                                0x00000000   Number         0  stubs.o ABSOLUTE
    _printf_sizespec                         0x00000000   Number         0  stubs.o ABSOLUTE
    _printf_str                              0x00000000   Number         0  stubs.o ABSOLUTE
    _printf_truncate_signed                  0x00000000   Number         0  stubs.o ABSOLUTE
    _printf_truncate_unsigned                0x00000000   Number         0  stubs.o ABSOLUTE
    _printf_u                                0x00000000   Number         0  stubs.o ABSOLUTE
    _printf_wc                               0x00000000   Number         0  stubs.o ABSOLUTE
    _printf_wctomb                           0x00000000   Number         0  stubs.o ABSOLUTE
    _printf_widthprec                        0x00000000   Number         0  stubs.o ABSOLUTE
    _printf_x                                0x00000000   Number         0  stubs.o ABSOLUTE
    __cpp_initialize__aeabi_                  - Undefined Weak Reference
    __cxa_finalize                            - Undefined Weak Reference
    __decompress                              - Undefined Weak Reference
    _clock_init                               - Undefined Weak Reference
    _microlib_exit                            - Undefined Weak Reference
    __Vectors_Size                           0x000000ec   Number         0  startup_stm32f10x_md.o ABSOLUTE
    __Vectors                                0x08000000   Data           4  startup_stm32f10x_md.o(RESET)
    __Vectors_End                            0x080000ec   Data           0  startup_stm32f10x_md.o(RESET)
    __main                                   0x080000ed   Thumb Code     0  entry.o(.ARM.Collect$$$$00000000)
    _main_stk                                0x080000ed   Thumb Code     0  entry2.o(.ARM.Collect$$$$00000001)
    _main_scatterload                        0x080000f1   Thumb Code     0  entry5.o(.ARM.Collect$$$$00000004)
    __main_after_scatterload                 0x080000f5   Thumb Code     0  entry5.o(.ARM.Collect$$$$00000004)
    _main_clock                              0x080000f5   Thumb Code     0  entry7b.o(.ARM.Collect$$$$00000008)
    _main_cpp_init                           0x080000f5   Thumb Code     0  entry8b.o(.ARM.Collect$$$$0000000A)
    _main_init                               0x080000f5   Thumb Code     0  entry9a.o(.ARM.Collect$$$$0000000B)
    __rt_final_cpp                           0x080000fd   Thumb Code     0  entry10a.o(.ARM.Collect$$$$0000000D)
    __rt_final_exit                          0x080000fd   Thumb Code     0  entry11a.o(.ARM.Collect$$$$0000000F)
    SVC_Handler                              0x08000101   Thumb Code    32  port.o(.emb_text)
    __asm___6_port_c_39a90d8d__prvStartFirstTask 0x08000125   Thumb Code    28  port.o(.emb_text)
    PendSV_Handler                           0x08000145   Thumb Code    72  port.o(.emb_text)
    vPortGetIPSR                             0x08000191   Thumb Code     6  port.o(.emb_text)
    Reset_Handler                            0x08000199   Thumb Code     8  startup_stm32f10x_md.o(.text)
    ADC1_2_IRQHandler                        0x080001b3   Thumb Code     0  startup_stm32f10x_md.o(.text)
    CAN1_RX1_IRQHandler                      0x080001b3   Thumb Code     0  startup_stm32f10x_md.o(.text)
    CAN1_SCE_IRQHandler                      0x080001b3   Thumb Code     0  startup_stm32f10x_md.o(.text)
    DMA1_Channel2_IRQHandler                 0x080001b3   Thumb Code     0  startup_stm32f10x_md.o(.text)
    DMA1_Channel3_IRQHandler                 0x080001b3   Thumb Code     0  startup_stm32f10x_md.o(.text)
    DMA1_Channel4_IRQHandler                 0x080001b3   Thumb Code     0  startup_stm32f10x_md.o(.text)
    DMA1_Channel5_IRQHandler                 0x080001b3   Thumb Code     0  startup_stm32f10x_md.o(.text)
    DMA1_Channel6_IRQHandler                 0x080001b3   Thumb Code     0  startup_stm32f10x_md.o(.text)
    DMA1_Channel7_IRQHandler                 0x080001b3   Thumb Code     0  startup_stm32f10x_md.o(.text)
    EXTI0_IRQHandler                         0x080001b3   Thumb Code     0  startup_stm32f10x_md.o(.text)
    EXTI15_10_IRQHandler                     0x080001b3   Thumb Code     0  startup_stm32f10x_md.o(.text)
    EXTI1_IRQHandler                         0x080001b3   Thumb Code     0  startup_stm32f10x_md.o(.text)
    EXTI2_IRQHandler                         0x080001b3   Thumb Code     0  startup_stm32f10x_md.o(.text)
    EXTI3_IRQHandler                         0x080001b3   Thumb Code     0  startup_stm32f10x_md.o(.text)
    EXTI4_IRQHandler                         0x080001b3   Thumb Code     0  startup_stm32f10x_md.o(.text)
    FLASH_IRQHandler                         0x080001b3   Thumb Code     0  startup_stm32f10x_md.o(.text)
    I2C1_ER_IRQHandler                       0x080001b3   Thumb Code     0  startup_stm32f10x_md.o(.text)
    I2C1_EV_IRQHandler                       0x080001b3   Thumb Code     0  startup_stm32f10x_md.o(.text)
    I2C2_ER_IRQHandler                       0x080001b3   Thumb Code     0  startup_stm32f10x_md.o(.text)
    I2C2_EV_IRQHandler                       0x080001b3   Thumb Code     0  startup_stm32f10x_md.o(.text)
    PVD_IRQHandler                           0x080001b3   Thumb Code     0  startup_stm32f10x_md.o(.text)
    RCC_IRQHandler                           0x080001b3   Thumb Code     0  startup_stm32f10x_md.o(.text)
    RTCAlarm_IRQHandler                      0x080001b3   Thumb Code     0  startup_stm32f10x_md.o(.text)
    RTC_IRQHandler                           0x080001b3   Thumb Code     0  startup_stm32f10x_md.o(.text)
    SPI1_IRQHandler                          0x080001b3   Thumb Code     0  startup_stm32f10x_md.o(.text)
    SPI2_IRQHandler                          0x080001b3   Thumb Code     0  startup_stm32f10x_md.o(.text)
    TAMPER_IRQHandler                        0x080001b3   Thumb Code     0  startup_stm32f10x_md.o(.text)
    TIM1_BRK_IRQHandler                      0x080001b3   Thumb Code     0  startup_stm32f10x_md.o(.text)
    TIM1_CC_IRQHandler                       0x080001b3   Thumb Code     0  startup_stm32f10x_md.o(.text)
    TIM1_TRG_COM_IRQHandler                  0x080001b3   Thumb Code     0  startup_stm32f10x_md.o(.text)
    TIM1_UP_IRQHandler                       0x080001b3   Thumb Code     0  startup_stm32f10x_md.o(.text)
    TIM3_IRQHandler                          0x080001b3   Thumb Code     0  startup_stm32f10x_md.o(.text)
    TIM4_IRQHandler                          0x080001b3   Thumb Code     0  startup_stm32f10x_md.o(.text)
    USART1_IRQHandler                        0x080001b3   Thumb Code     0  startup_stm32f10x_md.o(.text)
    USART2_IRQHandler                        0x080001b3   Thumb Code     0  startup_stm32f10x_md.o(.text)
    USART3_IRQHandler                        0x080001b3   Thumb Code     0  startup_stm32f10x_md.o(.text)
    USBWakeUp_IRQHandler                     0x080001b3   Thumb Code     0  startup_stm32f10x_md.o(.text)
    USB_HP_CAN1_TX_IRQHandler                0x080001b3   Thumb Code     0  startup_stm32f10x_md.o(.text)
    USB_LP_CAN1_RX0_IRQHandler               0x080001b3   Thumb Code     0  startup_stm32f10x_md.o(.text)
    WWDG_IRQHandler                          0x080001b3   Thumb Code     0  startup_stm32f10x_md.o(.text)
    __aeabi_memcpy                           0x080001bd   Thumb Code    36  memcpya.o(.text)
    __aeabi_memcpy4                          0x080001bd   Thumb Code     0  memcpya.o(.text)
    __aeabi_memcpy8                          0x080001bd   Thumb Code     0  memcpya.o(.text)
    __aeabi_memset                           0x080001e1   Thumb Code    14  memseta.o(.text)
    __aeabi_memset4                          0x080001e1   Thumb Code     0  memseta.o(.text)
    __aeabi_memset8                          0x080001e1   Thumb Code     0  memseta.o(.text)
    __aeabi_memclr                           0x080001ef   Thumb Code     4  memseta.o(.text)
    __aeabi_memclr4                          0x080001ef   Thumb Code     0  memseta.o(.text)
    __aeabi_memclr8                          0x080001ef   Thumb Code     0  memseta.o(.text)
    _memset$wrapper                          0x080001f3   Thumb Code    18  memseta.o(.text)
    __aeabi_i2f                              0x08000205   Thumb Code    18  fflti.o(.text)
    __aeabi_f2d                              0x08000217   Thumb Code    38  f2d.o(.text)
    __aeabi_uidiv                            0x0800023d   Thumb Code     0  uidiv.o(.text)
    __aeabi_uidivmod                         0x0800023d   Thumb Code    44  uidiv.o(.text)
    __aeabi_uldivmod                         0x08000269   Thumb Code    98  uldiv.o(.text)
    __I$use$fp                               0x080002cb   Thumb Code     0  iusefp.o(.text)
    _float_round                             0x080002cb   Thumb Code    18  fepilogue.o(.text)
    _float_epilogue                          0x080002dd   Thumb Code    92  fepilogue.o(.text)
    __aeabi_dadd                             0x08000339   Thumb Code   322  dadd.o(.text)
    __aeabi_dsub                             0x0800047b   Thumb Code     6  dadd.o(.text)
    __aeabi_drsub                            0x08000481   Thumb Code     6  dadd.o(.text)
    __aeabi_dmul                             0x08000487   Thumb Code   228  dmul.o(.text)
    __aeabi_ddiv                             0x0800056b   Thumb Code   222  ddiv.o(.text)
    __aeabi_d2ulz                            0x08000649   Thumb Code    48  dfixul.o(.text)
    __aeabi_cdrcmple                         0x08000679   Thumb Code    48  cdrcmple.o(.text)
    __scatterload                            0x080006a9   Thumb Code    28  init.o(.text)
    __scatterload_rt2                        0x080006a9   Thumb Code     0  init.o(.text)
    __aeabi_llsl                             0x080006cd   Thumb Code    30  llshl.o(.text)
    _ll_shift_l                              0x080006cd   Thumb Code     0  llshl.o(.text)
    __aeabi_llsr                             0x080006eb   Thumb Code    32  llushr.o(.text)
    _ll_ushift_r                             0x080006eb   Thumb Code     0  llushr.o(.text)
    __aeabi_lasr                             0x0800070b   Thumb Code    36  llsshr.o(.text)
    _ll_sshift_r                             0x0800070b   Thumb Code     0  llsshr.o(.text)
    _double_round                            0x0800072f   Thumb Code    30  depilogue.o(.text)
    _double_epilogue                         0x0800074d   Thumb Code   156  depilogue.o(.text)
    ADC_Calibration                          0x080007e9   Thumb Code   224  adc_ps2.o(i.ADC_Calibration)
    ADC_Cmd                                  0x080008d5   Thumb Code    18  stm32f10x_adc.o(i.ADC_Cmd)
    ADC_DMACmd                               0x080008e7   Thumb Code    18  stm32f10x_adc.o(i.ADC_DMACmd)
    ADC_ExternalTrigConvCmd                  0x080008f9   Thumb Code    18  stm32f10x_adc.o(i.ADC_ExternalTrigConvCmd)
    ADC_GetCalibrationStatus                 0x0800090b   Thumb Code    16  stm32f10x_adc.o(i.ADC_GetCalibrationStatus)
    ADC_GetResetCalibrationStatus            0x0800091b   Thumb Code    16  stm32f10x_adc.o(i.ADC_GetResetCalibrationStatus)
    ADC_Init                                 0x0800092d   Thumb Code    70  stm32f10x_adc.o(i.ADC_Init)
    ADC_PS2_Init                             0x08000979   Thumb Code   282  adc_ps2.o(i.ADC_PS2_Init)
    ADC_RegularChannelConfig                 0x08000aa9   Thumb Code   146  stm32f10x_adc.o(i.ADC_RegularChannelConfig)
    ADC_ResetCalibration                     0x08000b3b   Thumb Code    10  stm32f10x_adc.o(i.ADC_ResetCalibration)
    ADC_StartCalibration                     0x08000b45   Thumb Code    10  stm32f10x_adc.o(i.ADC_StartCalibration)
    ADC_ValueLimit                           0x08000b4f   Thumb Code   162  adc_ps2.o(i.ADC_ValueLimit)
    BusFault_Handler                         0x08000c55   Thumb Code     2  stm32f10x_it.o(i.BusFault_Handler)
    Calibration_UI                           0x08000c59   Thumb Code   124  displayoled.o(i.Calibration_UI)
    DMA1_Channel1_IRQHandler                 0x08000d15   Thumb Code    84  adc_ps2.o(i.DMA1_Channel1_IRQHandler)
    DMA_ClearITPendingBit                    0x08000d75   Thumb Code    16  stm32f10x_dma.o(i.DMA_ClearITPendingBit)
    DMA_Cmd                                  0x08000d8d   Thumb Code    20  stm32f10x_dma.o(i.DMA_Cmd)
    DMA_GetITStatus                          0x08000da1   Thumb Code    24  stm32f10x_dma.o(i.DMA_GetITStatus)
    DMA_ITConfig                             0x08000dc1   Thumb Code    16  stm32f10x_dma.o(i.DMA_ITConfig)
    DMA_Init                                 0x08000dd1   Thumb Code    82  stm32f10x_dma.o(i.DMA_Init)
    DebugMon_Handler                         0x08000e23   Thumb Code     2  stm32f10x_it.o(i.DebugMon_Handler)
    Delay_init                               0x08000e25   Thumb Code    60  delay.o(i.Delay_init)
    Delay_ms                                 0x08000e6d   Thumb Code    90  delay.o(i.Delay_ms)
    Delay_us                                 0x08000ecd   Thumb Code    46  delay.o(i.Delay_us)
    EXTI9_5_IRQHandler                       0x08000f01   Thumb Code   224  si24r1.o(i.EXTI9_5_IRQHandler)
    EXTI_ClearITPendingBit                   0x08000fed   Thumb Code     6  stm32f10x_exti.o(i.EXTI_ClearITPendingBit)
    EXTI_GetITStatus                         0x08000ff9   Thumb Code    24  stm32f10x_exti.o(i.EXTI_GetITStatus)
    EXTI_Init                                0x08001019   Thumb Code   134  stm32f10x_exti.o(i.EXTI_Init)
    Fly_UnLock                               0x080010a9   Thumb Code    70  key.o(i.Fly_UnLock)
    GPIO_EXTILineConfig                      0x08001105   Thumb Code    40  stm32f10x_gpio.o(i.GPIO_EXTILineConfig)
    GPIO_Init                                0x0800112d   Thumb Code   174  stm32f10x_gpio.o(i.GPIO_Init)
    GPIO_PinRemapConfig                      0x080011dd   Thumb Code   102  stm32f10x_gpio.o(i.GPIO_PinRemapConfig)
    GPIO_ReadInputDataBit                    0x08001249   Thumb Code    14  stm32f10x_gpio.o(i.GPIO_ReadInputDataBit)
    GPIO_ResetBits                           0x08001257   Thumb Code     4  stm32f10x_gpio.o(i.GPIO_ResetBits)
    GPIO_SetBits                             0x0800125b   Thumb Code     4  stm32f10x_gpio.o(i.GPIO_SetBits)
    GPIO_WriteBit                            0x0800125f   Thumb Code    10  stm32f10x_gpio.o(i.GPIO_WriteBit)
    HardFault_Handler                        0x08001269   Thumb Code     2  stm32f10x_it.o(i.HardFault_Handler)
    IIC_Init                                 0x0800126d   Thumb Code    40  i2c.o(i.IIC_Init)
    KEY_Init                                 0x08001299   Thumb Code   112  key.o(i.KEY_Init)
    LED_Init                                 0x0800130d   Thumb Code    56  led.o(i.LED_Init)
    LED_On                                   0x0800134d   Thumb Code     8  led.o(i.LED_On)
    LED_Toggle                               0x08001359   Thumb Code    10  led.o(i.LED_Toggle)
    MAIN_UI                                  0x08001369   Thumb Code   324  displayoled.o(i.MAIN_UI)
    MemManage_Handler                        0x08001535   Thumb Code     2  stm32f10x_it.o(i.MemManage_Handler)
    MySPI_Init                               0x08001539   Thumb Code   136  myspi.o(i.MySPI_Init)
    MySPI_SwapByte                           0x080015c9   Thumb Code    88  myspi.o(i.MySPI_SwapByte)
    MySPI_W_CE                               0x08001629   Thumb Code    12  myspi.o(i.MySPI_W_CE)
    MySPI_W_CSN                              0x08001639   Thumb Code    10  myspi.o(i.MySPI_W_CSN)
    MySPI_W_IRQ                              0x08001649   Thumb Code    10  myspi.o(i.MySPI_W_IRQ)
    MySPI_W_SCK                              0x08001659   Thumb Code    10  myspi.o(i.MySPI_W_SCK)
    NMI_Handler                              0x08001669   Thumb Code     2  stm32f10x_it.o(i.NMI_Handler)
    NVIC_Init                                0x0800166d   Thumb Code   112  misc.o(i.NVIC_Init)
    NVIC_PriorityGroupConfig                 0x080016e1   Thumb Code    14  misc.o(i.NVIC_PriorityGroupConfig)
    NVIC_init                                0x080016f5   Thumb Code    82  sys.o(i.NVIC_init)
    PackData                                 0x08001749   Thumb Code   234  adc_ps2.o(i.PackData)
    RCC_ADCCLKConfig                         0x08001841   Thumb Code    14  stm32f10x_rcc.o(i.RCC_ADCCLKConfig)
    RCC_AHBPeriphClockCmd                    0x08001855   Thumb Code    18  stm32f10x_rcc.o(i.RCC_AHBPeriphClockCmd)
    RCC_APB1PeriphClockCmd                   0x0800186d   Thumb Code    18  stm32f10x_rcc.o(i.RCC_APB1PeriphClockCmd)
    RCC_APB2PeriphClockCmd                   0x08001885   Thumb Code    18  stm32f10x_rcc.o(i.RCC_APB2PeriphClockCmd)
    ReceiveDataAnalysis                      0x0800189d   Thumb Code   132  adc_ps2.o(i.ReceiveDataAnalysis)
    SI24R1_Config                            0x08001929   Thumb Code   146  si24r1.o(i.SI24R1_Config)
    SI24R1_SendPacket                        0x080019c5   Thumb Code    52  si24r1.o(i.SI24R1_SendPacket)
    SPI_Read_Buf                             0x080019f9   Thumb Code   148  myspi.o(i.SPI_Read_Buf)
    SPI_Read_Byte                            0x08001a95   Thumb Code    44  myspi.o(i.SPI_Read_Byte)
    SPI_Write_Buf                            0x08001ac5   Thumb Code   132  myspi.o(i.SPI_Write_Buf)
    SPI_Write_Byte                           0x08001b51   Thumb Code    46  myspi.o(i.SPI_Write_Byte)
    Second_Page                              0x08001b85   Thumb Code   104  displayoled.o(i.Second_Page)
    SysTick_CLKSourceConfig                  0x08001c35   Thumb Code    22  misc.o(i.SysTick_CLKSourceConfig)
    SysTick_Handler                          0x08001c4b   Thumb Code    20  delay.o(i.SysTick_Handler)
    SystemInit                               0x08001c61   Thumb Code   222  system_stm32f10x.o(i.SystemInit)
    TIM2_IRQHandler                          0x08001d51   Thumb Code   180  key.o(i.TIM2_IRQHandler)
    TIM_ARRPreloadConfig                     0x08001e0d   Thumb Code    18  stm32f10x_tim.o(i.TIM_ARRPreloadConfig)
    TIM_ClearITPendingBit                    0x08001e1f   Thumb Code     6  stm32f10x_tim.o(i.TIM_ClearITPendingBit)
    TIM_Cmd                                  0x08001e25   Thumb Code    18  stm32f10x_tim.o(i.TIM_Cmd)
    TIM_GetITStatus                          0x08001e37   Thumb Code    22  stm32f10x_tim.o(i.TIM_GetITStatus)
    TIM_ITConfig                             0x08001e4d   Thumb Code    16  stm32f10x_tim.o(i.TIM_ITConfig)
    TIM_InternalClockConfig                  0x08001e5d   Thumb Code    10  stm32f10x_tim.o(i.TIM_InternalClockConfig)
    TIM_OC4Init                              0x08001e67   Thumb Code   104  stm32f10x_tim.o(i.TIM_OC4Init)
    TIM_OC4PreloadConfig                     0x08001ecf   Thumb Code    20  stm32f10x_tim.o(i.TIM_OC4PreloadConfig)
    TIM_OCTigrConfig                         0x08001ee5   Thumb Code   108  timer.o(i.TIM_OCTigrConfig)
    TIM_TimeBaseInit                         0x08001f55   Thumb Code   148  stm32f10x_tim.o(i.TIM_TimeBaseInit)
    Task1                                    0x08001ff1   Thumb Code    52  main.o(i.Task1)
    USART_GetFlagStatus                      0x08002031   Thumb Code    14  stm32f10x_usart.o(i.USART_GetFlagStatus)
    USART_SendData                           0x0800203f   Thumb Code     8  stm32f10x_usart.o(i.USART_SendData)
    UsageFault_Handler                       0x08002047   Thumb Code     2  stm32f10x_it.o(i.UsageFault_Handler)
    __0printf                                0x08002049   Thumb Code    22  printfa.o(i.__0printf)
    __1printf                                0x08002049   Thumb Code     0  printfa.o(i.__0printf)
    __2printf                                0x08002049   Thumb Code     0  printfa.o(i.__0printf)
    __c89printf                              0x08002049   Thumb Code     0  printfa.o(i.__0printf)
    printf                                   0x08002049   Thumb Code     0  printfa.o(i.__0printf)
    __0sprintf                               0x08002069   Thumb Code    34  printfa.o(i.__0sprintf)
    __1sprintf                               0x08002069   Thumb Code     0  printfa.o(i.__0sprintf)
    __2sprintf                               0x08002069   Thumb Code     0  printfa.o(i.__0sprintf)
    __c89sprintf                             0x08002069   Thumb Code     0  printfa.o(i.__0sprintf)
    sprintf                                  0x08002069   Thumb Code     0  printfa.o(i.__0sprintf)
    __scatterload_copy                       0x08002091   Thumb Code    14  handlers.o(i.__scatterload_copy)
    __scatterload_null                       0x0800209f   Thumb Code     2  handlers.o(i.__scatterload_null)
    __scatterload_zeroinit                   0x080020a1   Thumb Code    14  handlers.o(i.__scatterload_zeroinit)
    fputc                                    0x0800296d   Thumb Code    32  usart.o(i.fputc)
    main                                     0x080029d9   Thumb Code    96  main.o(i.main)
    pvPortMalloc                             0x08002ec1   Thumb Code   310  heap_4.o(i.pvPortMalloc)
    pxPortInitialiseStack                    0x08003005   Thumb Code    30  port.o(i.pxPortInitialiseStack)
    u8g2Init                                 0x08003029   Thumb Code    38  i2c.o(i.u8g2Init)
    u8g2_ClearBuffer                         0x0800305d   Thumb Code    18  u8g2_buffer.o(i.u8g2_ClearBuffer)
    u8g2_DrawGlyph                           0x0800306f   Thumb Code   110  u8g2_font.o(i.u8g2_DrawGlyph)
    u8g2_DrawHVLine                          0x080030dd   Thumb Code   210  u8g2_hvline.o(i.u8g2_DrawHVLine)
    u8g2_DrawUTF8                            0x080031b1   Thumb Code    12  u8g2_font.o(i.u8g2_DrawUTF8)
    u8g2_IsIntersection                      0x080031c1   Thumb Code    78  u8g2_intersection.o(i.u8g2_IsIntersection)
    u8g2_SendBuffer                          0x0800320f   Thumb Code    84  u8g2_buffer.o(i.u8g2_SendBuffer)
    u8g2_SetFont                             0x08003263   Thumb Code    32  u8g2_font.o(i.u8g2_SetFont)
    u8g2_SetFontPosBaseline                  0x08003285   Thumb Code     6  u8g2_font.o(i.u8g2_SetFontPosBaseline)
    u8g2_SetupBuffer                         0x08003291   Thumb Code    92  u8g2_setup.o(i.u8g2_SetupBuffer)
    u8g2_Setup_ssd1306_i2c_128x64_noname_f   0x080032ed   Thumb Code    46  u8g2_d_setup.o(i.u8g2_Setup_ssd1306_i2c_128x64_noname_f)
    u8g2_UpdateRefHeight                     0x08003329   Thumb Code    96  u8g2_font.o(i.u8g2_UpdateRefHeight)
    u8g2_draw_hv_line_2dir                   0x080033f9   Thumb Code    24  u8g2_hvline.o(i.u8g2_draw_hv_line_2dir)
    u8g2_draw_l90_r0                         0x08003411   Thumb Code    16  u8g2_setup.o(i.u8g2_draw_l90_r0)
    u8g2_font_calc_vref_font                 0x08003505   Thumb Code     4  u8g2_font.o(i.u8g2_font_calc_vref_font)
    u8g2_font_decode_get_unsigned_bits       0x08003509   Thumb Code    68  u8g2_font.o(i.u8g2_font_decode_get_unsigned_bits)
    u8g2_font_decode_glyph                   0x0800354d   Thumb Code  1040  u8g2_font.o(i.u8g2_font_decode_glyph)
    u8g2_font_get_glyph_data                 0x0800395d   Thumb Code   126  u8g2_font.o(i.u8g2_font_get_glyph_data)
    u8g2_ll_hvline_vertical_top_lsb          0x080039db   Thumb Code   228  u8g2_ll_hvline.o(i.u8g2_ll_hvline_vertical_top_lsb)
    u8g2_m_16_8_f                            0x08003ac1   Thumb Code     8  u8g2_d_memory.o(i.u8g2_m_16_8_f)
    u8g2_read_font_info                      0x08003acd   Thumb Code   114  u8g2_font.o(i.u8g2_read_font_info)
    u8g2_update_dimension_r0                 0x08003b91   Thumb Code     4  u8g2_setup.o(i.u8g2_update_dimension_r0)
    u8g2_update_page_win_r0                  0x08003b95   Thumb Code    34  u8g2_setup.o(i.u8g2_update_page_win_r0)
    u8x8_DrawTile                            0x08003bb7   Thumb Code    40  u8x8_display.o(i.u8x8_DrawTile)
    u8x8_InitDisplay                         0x08003bdf   Thumb Code    12  u8x8_display.o(i.u8x8_InitDisplay)
    u8x8_RefreshDisplay                      0x08003beb   Thumb Code    12  u8x8_display.o(i.u8x8_RefreshDisplay)
    u8x8_SetPowerSave                        0x08003bf7   Thumb Code    12  u8x8_display.o(i.u8x8_SetPowerSave)
    u8x8_Setup                               0x08003c03   Thumb Code    50  u8x8_setup.o(i.u8x8_Setup)
    u8x8_SetupMemory                         0x08003c35   Thumb Code    12  u8x8_display.o(i.u8x8_SetupMemory)
    u8x8_byte_EndTransfer                    0x08003c41   Thumb Code    12  u8x8_byte.o(i.u8x8_byte_EndTransfer)
    u8x8_byte_SendByte                       0x08003c4d   Thumb Code    18  u8x8_byte.o(i.u8x8_byte_SendByte)
    u8x8_byte_StartTransfer                  0x08003c5f   Thumb Code    12  u8x8_byte.o(i.u8x8_byte_StartTransfer)
    u8x8_byte_sw_i2c                         0x08003c6b   Thumb Code   592  u8x8_byte.o(i.u8x8_byte_sw_i2c)
    u8x8_cad_EndTransfer                     0x08003ebb   Thumb Code    12  u8x8_cad.o(i.u8x8_cad_EndTransfer)
    u8x8_cad_SendArg                         0x08003ec7   Thumb Code    12  u8x8_cad.o(i.u8x8_cad_SendArg)
    u8x8_cad_SendCmd                         0x08003ed3   Thumb Code    12  u8x8_cad.o(i.u8x8_cad_SendCmd)
    u8x8_cad_SendData                        0x08003edf   Thumb Code    12  u8x8_cad.o(i.u8x8_cad_SendData)
    u8x8_cad_SendSequence                    0x08003eed   Thumb Code   116  u8x8_cad.o(i.u8x8_cad_SendSequence)
    u8x8_cad_StartTransfer                   0x08003f61   Thumb Code    12  u8x8_cad.o(i.u8x8_cad_StartTransfer)
    u8x8_cad_ssd13xx_fast_i2c                0x08003f6d   Thumb Code   250  u8x8_cad.o(i.u8x8_cad_ssd13xx_fast_i2c)
    u8x8_d_helper_display_init               0x0800406d   Thumb Code   100  u8x8_display.o(i.u8x8_d_helper_display_init)
    u8x8_d_helper_display_setup_memory       0x080040d1   Thumb Code    10  u8x8_display.o(i.u8x8_d_helper_display_setup_memory)
    u8x8_d_ssd1306_128x64_noname             0x080040dd   Thumb Code    52  u8x8_d_ssd1306_128x64_noname.o(i.u8x8_d_ssd1306_128x64_noname)
    u8x8_gpio_and_delay                      0x080041f1   Thumb Code   172  i2c.o(i.u8x8_gpio_and_delay)
    u8x8_gpio_call                           0x080042a1   Thumb Code     8  u8x8_gpio.o(i.u8x8_gpio_call)
    u8x8_utf8_init                           0x080042a9   Thumb Code     8  u8x8_8x8.o(i.u8x8_utf8_init)
    u8x8_utf8_next                           0x080042b1   Thumb Code   150  u8x8_8x8.o(i.u8x8_utf8_next)
    uxListRemove                             0x08004347   Thumb Code    36  list.o(i.uxListRemove)
    vListInitialise                          0x0800436b   Thumb Code    22  list.o(i.vListInitialise)
    vListInitialiseItem                      0x08004381   Thumb Code     6  list.o(i.vListInitialiseItem)
    vListInsert                              0x08004389   Thumb Code    58  list.o(i.vListInsert)
    vListInsertEnd                           0x080043c3   Thumb Code    24  list.o(i.vListInsertEnd)
    vPortEnterCritical                       0x080043dd   Thumb Code    24  port.o(i.vPortEnterCritical)
    vPortExitCritical                        0x080043f9   Thumb Code    20  port.o(i.vPortExitCritical)
    vPortFree                                0x08004411   Thumb Code   128  heap_4.o(i.vPortFree)
    vQueueWaitForMessageRestricted           0x08004499   Thumb Code    74  queue.o(i.vQueueWaitForMessageRestricted)
    vTaskDelay                               0x080044e5   Thumb Code    46  tasks.o(i.vTaskDelay)
    vTaskDelete                              0x0800451d   Thumb Code   174  tasks.o(i.vTaskDelete)
    vTaskMissedYield                         0x080045dd   Thumb Code     8  tasks.o(i.vTaskMissedYield)
    vTaskPlaceOnEventList                    0x080045e9   Thumb Code    28  tasks.o(i.vTaskPlaceOnEventList)
    vTaskPlaceOnEventListRestricted          0x08004609   Thumb Code    42  tasks.o(i.vTaskPlaceOnEventListRestricted)
    vTaskSetTimeOutState                     0x08004639   Thumb Code    12  tasks.o(i.vTaskSetTimeOutState)
    vTaskStartScheduler                      0x08004649   Thumb Code    82  tasks.o(i.vTaskStartScheduler)
    vTaskSuspendAll                          0x080046b1   Thumb Code    10  tasks.o(i.vTaskSuspendAll)
    vTaskSwitchContext                       0x080046c1   Thumb Code    62  tasks.o(i.vTaskSwitchContext)
    xPortStartScheduler                      0x08004709   Thumb Code    46  port.o(i.xPortStartScheduler)
    xPortSysTickHandler                      0x08004745   Thumb Code    38  port.o(i.xPortSysTickHandler)
    xQueueGenericCreate                      0x08004771   Thumb Code   120  queue.o(i.xQueueGenericCreate)
    xQueueGenericReceive                     0x080047e9   Thumb Code   640  queue.o(i.xQueueGenericReceive)
    xQueueGenericSend                        0x08004a6d   Thumb Code   634  queue.o(i.xQueueGenericSend)
    xTaskCheckForTimeOut                     0x08004ced   Thumb Code    76  tasks.o(i.xTaskCheckForTimeOut)
    xTaskCreate                              0x08004d3d   Thumb Code   352  tasks.o(i.xTaskCreate)
    xTaskGetSchedulerState                   0x08004ebd   Thumb Code    24  tasks.o(i.xTaskGetSchedulerState)
    xTaskGetTickCount                        0x08004ed9   Thumb Code     6  tasks.o(i.xTaskGetTickCount)
    xTaskIncrementTick                       0x08004ee5   Thumb Code   204  tasks.o(i.xTaskIncrementTick)
    xTaskRemoveFromEventList                 0x08004fb9   Thumb Code    86  tasks.o(i.xTaskRemoveFromEventList)
    xTaskResumeAll                           0x0800501d   Thumb Code   394  tasks.o(i.xTaskResumeAll)
    xTimerCreateTimerTask                    0x080051b5   Thumb Code    86  timers.o(i.xTimerCreateTimerTask)
    u8g2_font_6x10_tf                        0x08005228   Data        2000  u8g2_fonts.o(.constdata)
    u8g2_font_open_iconic_all_2x_t           0x080059f8   Data        5617  u8g2_fonts.o(.constdata)
    u8g2_cb_r0                               0x08006fec   Data          12  u8g2_setup.o(.constdata)
    Region$$Table$$Base                      0x08007150   Number         0  anon$$obj.o(Region$$Table)
    Region$$Table$$Limit                     0x08007170   Number         0  anon$$obj.o(Region$$Table)
    SystemCoreClock                          0x20000000   Data           4  system_stm32f10x.o(.data)
    AHBPrescTable                            0x20000004   Data          16  system_stm32f10x.o(.data)
    fac_us                                   0x20000014   Data           4  delay.o(.data)
    fac_ms                                   0x20000018   Data           4  delay.o(.data)
    FLYUNLOCK                                0x2000001c   Data           1  key.o(.data)
    dataPID                                  0x20000020   Data           1  adc_ps2.o(.data)
    ADC_CALIBRATOR_OK                        0x20000022   Data           1  adc_ps2.o(.data)
    ADC_ConvertedValue                       0x20000034   Data           8  adc_ps2.o(.data)
    ADC_Calibrator                           0x2000003c   Data           8  adc_ps2.o(.data)
    ADC_Value                                0x20000044   Data           8  adc_ps2.o(.data)
    FLYDataRx_OK                             0x2000004c   Data           1  si24r1.o(.data)
    sta                                      0x2000004d   Data           1  si24r1.o(.data)
    TX_ADDRESS                               0x2000004e   Data           5  si24r1.o(.data)
    RX_ADDRESS                               0x20000053   Data           5  si24r1.o(.data)
    Page                                     0x20000058   Data           1  displayoled.o(.data)
    xReturn                                  0x2000005c   Data           4  main.o(.data)
    AppTaskCreate_Handle                     0x20000060   Data           4  main.o(.data)
    Task1_Handler                            0x20000064   Data           4  main.o(.data)
    xBinarySemaphore                         0x20000068   Data           4  main.o(.data)
    pxCurrentTCB                             0x2000006c   Data           4  tasks.o(.data)
    __stdout                                 0x200000e0   Data           4  stdout.o(.data)
    Keys                                     0x200000e4   Data          24  key.o(.bss)
    packetData                               0x200000fc   Data          12  adc_ps2.o(.bss)
    RxBuf                                    0x20000108   Data          32  si24r1.o(.bss)
    text                                     0x20000128   Data          50  displayoled.o(.bss)
    u8g2                                     0x2000015c   Data         148  main.o(.bss)
    FLY                                      0x20002ee0   Data          16  remote.o(.bss)
    __initial_sp                             0x200032f0   Data           0  startup_stm32f10x_md.o(STACK)



==============================================================================

Memory Map of the image

  Image Entry point : 0x080000ed

  Load Region LR_IROM1 (Base: 0x08000000, Size: 0x00007254, Max: 0x00010000, ABSOLUTE)

    Execution Region ER_IROM1 (Exec base: 0x08000000, Load base: 0x08000000, Size: 0x00007170, Max: 0x00010000, ABSOLUTE)

    Exec Addr    Load Addr    Size         Type   Attr      Idx    E Section Name        Object

    0x08000000   0x08000000   0x000000ec   Data   RO            3    RESET               startup_stm32f10x_md.o
    0x080000ec   0x080000ec   0x00000000   Code   RO         8430  * .ARM.Collect$$$$00000000  mc_w.l(entry.o)
    0x080000ec   0x080000ec   0x00000004   Code   RO         8708    .ARM.Collect$$$$00000001  mc_w.l(entry2.o)
    0x080000f0   0x080000f0   0x00000004   Code   RO         8711    .ARM.Collect$$$$00000004  mc_w.l(entry5.o)
    0x080000f4   0x080000f4   0x00000000   Code   RO         8713    .ARM.Collect$$$$00000008  mc_w.l(entry7b.o)
    0x080000f4   0x080000f4   0x00000000   Code   RO         8715    .ARM.Collect$$$$0000000A  mc_w.l(entry8b.o)
    0x080000f4   0x080000f4   0x00000008   Code   RO         8716    .ARM.Collect$$$$0000000B  mc_w.l(entry9a.o)
    0x080000fc   0x080000fc   0x00000000   Code   RO         8718    .ARM.Collect$$$$0000000D  mc_w.l(entry10a.o)
    0x080000fc   0x080000fc   0x00000000   Code   RO         8720    .ARM.Collect$$$$0000000F  mc_w.l(entry11a.o)
    0x080000fc   0x080000fc   0x00000004   Code   RO         8709    .ARM.Collect$$$$00002712  mc_w.l(entry2.o)
    0x08000100   0x08000100   0x00000096   Code   RO         4457    .emb_text           port.o
    0x08000196   0x08000196   0x00000002   PAD
    0x08000198   0x08000198   0x00000024   Code   RO            4    .text               startup_stm32f10x_md.o
    0x080001bc   0x080001bc   0x00000024   Code   RO         8437    .text               mc_w.l(memcpya.o)
    0x080001e0   0x080001e0   0x00000024   Code   RO         8439    .text               mc_w.l(memseta.o)
    0x08000204   0x08000204   0x00000012   Code   RO         8704    .text               mf_w.l(fflti.o)
    0x08000216   0x08000216   0x00000026   Code   RO         8706    .text               mf_w.l(f2d.o)
    0x0800023c   0x0800023c   0x0000002c   Code   RO         8723    .text               mc_w.l(uidiv.o)
    0x08000268   0x08000268   0x00000062   Code   RO         8725    .text               mc_w.l(uldiv.o)
    0x080002ca   0x080002ca   0x00000000   Code   RO         8727    .text               mc_w.l(iusefp.o)
    0x080002ca   0x080002ca   0x0000006e   Code   RO         8728    .text               mf_w.l(fepilogue.o)
    0x08000338   0x08000338   0x0000014e   Code   RO         8730    .text               mf_w.l(dadd.o)
    0x08000486   0x08000486   0x000000e4   Code   RO         8732    .text               mf_w.l(dmul.o)
    0x0800056a   0x0800056a   0x000000de   Code   RO         8734    .text               mf_w.l(ddiv.o)
    0x08000648   0x08000648   0x00000030   Code   RO         8736    .text               mf_w.l(dfixul.o)
    0x08000678   0x08000678   0x00000030   Code   RO         8738    .text               mf_w.l(cdrcmple.o)
    0x080006a8   0x080006a8   0x00000024   Code   RO         8740    .text               mc_w.l(init.o)
    0x080006cc   0x080006cc   0x0000001e   Code   RO         8742    .text               mc_w.l(llshl.o)
    0x080006ea   0x080006ea   0x00000020   Code   RO         8744    .text               mc_w.l(llushr.o)
    0x0800070a   0x0800070a   0x00000024   Code   RO         8746    .text               mc_w.l(llsshr.o)
    0x0800072e   0x0800072e   0x000000ba   Code   RO         8748    .text               mf_w.l(depilogue.o)
    0x080007e8   0x080007e8   0x000000ec   Code   RO         3509    i.ADC_Calibration   adc_ps2.o
    0x080008d4   0x080008d4   0x00000012   Code   RO          192    i.ADC_Cmd           stm32f10x_adc.o
    0x080008e6   0x080008e6   0x00000012   Code   RO          193    i.ADC_DMACmd        stm32f10x_adc.o
    0x080008f8   0x080008f8   0x00000012   Code   RO          197    i.ADC_ExternalTrigConvCmd  stm32f10x_adc.o
    0x0800090a   0x0800090a   0x00000010   Code   RO          200    i.ADC_GetCalibrationStatus  stm32f10x_adc.o
    0x0800091a   0x0800091a   0x00000010   Code   RO          206    i.ADC_GetResetCalibrationStatus  stm32f10x_adc.o
    0x0800092a   0x0800092a   0x00000002   PAD
    0x0800092c   0x0800092c   0x0000004c   Code   RO          210    i.ADC_Init          stm32f10x_adc.o
    0x08000978   0x08000978   0x00000130   Code   RO         3510    i.ADC_PS2_Init      adc_ps2.o
    0x08000aa8   0x08000aa8   0x00000092   Code   RO          214    i.ADC_RegularChannelConfig  stm32f10x_adc.o
    0x08000b3a   0x08000b3a   0x0000000a   Code   RO          215    i.ADC_ResetCalibration  stm32f10x_adc.o
    0x08000b44   0x08000b44   0x0000000a   Code   RO          219    i.ADC_StartCalibration  stm32f10x_adc.o
    0x08000b4e   0x08000b4e   0x000000a2   Code   RO         3511    i.ADC_ValueLimit    adc_ps2.o
    0x08000bf0   0x08000bf0   0x00000064   Code   RO         3734    i.AppTaskCreate     main.o
    0x08000c54   0x08000c54   0x00000002   Code   RO         3796    i.BusFault_Handler  stm32f10x_it.o
    0x08000c56   0x08000c56   0x00000002   PAD
    0x08000c58   0x08000c58   0x000000bc   Code   RO         3702    i.Calibration_UI    displayoled.o
    0x08000d14   0x08000d14   0x00000060   Code   RO         3513    i.DMA1_Channel1_IRQHandler  adc_ps2.o
    0x08000d74   0x08000d74   0x00000018   Code   RO          895    i.DMA_ClearITPendingBit  stm32f10x_dma.o
    0x08000d8c   0x08000d8c   0x00000014   Code   RO          896    i.DMA_Cmd           stm32f10x_dma.o
    0x08000da0   0x08000da0   0x00000020   Code   RO          900    i.DMA_GetITStatus   stm32f10x_dma.o
    0x08000dc0   0x08000dc0   0x00000010   Code   RO          901    i.DMA_ITConfig      stm32f10x_dma.o
    0x08000dd0   0x08000dd0   0x00000052   Code   RO          902    i.DMA_Init          stm32f10x_dma.o
    0x08000e22   0x08000e22   0x00000002   Code   RO         3797    i.DebugMon_Handler  stm32f10x_it.o
    0x08000e24   0x08000e24   0x00000048   Code   RO         3158    i.Delay_init        delay.o
    0x08000e6c   0x08000e6c   0x00000060   Code   RO         3159    i.Delay_ms          delay.o
    0x08000ecc   0x08000ecc   0x00000034   Code   RO         3160    i.Delay_us          delay.o
    0x08000f00   0x08000f00   0x000000ec   Code   RO         3654    i.EXTI9_5_IRQHandler  si24r1.o
    0x08000fec   0x08000fec   0x0000000c   Code   RO          970    i.EXTI_ClearITPendingBit  stm32f10x_exti.o
    0x08000ff8   0x08000ff8   0x00000020   Code   RO          974    i.EXTI_GetITStatus  stm32f10x_exti.o
    0x08001018   0x08001018   0x00000090   Code   RO          975    i.EXTI_Init         stm32f10x_exti.o
    0x080010a8   0x080010a8   0x0000005c   Code   RO         3354    i.Fly_UnLock        key.o
    0x08001104   0x08001104   0x00000028   Code   RO         1327    i.GPIO_EXTILineConfig  stm32f10x_gpio.o
    0x0800112c   0x0800112c   0x000000ae   Code   RO         1330    i.GPIO_Init         stm32f10x_gpio.o
    0x080011da   0x080011da   0x00000002   PAD
    0x080011dc   0x080011dc   0x0000006c   Code   RO         1332    i.GPIO_PinRemapConfig  stm32f10x_gpio.o
    0x08001248   0x08001248   0x0000000e   Code   RO         1334    i.GPIO_ReadInputDataBit  stm32f10x_gpio.o
    0x08001256   0x08001256   0x00000004   Code   RO         1337    i.GPIO_ResetBits    stm32f10x_gpio.o
    0x0800125a   0x0800125a   0x00000004   Code   RO         1338    i.GPIO_SetBits      stm32f10x_gpio.o
    0x0800125e   0x0800125e   0x0000000a   Code   RO         1341    i.GPIO_WriteBit     stm32f10x_gpio.o
    0x08001268   0x08001268   0x00000002   Code   RO         3798    i.HardFault_Handler  stm32f10x_it.o
    0x0800126a   0x0800126a   0x00000002   PAD
    0x0800126c   0x0800126c   0x0000002c   Code   RO         3415    i.IIC_Init          i2c.o
    0x08001298   0x08001298   0x00000074   Code   RO         3355    i.KEY_Init          key.o
    0x0800130c   0x0800130c   0x00000040   Code   RO         3439    i.LED_Init          led.o
    0x0800134c   0x0800134c   0x0000000c   Code   RO         3441    i.LED_On            led.o
    0x08001358   0x08001358   0x00000010   Code   RO         3442    i.LED_Toggle        led.o
    0x08001368   0x08001368   0x000001cc   Code   RO         3703    i.MAIN_UI           displayoled.o
    0x08001534   0x08001534   0x00000002   Code   RO         3799    i.MemManage_Handler  stm32f10x_it.o
    0x08001536   0x08001536   0x00000002   PAD
    0x08001538   0x08001538   0x00000090   Code   RO         3564    i.MySPI_Init        myspi.o
    0x080015c8   0x080015c8   0x00000060   Code   RO         3569    i.MySPI_SwapByte    myspi.o
    0x08001628   0x08001628   0x00000010   Code   RO         3570    i.MySPI_W_CE        myspi.o
    0x08001638   0x08001638   0x00000010   Code   RO         3571    i.MySPI_W_CSN       myspi.o
    0x08001648   0x08001648   0x00000010   Code   RO         3572    i.MySPI_W_IRQ       myspi.o
    0x08001658   0x08001658   0x00000010   Code   RO         3574    i.MySPI_W_SCK       myspi.o
    0x08001668   0x08001668   0x00000002   Code   RO         3800    i.NMI_Handler       stm32f10x_it.o
    0x0800166a   0x0800166a   0x00000002   PAD
    0x0800166c   0x0800166c   0x00000074   Code   RO          127    i.NVIC_Init         misc.o
    0x080016e0   0x080016e0   0x00000014   Code   RO          128    i.NVIC_PriorityGroupConfig  misc.o
    0x080016f4   0x080016f4   0x00000052   Code   RO         3336    i.NVIC_init         sys.o
    0x08001746   0x08001746   0x00000002   PAD
    0x08001748   0x08001748   0x000000f8   Code   RO         3514    i.PackData          adc_ps2.o
    0x08001840   0x08001840   0x00000014   Code   RO         1756    i.RCC_ADCCLKConfig  stm32f10x_rcc.o
    0x08001854   0x08001854   0x00000018   Code   RO         1757    i.RCC_AHBPeriphClockCmd  stm32f10x_rcc.o
    0x0800186c   0x0800186c   0x00000018   Code   RO         1758    i.RCC_APB1PeriphClockCmd  stm32f10x_rcc.o
    0x08001884   0x08001884   0x00000018   Code   RO         1760    i.RCC_APB2PeriphClockCmd  stm32f10x_rcc.o
    0x0800189c   0x0800189c   0x0000008c   Code   RO         3515    i.ReceiveDataAnalysis  adc_ps2.o
    0x08001928   0x08001928   0x0000009c   Code   RO         3656    i.SI24R1_Config     si24r1.o
    0x080019c4   0x080019c4   0x00000034   Code   RO         3658    i.SI24R1_SendPacket  si24r1.o
    0x080019f8   0x080019f8   0x0000009c   Code   RO         3575    i.SPI_Read_Buf      myspi.o
    0x08001a94   0x08001a94   0x00000030   Code   RO         3576    i.SPI_Read_Byte     myspi.o
    0x08001ac4   0x08001ac4   0x0000008c   Code   RO         3577    i.SPI_Write_Buf     myspi.o
    0x08001b50   0x08001b50   0x00000034   Code   RO         3578    i.SPI_Write_Byte    myspi.o
    0x08001b84   0x08001b84   0x000000b0   Code   RO         3704    i.Second_Page       displayoled.o
    0x08001c34   0x08001c34   0x00000016   Code   RO          131    i.SysTick_CLKSourceConfig  misc.o
    0x08001c4a   0x08001c4a   0x00000014   Code   RO         3162    i.SysTick_Handler   delay.o
    0x08001c5e   0x08001c5e   0x00000002   PAD
    0x08001c60   0x08001c60   0x000000f0   Code   RO           25    i.SystemInit        system_stm32f10x.o
    0x08001d50   0x08001d50   0x000000bc   Code   RO         3357    i.TIM2_IRQHandler   key.o
    0x08001e0c   0x08001e0c   0x00000012   Code   RO         2388    i.TIM_ARRPreloadConfig  stm32f10x_tim.o
    0x08001e1e   0x08001e1e   0x00000006   Code   RO         2395    i.TIM_ClearITPendingBit  stm32f10x_tim.o
    0x08001e24   0x08001e24   0x00000012   Code   RO         2400    i.TIM_Cmd           stm32f10x_tim.o
    0x08001e36   0x08001e36   0x00000016   Code   RO         2421    i.TIM_GetITStatus   stm32f10x_tim.o
    0x08001e4c   0x08001e4c   0x00000010   Code   RO         2425    i.TIM_ITConfig      stm32f10x_tim.o
    0x08001e5c   0x08001e5c   0x0000000a   Code   RO         2427    i.TIM_InternalClockConfig  stm32f10x_tim.o
    0x08001e66   0x08001e66   0x00000068   Code   RO         2444    i.TIM_OC4Init       stm32f10x_tim.o
    0x08001ece   0x08001ece   0x00000014   Code   RO         2446    i.TIM_OC4PreloadConfig  stm32f10x_tim.o
    0x08001ee2   0x08001ee2   0x00000002   PAD
    0x08001ee4   0x08001ee4   0x00000070   Code   RO         3399    i.TIM_OCTigrConfig  timer.o
    0x08001f54   0x08001f54   0x0000009c   Code   RO         2471    i.TIM_TimeBaseInit  stm32f10x_tim.o
    0x08001ff0   0x08001ff0   0x00000040   Code   RO         3737    i.Task1             main.o
    0x08002030   0x08002030   0x0000000e   Code   RO         2925    i.USART_GetFlagStatus  stm32f10x_usart.o
    0x0800203e   0x0800203e   0x00000008   Code   RO         2939    i.USART_SendData    stm32f10x_usart.o
    0x08002046   0x08002046   0x00000002   Code   RO         3801    i.UsageFault_Handler  stm32f10x_it.o
    0x08002048   0x08002048   0x00000020   Code   RO         8676    i.__0printf         mc_w.l(printfa.o)
    0x08002068   0x08002068   0x00000028   Code   RO         8678    i.__0sprintf        mc_w.l(printfa.o)
    0x08002090   0x08002090   0x0000000e   Code   RO         8752    i.__scatterload_copy  mc_w.l(handlers.o)
    0x0800209e   0x0800209e   0x00000002   Code   RO         8753    i.__scatterload_null  mc_w.l(handlers.o)
    0x080020a0   0x080020a0   0x0000000e   Code   RO         8754    i.__scatterload_zeroinit  mc_w.l(handlers.o)
    0x080020ae   0x080020ae   0x00000002   PAD
    0x080020b0   0x080020b0   0x00000184   Code   RO         8683    i._fp_digits        mc_w.l(printfa.o)
    0x08002234   0x08002234   0x000006dc   Code   RO         8684    i._printf_core      mc_w.l(printfa.o)
    0x08002910   0x08002910   0x00000024   Code   RO         8685    i._printf_post_padding  mc_w.l(printfa.o)
    0x08002934   0x08002934   0x0000002e   Code   RO         8686    i._printf_pre_padding  mc_w.l(printfa.o)
    0x08002962   0x08002962   0x0000000a   Code   RO         8688    i._sputc            mc_w.l(printfa.o)
    0x0800296c   0x0800296c   0x00000024   Code   RO         3472    i.fputc             usart.o
    0x08002990   0x08002990   0x00000048   Code   RO         7659    i.i2c_write_bit     u8x8_byte.o
    0x080029d8   0x080029d8   0x00000078   Code   RO         3739    i.main              main.o
    0x08002a50   0x08002a50   0x00000074   Code   RO         4099    i.prvAddCurrentTaskToDelayedList  tasks.o
    0x08002ac4   0x08002ac4   0x00000078   Code   RO         4100    i.prvIdleTask       tasks.o
    0x08002b3c   0x08002b3c   0x000000a8   Code   RO         4379    i.prvSampleTimeNow  timers.o
    0x08002be4   0x08002be4   0x00000010   Code   RO         4458    i.prvTaskExitError  port.o
    0x08002bf4   0x08002bf4   0x00000260   Code   RO         4380    i.prvTimerTask      timers.o
    0x08002e54   0x08002e54   0x0000006c   Code   RO         3975    i.prvUnlockQueue    queue.o
    0x08002ec0   0x08002ec0   0x00000144   Code   RO         4528    i.pvPortMalloc      heap_4.o
    0x08003004   0x08003004   0x00000024   Code   RO         4459    i.pxPortInitialiseStack  port.o
    0x08003028   0x08003028   0x00000034   Code   RO         3416    i.u8g2Init          i2c.o
    0x0800305c   0x0800305c   0x00000012   Code   RO         4651    i.u8g2_ClearBuffer  u8g2_buffer.o
    0x0800306e   0x0800306e   0x0000006e   Code   RO         4819    i.u8g2_DrawGlyph    u8g2_font.o
    0x080030dc   0x080030dc   0x000000d2   Code   RO         7057    i.u8g2_DrawHVLine   u8g2_hvline.o
    0x080031ae   0x080031ae   0x00000002   PAD
    0x080031b0   0x080031b0   0x00000010   Code   RO         4823    i.u8g2_DrawUTF8     u8g2_font.o
    0x080031c0   0x080031c0   0x0000004e   Code   RO         7113    i.u8g2_IsIntersection  u8g2_intersection.o
    0x0800320e   0x0800320e   0x00000054   Code   RO         4654    i.u8g2_SendBuffer   u8g2_buffer.o
    0x08003262   0x08003262   0x00000020   Code   RO         4837    i.u8g2_SetFont      u8g2_font.o
    0x08003282   0x08003282   0x00000002   PAD
    0x08003284   0x08003284   0x0000000c   Code   RO         4840    i.u8g2_SetFontPosBaseline  u8g2_font.o
    0x08003290   0x08003290   0x0000005c   Code   RO         7280    i.u8g2_SetupBuffer  u8g2_setup.o
    0x080032ec   0x080032ec   0x0000003c   Code   RO         4805    i.u8g2_Setup_ssd1306_i2c_128x64_noname_f  u8g2_d_setup.o
    0x08003328   0x08003328   0x00000060   Code   RO         4847    i.u8g2_UpdateRefHeight  u8g2_font.o
    0x08003388   0x08003388   0x00000070   Code   RO         7282    i.u8g2_apply_clip_window  u8g2_setup.o
    0x080033f8   0x080033f8   0x00000018   Code   RO         7061    i.u8g2_draw_hv_line_2dir  u8g2_hvline.o
    0x08003410   0x08003410   0x00000010   Code   RO         7284    i.u8g2_draw_l90_r0  u8g2_setup.o
    0x08003420   0x08003420   0x000000e4   Code   RO         4850    i.u8g2_draw_string  u8g2_font.o
    0x08003504   0x08003504   0x00000004   Code   RO         4855    i.u8g2_font_calc_vref_font  u8g2_font.o
    0x08003508   0x08003508   0x00000044   Code   RO         4858    i.u8g2_font_decode_get_unsigned_bits  u8g2_font.o
    0x0800354c   0x0800354c   0x00000410   Code   RO         4859    i.u8g2_font_decode_glyph  u8g2_font.o
    0x0800395c   0x0800395c   0x0000007e   Code   RO         4861    i.u8g2_font_get_glyph_data  u8g2_font.o
    0x080039da   0x080039da   0x000000e4   Code   RO         7162    i.u8g2_ll_hvline_vertical_top_lsb  u8g2_ll_hvline.o
    0x08003abe   0x08003abe   0x00000002   PAD
    0x08003ac0   0x08003ac0   0x0000000c   Code   RO         4792    i.u8g2_m_16_8_f     u8g2_d_memory.o
    0x08003acc   0x08003acc   0x00000072   Code   RO         4862    i.u8g2_read_font_info  u8g2_font.o
    0x08003b3e   0x08003b3e   0x00000052   Code   RO         7289    i.u8g2_update_dimension_common  u8g2_setup.o
    0x08003b90   0x08003b90   0x00000004   Code   RO         7290    i.u8g2_update_dimension_r0  u8g2_setup.o
    0x08003b94   0x08003b94   0x00000022   Code   RO         7294    i.u8g2_update_page_win_r0  u8g2_setup.o
    0x08003bb6   0x08003bb6   0x00000028   Code   RO         8002    i.u8x8_DrawTile     u8x8_display.o
    0x08003bde   0x08003bde   0x0000000c   Code   RO         8004    i.u8x8_InitDisplay  u8x8_display.o
    0x08003bea   0x08003bea   0x0000000c   Code   RO         8006    i.u8x8_RefreshDisplay  u8x8_display.o
    0x08003bf6   0x08003bf6   0x0000000c   Code   RO         8009    i.u8x8_SetPowerSave  u8x8_display.o
    0x08003c02   0x08003c02   0x00000032   Code   RO         8306    i.u8x8_Setup        u8x8_setup.o
    0x08003c34   0x08003c34   0x0000000c   Code   RO         8010    i.u8x8_SetupMemory  u8x8_display.o
    0x08003c40   0x08003c40   0x0000000c   Code   RO         7664    i.u8x8_byte_EndTransfer  u8x8_byte.o
    0x08003c4c   0x08003c4c   0x00000012   Code   RO         7665    i.u8x8_byte_SendByte  u8x8_byte.o
    0x08003c5e   0x08003c5e   0x0000000c   Code   RO         7668    i.u8x8_byte_StartTransfer  u8x8_byte.o
    0x08003c6a   0x08003c6a   0x00000250   Code   RO         7673    i.u8x8_byte_sw_i2c  u8x8_byte.o
    0x08003eba   0x08003eba   0x0000000c   Code   RO         7760    i.u8x8_cad_EndTransfer  u8x8_cad.o
    0x08003ec6   0x08003ec6   0x0000000c   Code   RO         7761    i.u8x8_cad_SendArg  u8x8_cad.o
    0x08003ed2   0x08003ed2   0x0000000c   Code   RO         7762    i.u8x8_cad_SendCmd  u8x8_cad.o
    0x08003ede   0x08003ede   0x0000000c   Code   RO         7763    i.u8x8_cad_SendData  u8x8_cad.o
    0x08003eea   0x08003eea   0x00000002   PAD
    0x08003eec   0x08003eec   0x00000074   Code   RO         7765    i.u8x8_cad_SendSequence  u8x8_cad.o
    0x08003f60   0x08003f60   0x0000000c   Code   RO         7766    i.u8x8_cad_StartTransfer  u8x8_cad.o
    0x08003f6c   0x08003f6c   0x00000100   Code   RO         7769    i.u8x8_cad_ssd13xx_fast_i2c  u8x8_cad.o
    0x0800406c   0x0800406c   0x00000064   Code   RO         8011    i.u8x8_d_helper_display_init  u8x8_display.o
    0x080040d0   0x080040d0   0x0000000a   Code   RO         8012    i.u8x8_d_helper_display_setup_memory  u8x8_display.o
    0x080040da   0x080040da   0x00000002   PAD
    0x080040dc   0x080040dc   0x0000003c   Code   RO         7936    i.u8x8_d_ssd1306_128x64_noname  u8x8_d_ssd1306_128x64_noname.o
    0x08004118   0x08004118   0x000000d8   Code   RO         7938    i.u8x8_d_ssd1306_sh1106_generic  u8x8_d_ssd1306_128x64_noname.o
    0x080041f0   0x080041f0   0x000000b0   Code   RO         3417    i.u8x8_gpio_and_delay  i2c.o
    0x080042a0   0x080042a0   0x00000008   Code   RO         8230    i.u8x8_gpio_call    u8x8_gpio.o
    0x080042a8   0x080042a8   0x00000008   Code   RO         7559    i.u8x8_utf8_init    u8x8_8x8.o
    0x080042b0   0x080042b0   0x00000096   Code   RO         7560    i.u8x8_utf8_next    u8x8_8x8.o
    0x08004346   0x08004346   0x00000024   Code   RO         3939    i.uxListRemove      list.o
    0x0800436a   0x0800436a   0x00000016   Code   RO         3940    i.vListInitialise   list.o
    0x08004380   0x08004380   0x00000006   Code   RO         3941    i.vListInitialiseItem  list.o
    0x08004386   0x08004386   0x00000002   PAD
    0x08004388   0x08004388   0x0000003a   Code   RO         3942    i.vListInsert       list.o
    0x080043c2   0x080043c2   0x00000018   Code   RO         3943    i.vListInsertEnd    list.o
    0x080043da   0x080043da   0x00000002   PAD
    0x080043dc   0x080043dc   0x0000001c   Code   RO         4461    i.vPortEnterCritical  port.o
    0x080043f8   0x080043f8   0x00000018   Code   RO         4462    i.vPortExitCritical  port.o
    0x08004410   0x08004410   0x00000088   Code   RO         4529    i.vPortFree         heap_4.o
    0x08004498   0x08004498   0x0000004a   Code   RO         3983    i.vQueueWaitForMessageRestricted  queue.o
    0x080044e2   0x080044e2   0x00000002   PAD
    0x080044e4   0x080044e4   0x00000038   Code   RO         4109    i.vTaskDelay        tasks.o
    0x0800451c   0x0800451c   0x000000c0   Code   RO         4111    i.vTaskDelete       tasks.o
    0x080045dc   0x080045dc   0x0000000c   Code   RO         4114    i.vTaskMissedYield  tasks.o
    0x080045e8   0x080045e8   0x00000020   Code   RO         4116    i.vTaskPlaceOnEventList  tasks.o
    0x08004608   0x08004608   0x00000030   Code   RO         4117    i.vTaskPlaceOnEventListRestricted  tasks.o
    0x08004638   0x08004638   0x00000010   Code   RO         4122    i.vTaskSetTimeOutState  tasks.o
    0x08004648   0x08004648   0x00000068   Code   RO         4123    i.vTaskStartScheduler  tasks.o
    0x080046b0   0x080046b0   0x00000010   Code   RO         4125    i.vTaskSuspendAll   tasks.o
    0x080046c0   0x080046c0   0x00000048   Code   RO         4126    i.vTaskSwitchContext  tasks.o
    0x08004708   0x08004708   0x0000003c   Code   RO         4464    i.xPortStartScheduler  port.o
    0x08004744   0x08004744   0x0000002c   Code   RO         4465    i.xPortSysTickHandler  port.o
    0x08004770   0x08004770   0x00000078   Code   RO         3984    i.xQueueGenericCreate  queue.o
    0x080047e8   0x080047e8   0x00000284   Code   RO         3985    i.xQueueGenericReceive  queue.o
    0x08004a6c   0x08004a6c   0x00000280   Code   RO         3987    i.xQueueGenericSend  queue.o
    0x08004cec   0x08004cec   0x00000050   Code   RO         4127    i.xTaskCheckForTimeOut  tasks.o
    0x08004d3c   0x08004d3c   0x00000180   Code   RO         4128    i.xTaskCreate       tasks.o
    0x08004ebc   0x08004ebc   0x0000001c   Code   RO         4131    i.xTaskGetSchedulerState  tasks.o
    0x08004ed8   0x08004ed8   0x0000000c   Code   RO         4132    i.xTaskGetTickCount  tasks.o
    0x08004ee4   0x08004ee4   0x000000d4   Code   RO         4134    i.xTaskIncrementTick  tasks.o
    0x08004fb8   0x08004fb8   0x00000064   Code   RO         4137    i.xTaskRemoveFromEventList  tasks.o
    0x0800501c   0x0800501c   0x00000198   Code   RO         4139    i.xTaskResumeAll    tasks.o
    0x080051b4   0x080051b4   0x00000074   Code   RO         4384    i.xTimerCreateTimerTask  timers.o
    0x08005228   0x08005228   0x000007d0   Data   RO         5160    .constdata          u8g2_fonts.o
    0x080059f8   0x080059f8   0x000015f1   Data   RO         5482    .constdata          u8g2_fonts.o
    0x08006fe9   0x08006fe9   0x00000003   PAD
    0x08006fec   0x08006fec   0x0000000c   Data   RO         7298    .constdata          u8g2_setup.o
    0x08006ff8   0x08006ff8   0x00000158   Data   RO         7940    .constdata          u8x8_d_ssd1306_128x64_noname.o
    0x08007150   0x08007150   0x00000020   Data   RO         8750    Region$$Table       anon$$obj.o


    Execution Region RW_IRAM1 (Exec base: 0x20000000, Load base: 0x08007170, Size: 0x000032f0, Max: 0x00005000, ABSOLUTE)

    Exec Addr    Load Addr    Size         Type   Attr      Idx    E Section Name        Object

    0x20000000   0x08007170   0x00000014   Data   RW           26    .data               system_stm32f10x.o
    0x20000014   0x08007184   0x00000008   Data   RW         3163    .data               delay.o
    0x2000001c   0x0800718c   0x00000001   Data   RW         3359    .data               key.o
    0x2000001d   0x0800718d   0x00000003   PAD
    0x20000020   0x08007190   0x0000002c   Data   RW         3517    .data               adc_ps2.o
    0x2000004c   0x080071bc   0x0000000c   Data   RW         3661    .data               si24r1.o
    0x20000058   0x080071c8   0x00000001   Data   RW         3706    .data               displayoled.o
    0x20000059   0x080071c9   0x00000003   PAD
    0x2000005c   0x080071cc   0x00000010   Data   RW         3746    .data               main.o
    0x2000006c   0x080071dc   0x0000003c   Data   RW         4142    .data               tasks.o
    0x200000a8   0x08007218   0x00000014   Data   RW         4391    .data               timers.o
    0x200000bc   0x0800722c   0x00000004   Data   RW         4466    .data               port.o
    0x200000c0   0x08007230   0x00000018   Data   RW         4534    .data               heap_4.o
    0x200000d8   0x08007248   0x00000006   Data   RW         7778    .data               u8x8_cad.o
    0x200000de   0x0800724e   0x00000002   PAD
    0x200000e0   0x08007250   0x00000004   Data   RW         8722    .data               mc_w.l(stdout.o)
    0x200000e4        -       0x00000018   Zero   RW         3358    .bss                key.o
    0x200000fc        -       0x0000000c   Zero   RW         3516    .bss                adc_ps2.o
    0x20000108        -       0x00000020   Zero   RW         3659    .bss                si24r1.o
    0x20000128        -       0x00000032   Zero   RW         3705    .bss                displayoled.o
    0x2000015a   0x08007254   0x00000002   PAD
    0x2000015c        -       0x00000094   Zero   RW         3744    .bss                main.o
    0x200001f0        -       0x000000c8   Zero   RW         4141    .bss                tasks.o
    0x200002b8        -       0x00000028   Zero   RW         4390    .bss                timers.o
    0x200002e0        -       0x00002800   Zero   RW         4533    .bss                heap_4.o
    0x20002ae0        -       0x00000400   Zero   RW         4793    .bss                u8g2_d_memory.o
    0x20002ee0        -       0x00000010   Zero   RW         8417    .bss                remote.o
    0x20002ef0        -       0x00000400   Zero   RW            1    STACK               startup_stm32f10x_md.o


==============================================================================

Image component sizes


      Code (inc. data)   RO Data    RW Data    ZI Data      Debug   Object Name

      1186         68          0         44         12       4497   adc_ps2.o
         0          0          0          0          0       4500   core_cm3.o
       240         24          0          8          0     181962   delay.o
       824        272          0          1         50       2201   displayoled.o
         0          0          0          0          0       9320   event_groups.o
       460         22          0         24      10240       3247   heap_4.o
       272         22          0          0          0       1712   i2c.o
       396         34          0          1         24       2215   key.o
        92         18          0          0          0       1281   led.o
       146          0          0          0          0       2966   list.o
       284         76          0         16        148       2903   main.o
       158         10          0          0          0     216301   misc.o
       700         64          0          0          0       7078   myspi.o
       358         46          0          4          0       8552   port.o
      1586         10          0          0          0       9319   queue.o
         0          0          0          0         16        186   remote.o
       444         22          0         12         32       2806   si24r1.o
        36          8        236          0       1024        800   startup_stm32f10x_md.o
       328          6          0          0          0      17588   stm32f10x_adc.o
       174         16          0          0          0      13958   stm32f10x_dma.o
       188         24          0          0          0       3996   stm32f10x_exti.o
       354          6          0          0          0      13548   stm32f10x_gpio.o
        12          0          0          0          0       2389   stm32f10x_it.o
        92         24          0          0          0       2053   stm32f10x_rcc.o
       370          8          0          0          0      26803   stm32f10x_tim.o
        22          0          0          0          0       8427   stm32f10x_usart.o
        82          0          0          0          0        484   sys.o
       240         18          0         20          0      46641   system_stm32f10x.o
      2008        186          0         60        200      25455   tasks.o
       112          4          0          0          0        643   timer.o
       892         54          0         20         40       6807   timers.o
         0          0          0          0          0     159145   u8g2_bitmap.o
       102          0          0          0          0       1959   u8g2_buffer.o
        12          4          0          0       1024        740   u8g2_d_memory.o
        60         14          0          0          0        977   u8g2_d_setup.o
      1846         10          0          0          0      13910   u8g2_font.o
         0          0       7617          0          0     145254   u8g2_fonts.o
       234          0          0          0          0       2127   u8g2_hvline.o
        78          0          0          0          0       1611   u8g2_intersection.o
       228          0          0          0          0       1630   u8g2_ll_hvline.o
       340          0         12          0          0     145976   u8g2_setup.o
       158          0          0          0          0       2821   u8x8_8x8.o
       706          0          0          0          0       5068   u8x8_byte.o
       432         12          0          6          0       7988   u8x8_cad.o
       276         26        344          0          0       2915   u8x8_d_ssd1306_128x64_noname.o
       198          0          0          0          0       3938   u8x8_display.o
         8          0          0          0          0        493   u8x8_gpio.o
        50          0          0          0          0        998   u8x8_setup.o
        36          4          0          0          0      15925   usart.o

    ----------------------------------------------------------------------
     16856       1112       8244        224      12812    1144113   Object Totals
         0          0         32          0          0          0   (incl. Generated)
        36          0          3          8          2          0   (incl. Padding)

    ----------------------------------------------------------------------

      Code (inc. data)   RO Data    RW Data    ZI Data      Debug   Library Member Name

         0          0          0          0          0          0   entry.o
         0          0          0          0          0          0   entry10a.o
         0          0          0          0          0          0   entry11a.o
         8          4          0          0          0          0   entry2.o
         4          0          0          0          0          0   entry5.o
         0          0          0          0          0          0   entry7b.o
         0          0          0          0          0          0   entry8b.o
         8          4          0          0          0          0   entry9a.o
        30          0          0          0          0          0   handlers.o
        36          8          0          0          0         68   init.o
         0          0          0          0          0          0   iusefp.o
        30          0          0          0          0         68   llshl.o
        36          0          0          0          0         68   llsshr.o
        32          0          0          0          0         68   llushr.o
        36          0          0          0          0         68   memcpya.o
        36          0          0          0          0        108   memseta.o
      2308         96          0          0          0        604   printfa.o
         0          0          0          4          0          0   stdout.o
        44          0          0          0          0         80   uidiv.o
        98          0          0          0          0         92   uldiv.o
        48          0          0          0          0         68   cdrcmple.o
       334          0          0          0          0        148   dadd.o
       222          0          0          0          0        100   ddiv.o
       186          0          0          0          0        176   depilogue.o
        48          0          0          0          0         68   dfixul.o
       228          0          0          0          0         96   dmul.o
        38          0          0          0          0         68   f2d.o
       110          0          0          0          0        168   fepilogue.o
        18          0          0          0          0         68   fflti.o

    ----------------------------------------------------------------------
      3940        112          0          4          0       2184   Library Totals
         2          0          0          0          0          0   (incl. Padding)

    ----------------------------------------------------------------------

      Code (inc. data)   RO Data    RW Data    ZI Data      Debug   Library Name

      2706        112          0          4          0       1224   mc_w.l
      1232          0          0          0          0        960   mf_w.l

    ----------------------------------------------------------------------
      3940        112          0          4          0       2184   Library Totals

    ----------------------------------------------------------------------

==============================================================================


      Code (inc. data)   RO Data    RW Data    ZI Data      Debug   

     20796       1224       8244        228      12812    1136101   Grand Totals
     20796       1224       8244        228      12812    1136101   ELF Image Totals
     20796       1224       8244        228          0          0   ROM Totals

==============================================================================

    Total RO  Size (Code + RO Data)                29040 (  28.36kB)
    Total RW  Size (RW Data + ZI Data)             13040 (  12.73kB)
    Total ROM Size (Code + RO Data + RW Data)      29268 (  28.58kB)

==============================================================================

