Component: ARM Compiler 5.06 update 5 (build 528) Tool: armlink [4d35e2]

==============================================================================

Section Cross References

    startup_stm32f10x_md.o(RESET) refers to startup_stm32f10x_md.o(STACK) for __initial_sp
    startup_stm32f10x_md.o(RESET) refers to startup_stm32f10x_md.o(.text) for Reset_Handler
    startup_stm32f10x_md.o(RESET) refers to stm32f10x_it.o(i.NMI_Handler) for NMI_Handler
    startup_stm32f10x_md.o(RESET) refers to stm32f10x_it.o(i.HardFault_Handler) for HardFault_Handler
    startup_stm32f10x_md.o(RESET) refers to stm32f10x_it.o(i.MemManage_Handler) for MemManage_Handler
    startup_stm32f10x_md.o(RESET) refers to stm32f10x_it.o(i.BusFault_Handler) for BusFault_Handler
    startup_stm32f10x_md.o(RESET) refers to stm32f10x_it.o(i.UsageFault_Handler) for UsageFault_Handler
    startup_stm32f10x_md.o(RESET) refers to port.o(.emb_text) for SVC_Handler
    startup_stm32f10x_md.o(RESET) refers to stm32f10x_it.o(i.DebugMon_Handler) for DebugMon_Handler
    startup_stm32f10x_md.o(RESET) refers to delay.o(i.SysTick_Handler) for SysTick_Handler
    startup_stm32f10x_md.o(RESET) refers to si24r1.o(i.EXTI2_IRQHandler) for EXTI2_IRQHandler
    startup_stm32f10x_md.o(RESET) refers to main.o(i.TIM4_IRQHandler) for TIM4_IRQHandler
    startup_stm32f10x_md.o(RESET) refers to serial.o(i.USART1_IRQHandler) for USART1_IRQHandler
    startup_stm32f10x_md.o(.text) refers to system_stm32f10x.o(i.SystemInit) for SystemInit
    startup_stm32f10x_md.o(.text) refers to entry.o(.ARM.Collect$$$$00000000) for __main
    system_stm32f10x.o(i.SetSysClock) refers to system_stm32f10x.o(i.SetSysClockTo72) for SetSysClockTo72
    system_stm32f10x.o(i.SystemCoreClockUpdate) refers to system_stm32f10x.o(.data) for SystemCoreClock
    system_stm32f10x.o(i.SystemInit) refers to system_stm32f10x.o(i.SetSysClock) for SetSysClock
    stm32f10x_adc.o(i.ADC_DeInit) refers to stm32f10x_rcc.o(i.RCC_APB2PeriphResetCmd) for RCC_APB2PeriphResetCmd
    stm32f10x_bkp.o(i.BKP_DeInit) refers to stm32f10x_rcc.o(i.RCC_BackupResetCmd) for RCC_BackupResetCmd
    stm32f10x_can.o(i.CAN_DeInit) refers to stm32f10x_rcc.o(i.RCC_APB1PeriphResetCmd) for RCC_APB1PeriphResetCmd
    stm32f10x_can.o(i.CAN_GetITStatus) refers to stm32f10x_can.o(i.CheckITStatus) for CheckITStatus
    stm32f10x_cec.o(i.CEC_DeInit) refers to stm32f10x_rcc.o(i.RCC_APB1PeriphResetCmd) for RCC_APB1PeriphResetCmd
    stm32f10x_dac.o(i.DAC_DeInit) refers to stm32f10x_rcc.o(i.RCC_APB1PeriphResetCmd) for RCC_APB1PeriphResetCmd
    stm32f10x_flash.o(i.FLASH_EnableWriteProtection) refers to stm32f10x_flash.o(i.FLASH_WaitForLastOperation) for FLASH_WaitForLastOperation
    stm32f10x_flash.o(i.FLASH_EraseAllBank1Pages) refers to stm32f10x_flash.o(i.FLASH_WaitForLastBank1Operation) for FLASH_WaitForLastBank1Operation
    stm32f10x_flash.o(i.FLASH_EraseAllPages) refers to stm32f10x_flash.o(i.FLASH_WaitForLastOperation) for FLASH_WaitForLastOperation
    stm32f10x_flash.o(i.FLASH_EraseOptionBytes) refers to stm32f10x_flash.o(i.FLASH_GetReadOutProtectionStatus) for FLASH_GetReadOutProtectionStatus
    stm32f10x_flash.o(i.FLASH_EraseOptionBytes) refers to stm32f10x_flash.o(i.FLASH_WaitForLastOperation) for FLASH_WaitForLastOperation
    stm32f10x_flash.o(i.FLASH_ErasePage) refers to stm32f10x_flash.o(i.FLASH_WaitForLastOperation) for FLASH_WaitForLastOperation
    stm32f10x_flash.o(i.FLASH_ProgramHalfWord) refers to stm32f10x_flash.o(i.FLASH_WaitForLastOperation) for FLASH_WaitForLastOperation
    stm32f10x_flash.o(i.FLASH_ProgramOptionByteData) refers to stm32f10x_flash.o(i.FLASH_WaitForLastOperation) for FLASH_WaitForLastOperation
    stm32f10x_flash.o(i.FLASH_ProgramWord) refers to stm32f10x_flash.o(i.FLASH_WaitForLastOperation) for FLASH_WaitForLastOperation
    stm32f10x_flash.o(i.FLASH_ReadOutProtection) refers to stm32f10x_flash.o(i.FLASH_WaitForLastOperation) for FLASH_WaitForLastOperation
    stm32f10x_flash.o(i.FLASH_UserOptionByteConfig) refers to stm32f10x_flash.o(i.FLASH_WaitForLastOperation) for FLASH_WaitForLastOperation
    stm32f10x_flash.o(i.FLASH_WaitForLastBank1Operation) refers to stm32f10x_flash.o(i.FLASH_GetBank1Status) for FLASH_GetBank1Status
    stm32f10x_flash.o(i.FLASH_WaitForLastOperation) refers to stm32f10x_flash.o(i.FLASH_GetBank1Status) for FLASH_GetBank1Status
    stm32f10x_gpio.o(i.GPIO_AFIODeInit) refers to stm32f10x_rcc.o(i.RCC_APB2PeriphResetCmd) for RCC_APB2PeriphResetCmd
    stm32f10x_gpio.o(i.GPIO_DeInit) refers to stm32f10x_rcc.o(i.RCC_APB2PeriphResetCmd) for RCC_APB2PeriphResetCmd
    stm32f10x_i2c.o(i.I2C_DeInit) refers to stm32f10x_rcc.o(i.RCC_APB1PeriphResetCmd) for RCC_APB1PeriphResetCmd
    stm32f10x_i2c.o(i.I2C_Init) refers to stm32f10x_rcc.o(i.RCC_GetClocksFreq) for RCC_GetClocksFreq
    stm32f10x_pwr.o(i.PWR_DeInit) refers to stm32f10x_rcc.o(i.RCC_APB1PeriphResetCmd) for RCC_APB1PeriphResetCmd
[...]
    i.kalman_1                               0x08004c20   Section        0  kalman.o(i.kalman_1)
    i.main                                   0x08004c78   Section        0  main.o(i.main)
    i.prvAddCurrentTaskToDelayedList         0x08004ce4   Section        0  tasks.o(i.prvAddCurrentTaskToDelayedList)
    prvAddCurrentTaskToDelayedList           0x08004ce5   Thumb Code   124  tasks.o(i.prvAddCurrentTaskToDelayedList)
    i.prvAddNewTaskToReadyList               0x08004d7c   Section        0  tasks.o(i.prvAddNewTaskToReadyList)
    prvAddNewTaskToReadyList                 0x08004d7d   Thumb Code   156  tasks.o(i.prvAddNewTaskToReadyList)
    i.prvCheckForValidListAndQueue           0x08004e34   Section        0  timers.o(i.prvCheckForValidListAndQueue)
    prvCheckForValidListAndQueue             0x08004e35   Thumb Code    56  timers.o(i.prvCheckForValidListAndQueue)
    i.prvCheckTasksWaitingTermination        0x08004e80   Section        0  tasks.o(i.prvCheckTasksWaitingTermination)
    prvCheckTasksWaitingTermination          0x08004e81   Thumb Code    86  tasks.o(i.prvCheckTasksWaitingTermination)
    i.prvCopyDataFromQueue                   0x08004ee4   Section        0  queue.o(i.prvCopyDataFromQueue)
    prvCopyDataFromQueue                     0x08004ee5   Thumb Code    42  queue.o(i.prvCopyDataFromQueue)
    i.prvCopyDataToQueue                     0x08004f0e   Section        0  queue.o(i.prvCopyDataToQueue)
    prvCopyDataToQueue                       0x08004f0f   Thumb Code   124  queue.o(i.prvCopyDataToQueue)
    i.prvDeleteTCB                           0x08004f8a   Section        0  tasks.o(i.prvDeleteTCB)
    prvDeleteTCB                             0x08004f8b   Thumb Code    18  tasks.o(i.prvDeleteTCB)
    i.prvGetNextExpireTime                   0x08004f9c   Section        0  timers.o(i.prvGetNextExpireTime)
    prvGetNextExpireTime                     0x08004f9d   Thumb Code    36  timers.o(i.prvGetNextExpireTime)
    i.prvHeapInit                            0x08004fc4   Section        0  heap_4.o(i.prvHeapInit)
    prvHeapInit                              0x08004fc5   Thumb Code    98  heap_4.o(i.prvHeapInit)
    i.prvIdleTask                            0x08005040   Section        0  tasks.o(i.prvIdleTask)
    prvIdleTask                              0x08005041   Thumb Code    32  tasks.o(i.prvIdleTask)
    i.prvInitialiseNewQueue                  0x08005068   Section        0  queue.o(i.prvInitialiseNewQueue)
    prvInitialiseNewQueue                    0x08005069   Thumb Code    42  queue.o(i.prvInitialiseNewQueue)
    i.prvInitialiseNewTask                   0x08005092   Section        0  tasks.o(i.prvInitialiseNewTask)
    prvInitialiseNewTask                     0x08005093   Thumb Code   144  tasks.o(i.prvInitialiseNewTask)
    i.prvInitialiseTaskLists                 0x08005124   Section        0  tasks.o(i.prvInitialiseTaskLists)
    prvInitialiseTaskLists                   0x08005125   Thumb Code    70  tasks.o(i.prvInitialiseTaskLists)
    i.prvInsertBlockIntoFreeList             0x0800518c   Section        0  heap_4.o(i.prvInsertBlockIntoFreeList)
    prvInsertBlockIntoFreeList               0x0800518d   Thumb Code    96  heap_4.o(i.prvInsertBlockIntoFreeList)
    i.prvInsertTimerInActiveList             0x080051f4   Section        0  timers.o(i.prvInsertTimerInActiveList)
    prvInsertTimerInActiveList               0x080051f5   Thumb Code    80  timers.o(i.prvInsertTimerInActiveList)
    i.prvIsQueueEmpty                        0x0800524c   Section        0  queue.o(i.prvIsQueueEmpty)
    prvIsQueueEmpty                          0x0800524d   Thumb Code    26  queue.o(i.prvIsQueueEmpty)
    i.prvIsQueueFull                         0x08005266   Section        0  queue.o(i.prvIsQueueFull)
    prvIsQueueFull                           0x08005267   Thumb Code    30  queue.o(i.prvIsQueueFull)
    i.prvProcessExpiredTimer                 0x08005284   Section        0  timers.o(i.prvProcessExpiredTimer)
    prvProcessExpiredTimer                   0x08005285   Thumb Code    70  timers.o(i.prvProcessExpiredTimer)
    i.prvProcessReceivedCommands             0x080052d0   Section        0  timers.o(i.prvProcessReceivedCommands)
    prvProcessReceivedCommands               0x080052d1   Thumb Code   184  timers.o(i.prvProcessReceivedCommands)
    i.prvProcessTimerOrBlockTask             0x0800538c   Section        0  timers.o(i.prvProcessTimerOrBlockTask)
    prvProcessTimerOrBlockTask               0x0800538d   Thumb Code   102  timers.o(i.prvProcessTimerOrBlockTask)
    i.prvResetNextTaskUnblockTime            0x08005400   Section        0  tasks.o(i.prvResetNextTaskUnblockTime)
    prvResetNextTaskUnblockTime              0x08005401   Thumb Code    42  tasks.o(i.prvResetNextTaskUnblockTime)
    i.prvSampleTimeNow                       0x08005434   Section        0  timers.o(i.prvSampleTimeNow)
    prvSampleTimeNow                         0x08005435   Thumb Code    40  timers.o(i.prvSampleTimeNow)
    i.prvSwitchTimerLists                    0x08005460   Section        0  timers.o(i.prvSwitchTimerLists)
    prvSwitchTimerLists                      0x08005461   Thumb Code   122  timers.o(i.prvSwitchTimerLists)
    i.prvTaskExitError                       0x080054e4   Section        0  port.o(i.prvTaskExitError)
    prvTaskExitError                         0x080054e5   Thumb Code    22  port.o(i.prvTaskExitError)
    i.prvTimerTask                           0x080054fa   Section        0  timers.o(i.prvTimerTask)
    prvTimerTask                             0x080054fb   Thumb Code    26  timers.o(i.prvTimerTask)
    i.prvUnlockQueue                         0x08005514   Section        0  queue.o(i.prvUnlockQueue)
    prvUnlockQueue                           0x08005515   Thumb Code   126  queue.o(i.prvUnlockQueue)
    i.pvPortMalloc                           0x08005594   Section        0  heap_4.o(i.pvPortMalloc)
    i.pvTaskIncrementMutexHeldCount          0x08005664   Section        0  tasks.o(i.pvTaskIncrementMutexHeldCount)
    i.pxPortInitialiseStack                  0x08005684   Section        0  port.o(i.pxPortInitialiseStack)
    i.sqrt                                   0x080056a8   Section        0  sqrt.o(i.sqrt)
    i.uxListRemove                           0x080056f4   Section        0  list.o(i.uxListRemove)
    i.vListInitialise                        0x0800571c   Section        0  list.o(i.vListInitialise)
    i.vListInitialiseItem                    0x08005736   Section        0  list.o(i.vListInitialiseItem)
    i.vListInsert                            0x0800573c   Section        0  list.o(i.vListInsert)
    i.vListInsertEnd                         0x08005770   Section        0  list.o(i.vListInsertEnd)
    i.vPortEnterCritical                     0x08005788   Section        0  port.o(i.vPortEnterCritical)
    i.vPortExitCritical                      0x080057ac   Section        0  port.o(i.vPortExitCritical)
    i.vPortFree                              0x080057cc   Section        0  heap_4.o(i.vPortFree)
    i.vPortSetupTimerInterrupt               0x08005814   Section        0  port.o(i.vPortSetupTimerInterrupt)
    i.vQueueWaitForMessageRestricted         0x08005828   Section        0  queue.o(i.vQueueWaitForMessageRestricted)
    i.vTaskDelay                             0x08005874   Section        0  tasks.o(i.vTaskDelay)
    i.vTaskDelayUntil                        0x080058a8   Section        0  tasks.o(i.vTaskDelayUntil)
    i.vTaskDelete                            0x0800591c   Section        0  tasks.o(i.vTaskDelete)
    i.vTaskMissedYield                       0x080059e8   Section        0  tasks.o(i.vTaskMissedYield)
    i.vTaskPlaceOnEventList                  0x080059f4   Section        0  tasks.o(i.vTaskPlaceOnEventList)
    i.vTaskPlaceOnEventListRestricted        0x08005a14   Section        0  tasks.o(i.vTaskPlaceOnEventListRestricted)
    i.vTaskPriorityInherit                   0x08005a3c   Section        0  tasks.o(i.vTaskPriorityInherit)
    i.vTaskSetTimeOutState                   0x08005aec   Section        0  tasks.o(i.vTaskSetTimeOutState)
    i.vTaskStartScheduler                    0x08005b04   Section        0  tasks.o(i.vTaskStartScheduler)
    i.vTaskSuspendAll                        0x08005b74   Section        0  tasks.o(i.vTaskSuspendAll)
    i.vTaskSwitchContext                     0x08005b84   Section        0  tasks.o(i.vTaskSwitchContext)
    i.xPortStartScheduler                    0x08005be4   Section        0  port.o(i.xPortStartScheduler)
    i.xPortSysTickHandler                    0x08005c18   Section        0  port.o(i.xPortSysTickHandler)
    i.xQueueGenericCreate                    0x08005c4c   Section        0  queue.o(i.xQueueGenericCreate)
    i.xQueueGenericReceive                   0x08005c84   Section        0  queue.o(i.xQueueGenericReceive)
    i.xQueueGenericReset                     0x08005de0   Section        0  queue.o(i.xQueueGenericReset)
    i.xQueueGenericSend                      0x08005e60   Section        0  queue.o(i.xQueueGenericSend)
    i.xQueueGenericSendFromISR               0x08005f78   Section        0  queue.o(i.xQueueGenericSendFromISR)
    i.xTaskCheckForTimeOut                   0x08006000   Section        0  tasks.o(i.xTaskCheckForTimeOut)
    i.xTaskCreate                            0x0800605c   Section        0  tasks.o(i.xTaskCreate)
    i.xTaskGetSchedulerState                 0x080060bc   Section        0  tasks.o(i.xTaskGetSchedulerState)
    i.xTaskGetTickCount                      0x080060dc   Section        0  tasks.o(i.xTaskGetTickCount)
    i.xTaskIncrementTick                     0x080060e8   Section        0  tasks.o(i.xTaskIncrementTick)
    i.xTaskPriorityDisinherit                0x08006204   Section        0  tasks.o(i.xTaskPriorityDisinherit)
    i.xTaskRemoveFromEventList               0x08006288   Section        0  tasks.o(i.xTaskRemoveFromEventList)
    i.xTaskResumeAll                         0x08006308   Section        0  tasks.o(i.xTaskResumeAll)
    i.xTimerCreateTimerTask                  0x080063f0   Section        0  timers.o(i.xTimerCreateTimerTask)
    i.xTimerGenericCommand                   0x08006430   Section        0  timers.o(i.xTimerGenericCommand)
    .constdata                               0x0800649c   Section       24  mymath.o(.constdata)
    .constdata                               0x080064b8   Section       80  asin.o(.constdata)
    pS                                       0x080064b8   Data          48  asin.o(.constdata)
    qS                                       0x080064e8   Data          32  asin.o(.constdata)
    .constdata                               0x08006508   Section      152  atan.o(.constdata)
    atanhi                                   0x08006508   Data          32  atan.o(.constdata)
    atanlo                                   0x08006528   Data          32  atan.o(.constdata)
    aTodd                                    0x08006548   Data          40  atan.o(.constdata)
    aTeven                                   0x08006570   Data          48  atan.o(.constdata)
    .constdata                               0x080065a0   Section        8  qnan.o(.constdata)
    .data                                    0x20000000   Section       20  system_stm32f10x.o(.data)
    .data                                    0x20000014   Section       20  stm32f10x_rcc.o(.data)
    APBAHBPrescTable                         0x20000014   Data          16  stm32f10x_rcc.o(.data)
    ADCPrescTable                            0x20000024   Data           4  stm32f10x_rcc.o(.data)
    .data                                    0x20000028   Section       26  sys.o(.data)
    cnt                                      0x20000040   Data           1  sys.o(.data)
    flag                                     0x20000041   Data           1  sys.o(.data)
    .data                                    0x20000044   Section        8  delay.o(.data)
    .data                                    0x2000004c   Section       16  si24r1.o(.data)
    .data                                    0x2000005c   Section       28  main.o(.data)
    .data                                    0x20000078   Section       60  tasks.o(.data)
    pxDelayedTaskList                        0x2000007c   Data           4  tasks.o(.data)
    pxOverflowDelayedTaskList                0x20000080   Data           4  tasks.o(.data)
    uxDeletedTasksWaitingCleanUp             0x20000084   Data           4  tasks.o(.data)
    uxCurrentNumberOfTasks                   0x20000088   Data           4  tasks.o(.data)
    xTickCount                               0x2000008c   Data           4  tasks.o(.data)
    uxTopReadyPriority                       0x20000090   Data           4  tasks.o(.data)
    xSchedulerRunning                        0x20000094   Data           4  tasks.o(.data)
    uxPendedTicks                            0x20000098   Data           4  tasks.o(.data)
    xYieldPending                            0x2000009c   Data           4  tasks.o(.data)
    xNumOfOverflows                          0x200000a0   Data           4  tasks.o(.data)
    uxTaskNumber                             0x200000a4   Data           4  tasks.o(.data)
    xNextTaskUnblockTime                     0x200000a8   Data           4  tasks.o(.data)
    xIdleTaskHandle                          0x200000ac   Data           4  tasks.o(.data)
    uxSchedulerSuspended                     0x200000b0   Data           4  tasks.o(.data)
    .data                                    0x200000b4   Section       20  timers.o(.data)
    pxCurrentTimerList                       0x200000b4   Data           4  timers.o(.data)
    pxOverflowTimerList                      0x200000b8   Data           4  timers.o(.data)
    xTimerQueue                              0x200000bc   Data           4  timers.o(.data)
    xTimerTaskHandle                         0x200000c0   Data           4  timers.o(.data)
    xLastTime                                0x200000c4   Data           4  timers.o(.data)
    .data                                    0x200000c8   Section        4  port.o(.data)
    uxCriticalNesting                        0x200000c8   Data           4  port.o(.data)
    .data                                    0x200000cc   Section       24  heap_4.o(.data)
    xStart                                   0x200000cc   Data           8  heap_4.o(.data)
    pxEnd                                    0x200000d4   Data           4  heap_4.o(.data)
    xFreeBytesRemaining                      0x200000d8   Data           4  heap_4.o(.data)
    xMinimumEverFreeBytesRemaining           0x200000dc   Data           4  heap_4.o(.data)
    xBlockAllocatedBit                       0x200000e0   Data           4  heap_4.o(.data)
    .data                                    0x200000e4   Section       28  imu.o(.data)
    NormAcc                                  0x200000e4   Data           4  imu.o(.data)
    KpDef                                    0x200000e8   Data           4  imu.o(.data)
    KiDef                                    0x200000ec   Data           4  imu.o(.data)
    NumQ                                     0x200000f0   Data          16  imu.o(.data)
    .data                                    0x20000100   Section       76  mpu6050.o(.data)
    pMpu                                     0x20000100   Data           4  mpu6050.o(.data)
    ekf                                      0x20000104   Data          72  mpu6050.o(.data)
    .data                                    0x2000014c   Section        8  ano_dt.o(.data)
    status_cnt                               0x2000014c   Data           1  ano_dt.o(.data)
    senser_cnt                               0x2000014d   Data           1  ano_dt.o(.data)
    rcdata_cnt                               0x2000014e   Data           1  ano_dt.o(.data)
    motopwm_cnt                              0x2000014f   Data           1  ano_dt.o(.data)
    power_cnt                                0x20000150   Data           1  ano_dt.o(.data)
    _data_len                                0x20000151   Data           1  ano_dt.o(.data)
    _data_cnt                                0x20000152   Data           1  ano_dt.o(.data)
    state                                    0x20000153   Data           1  ano_dt.o(.data)
    .data                                    0x20000154   Section       18  remote.o(.data)
    PreDataID                                0x20000165   Data           1  remote.o(.data)
    .data                                    0x20000168   Section        4  errno.o(.data)
    _errno                                   0x20000168   Data           4  errno.o(.data)
    .bss                                     0x2000016c   Section      104  sys.o(.bss)
    buf                                      0x20000184   Data          80  sys.o(.bss)
    .bss                                     0x200001d4   Section       64  si24r1.o(.bss)
    .bss                                     0x20000214   Section      200  tasks.o(.bss)
    pxReadyTasksLists                        0x20000214   Data         100  tasks.o(.bss)
    xDelayedTaskList1                        0x20000278   Data          20  tasks.o(.bss)
    xDelayedTaskList2                        0x2000028c   Data          20  tasks.o(.bss)
    xPendingReadyList                        0x200002a0   Data          20  tasks.o(.bss)
    xTasksWaitingTermination                 0x200002b4   Data          20  tasks.o(.bss)
    xSuspendedTaskList                       0x200002c8   Data          20  tasks.o(.bss)
    .bss                                     0x200002dc   Section       40  timers.o(.bss)
    xActiveTimerList1                        0x200002dc   Data          20  timers.o(.bss)
    xActiveTimerList2                        0x200002f0   Data          20  timers.o(.bss)
    .bss                                     0x20000304   Section    10240  heap_4.o(.bss)
    ucHeap                                   0x20000304   Data       10240  heap_4.o(.bss)
    .bss                                     0x20002b04   Section       12  imu.o(.bss)
    GyroIntegError                           0x20002b04   Data          12  imu.o(.bss)
    .bss                                     0x20002b10   Section       24  mpu6050.o(.bss)
    tBuff                                    0x20002b1c   Data          12  mpu6050.o(.bss)
    .bss                                     0x20002b28   Section      113  ano_dt.o(.bss)
    RxBuffer                                 0x20002b67   Data          50  ano_dt.o(.bss)
    .bss                                     0x20002b9c   Section      416  control.o(.bss)
    STACK                                    0x20002d40   Section     1024  startup_stm32f10x_md.o(STACK)

    Global Symbols

    Symbol Name                              Value     Ov Type        Size  Object(Section)

    BuildAttributes$$THM_ISAv4$P$D$K$B$S$PE$A:L22UL41UL21$X:L11$S22US41US21$IEEE1$IW$USESV6$~STKCKD$USESV7$~SHL$OTIME$ROPI$IEEEX$EBA8$MICROLIB$REQ8$PRES8$EABIv2 0x00000000   Number         0  anon$$obj.o ABSOLUTE
    __ARM_use_no_argv                        0x00000000   Number         0  main.o ABSOLUTE
    _printf_a                                0x00000000   Number         0  stubs.o ABSOLUTE
    _printf_c                                0x00000000   Number         0  stubs.o ABSOLUTE
    _printf_charcount                        0x00000000   Number         0  stubs.o ABSOLUTE
    _printf_d                                0x00000000   Number         0  stubs.o ABSOLUTE
    _printf_e                                0x00000000   Number         0  stubs.o ABSOLUTE
    _printf_f                                0x00000000   Number         0  stubs.o ABSOLUTE
    _printf_flags                            0x00000000   Number         0  stubs.o ABSOLUTE
    _printf_fp_dec                           0x00000000   Number         0  stubs.o ABSOLUTE
    _printf_fp_hex                           0x00000000   Number         0  stubs.o ABSOLUTE
    _printf_g                                0x00000000   Number         0  stubs.o ABSOLUTE
    _printf_i                                0x00000000   Number         0  stubs.o ABSOLUTE
    _printf_int_dec                          0x00000000   Number         0  stubs.o ABSOLUTE
    _printf_l                                0x00000000   Number         0  stubs.o ABSOLUTE
    _printf_lc                               0x00000000   Number         0  stubs.o ABSOLUTE
    _printf_ll                               0x00000000   Number         0  stubs.o ABSOLUTE
    _printf_lld                              0x00000000   Number         0  stubs.o ABSOLUTE
    _printf_lli                              0x00000000   Number         0  stubs.o ABSOLUTE
    _printf_llo                              0x00000000   Number         0  stubs.o ABSOLUTE
    _printf_llu                              0x00000000   Number         0  stubs.o ABSOLUTE
    _printf_llx                              0x00000000   Number         0  stubs.o ABSOLUTE
    _printf_longlong_dec                     0x00000000   Number         0  stubs.o ABSOLUTE
    _printf_longlong_hex                     0x00000000   Number         0  stubs.o ABSOLUTE
    _printf_longlong_oct                     0x00000000   Number         0  stubs.o ABSOLUTE
    _printf_ls                               0x00000000   Number         0  stubs.o ABSOLUTE
    _printf_mbtowc                           0x00000000   Number         0  stubs.o ABSOLUTE
    _printf_n                                0x00000000   Number         0  stubs.o ABSOLUTE
    _printf_o                                0x00000000   Number         0  stubs.o ABSOLUTE
    _printf_p                                0x00000000   Number         0  stubs.o ABSOLUTE
    _printf_percent                          0x00000000   Number         0  stubs.o ABSOLUTE
    _printf_pre_padding                      0x00000000   Number         0  stubs.o ABSOLUTE
    _printf_return_value                     0x00000000   Number         0  stubs.o ABSOLUTE
    _printf_s                                0x00000000   Number         0  stubs.o ABSOLUTE
    _printf_sizespec                         0x00000000   Number         0  stubs.o ABSOLUTE
    _printf_str                              0x00000000   Number         0  stubs.o ABSOLUTE
    _printf_truncate_signed                  0x00000000   Number         0  stubs.o ABSOLUTE
    _printf_truncate_unsigned                0x00000000   Number         0  stubs.o ABSOLUTE
    _printf_u                                0x00000000   Number         0  stubs.o ABSOLUTE
    _printf_wc                               0x00000000   Number         0  stubs.o ABSOLUTE
    _printf_wctomb                           0x00000000   Number         0  stubs.o ABSOLUTE
    _printf_widthprec                        0x00000000   Number         0  stubs.o ABSOLUTE
    _printf_x                                0x00000000   Number         0  stubs.o ABSOLUTE
    __cpp_initialize__aeabi_                  - Undefined Weak Reference
    __cxa_finalize                            - Undefined Weak Reference
    _clock_init                               - Undefined Weak Reference
    _microlib_exit                            - Undefined Weak Reference
    __Vectors_Size                           0x000000ec   Number         0  startup_stm32f10x_md.o ABSOLUTE
    __Vectors                                0x08000000   Data           4  startup_stm32f10x_md.o(RESET)
    __Vectors_End                            0x080000ec   Data           0  startup_stm32f10x_md.o(RESET)
    __main                                   0x080000ed   Thumb Code     0  entry.o(.ARM.Collect$$$$00000000)
    _main_stk                                0x080000ed   Thumb Code     0  entry2.o(.ARM.Collect$$$$00000001)
    _main_scatterload                        0x080000f1   Thumb Code     0  entry5.o(.ARM.Collect$$$$00000004)
    __main_after_scatterload                 0x080000f5   Thumb Code     0  entry5.o(.ARM.Collect$$$$00000004)
    _main_clock                              0x080000f5   Thumb Code     0  entry7b.o(.ARM.Collect$$$$00000008)
    _main_cpp_init                           0x080000f5   Thumb Code     0  entry8b.o(.ARM.Collect$$$$0000000A)
    _main_init                               0x080000f5   Thumb Code     0  entry9a.o(.ARM.Collect$$$$0000000B)
    __rt_final_cpp                           0x080000fd   Thumb Code     0  entry10a.o(.ARM.Collect$$$$0000000D)
    __rt_final_exit                          0x080000fd   Thumb Code     0  entry11a.o(.ARM.Collect$$$$0000000F)
    SVC_Handler                              0x08000101   Thumb Code    32  port.o(.emb_text)
    __asm___6_port_c_39a90d8d__prvStartFirstTask 0x08000125   Thumb Code    28  port.o(.emb_text)
    PendSV_Handler                           0x08000145   Thumb Code    72  port.o(.emb_text)
    vPortGetIPSR                             0x08000191   Thumb Code     6  port.o(.emb_text)
    Reset_Handler                            0x08000199   Thumb Code     8  startup_stm32f10x_md.o(.text)
    ADC1_2_IRQHandler                        0x080001b3   Thumb Code     0  startup_stm32f10x_md.o(.text)
    CAN1_RX1_IRQHandler                      0x080001b3   Thumb Code     0  startup_stm32f10x_md.o(.text)
    CAN1_SCE_IRQHandler                      0x080001b3   Thumb Code     0  startup_stm32f10x_md.o(.text)
    DMA1_Channel1_IRQHandler                 0x080001b3   Thumb Code     0  startup_stm32f10x_md.o(.text)
    DMA1_Channel2_IRQHandler                 0x080001b3   Thumb Code     0  startup_stm32f10x_md.o(.text)
    DMA1_Channel3_IRQHandler                 0x080001b3   Thumb Code     0  startup_stm32f10x_md.o(.text)
    DMA1_Channel4_IRQHandler                 0x080001b3   Thumb Code     0  startup_stm32f10x_md.o(.text)
    DMA1_Channel5_IRQHandler                 0x080001b3   Thumb Code     0  startup_stm32f10x_md.o(.text)
    DMA1_Channel6_IRQHandler                 0x080001b3   Thumb Code     0  startup_stm32f10x_md.o(.text)
    DMA1_Channel7_IRQHandler                 0x080001b3   Thumb Code     0  startup_stm32f10x_md.o(.text)
    EXTI0_IRQHandler                         0x080001b3   Thumb Code     0  startup_stm32f10x_md.o(.text)
    EXTI15_10_IRQHandler                     0x080001b3   Thumb Code     0  startup_stm32f10x_md.o(.text)
    EXTI1_IRQHandler                         0x080001b3   Thumb Code     0  startup_stm32f10x_md.o(.text)
    EXTI3_IRQHandler                         0x080001b3   Thumb Code     0  startup_stm32f10x_md.o(.text)
    EXTI4_IRQHandler                         0x080001b3   Thumb Code     0  startup_stm32f10x_md.o(.text)
    EXTI9_5_IRQHandler                       0x080001b3   Thumb Code     0  startup_stm32f10x_md.o(.text)
    FLASH_IRQHandler                         0x080001b3   Thumb Code     0  startup_stm32f10x_md.o(.text)
    I2C1_ER_IRQHandler                       0x080001b3   Thumb Code     0  startup_stm32f10x_md.o(.text)
    I2C1_EV_IRQHandler                       0x080001b3   Thumb Code     0  startup_stm32f10x_md.o(.text)
    I2C2_ER_IRQHandler                       0x080001b3   Thumb Code     0  startup_stm32f10x_md.o(.text)
    I2C2_EV_IRQHandler                       0x080001b3   Thumb Code     0  startup_stm32f10x_md.o(.text)
    PVD_IRQHandler                           0x080001b3   Thumb Code     0  startup_stm32f10x_md.o(.text)
    RCC_IRQHandler                           0x080001b3   Thumb Code     0  startup_stm32f10x_md.o(.text)
    RTCAlarm_IRQHandler                      0x080001b3   Thumb Code     0  startup_stm32f10x_md.o(.text)
    RTC_IRQHandler                           0x080001b3   Thumb Code     0  startup_stm32f10x_md.o(.text)
    SPI1_IRQHandler                          0x080001b3   Thumb Code     0  startup_stm32f10x_md.o(.text)
    SPI2_IRQHandler                          0x080001b3   Thumb Code     0  startup_stm32f10x_md.o(.text)
    TAMPER_IRQHandler                        0x080001b3   Thumb Code     0  startup_stm32f10x_md.o(.text)
    TIM1_BRK_IRQHandler                      0x080001b3   Thumb Code     0  startup_stm32f10x_md.o(.text)
    TIM1_CC_IRQHandler                       0x080001b3   Thumb Code     0  startup_stm32f10x_md.o(.text)
    TIM1_TRG_COM_IRQHandler                  0x080001b3   Thumb Code     0  startup_stm32f10x_md.o(.text)
    TIM1_UP_IRQHandler                       0x080001b3   Thumb Code     0  startup_stm32f10x_md.o(.text)
    TIM2_IRQHandler                          0x080001b3   Thumb Code     0  startup_stm32f10x_md.o(.text)
    TIM3_IRQHandler                          0x080001b3   Thumb Code     0  startup_stm32f10x_md.o(.text)
    USART2_IRQHandler                        0x080001b3   Thumb Code     0  startup_stm32f10x_md.o(.text)
    USART3_IRQHandler                        0x080001b3   Thumb Code     0  startup_stm32f10x_md.o(.text)
    USBWakeUp_IRQHandler                     0x080001b3   Thumb Code     0  startup_stm32f10x_md.o(.text)
    USB_HP_CAN1_TX_IRQHandler                0x080001b3   Thumb Code     0  startup_stm32f10x_md.o(.text)
    USB_LP_CAN1_RX0_IRQHandler               0x080001b3   Thumb Code     0  startup_stm32f10x_md.o(.text)
    WWDG_IRQHandler                          0x080001b3   Thumb Code     0  startup_stm32f10x_md.o(.text)
    __aeabi_memcpy                           0x080001bd   Thumb Code    36  memcpya.o(.text)
    __aeabi_memcpy4                          0x080001bd   Thumb Code     0  memcpya.o(.text)
    __aeabi_memcpy8                          0x080001bd   Thumb Code     0  memcpya.o(.text)
    __aeabi_memset                           0x080001e1   Thumb Code    14  memseta.o(.text)
    __aeabi_memset4                          0x080001e1   Thumb Code     0  memseta.o(.text)
    __aeabi_memset8                          0x080001e1   Thumb Code     0  memseta.o(.text)
    __aeabi_memclr                           0x080001ef   Thumb Code     4  memseta.o(.text)
    __aeabi_memclr4                          0x080001ef   Thumb Code     0  memseta.o(.text)
    __aeabi_memclr8                          0x080001ef   Thumb Code     0  memseta.o(.text)
    _memset$wrapper                          0x080001f3   Thumb Code    18  memseta.o(.text)
    __aeabi_fadd                             0x08000205   Thumb Code   164  fadd.o(.text)
    __aeabi_fsub                             0x080002a9   Thumb Code     6  fadd.o(.text)
    __aeabi_frsub                            0x080002af   Thumb Code     6  fadd.o(.text)
    __aeabi_fmul                             0x080002b5   Thumb Code   100  fmul.o(.text)
    __aeabi_fdiv                             0x08000319   Thumb Code   124  fdiv.o(.text)
    __aeabi_dadd                             0x08000395   Thumb Code   322  dadd.o(.text)
    __aeabi_dsub                             0x080004d7   Thumb Code     6  dadd.o(.text)
    __aeabi_drsub                            0x080004dd   Thumb Code     6  dadd.o(.text)
    __aeabi_dmul                             0x080004e3   Thumb Code   228  dmul.o(.text)
    __aeabi_i2f                              0x080005c7   Thumb Code    18  fflti.o(.text)
    __aeabi_ui2f                             0x080005d9   Thumb Code    10  ffltui.o(.text)
    __aeabi_i2d                              0x080005e3   Thumb Code    34  dflti.o(.text)
    __aeabi_f2iz                             0x08000605   Thumb Code    50  ffixi.o(.text)
    __aeabi_f2uiz                            0x08000637   Thumb Code    40  ffixui.o(.text)
    __aeabi_f2d                              0x0800065f   Thumb Code    38  f2d.o(.text)
    __aeabi_d2f                              0x08000685   Thumb Code    56  d2f.o(.text)
    __aeabi_cfcmpeq                          0x080006bd   Thumb Code     0  cfcmple.o(.text)
    __aeabi_cfcmple                          0x080006bd   Thumb Code    20  cfcmple.o(.text)
    __aeabi_cfrcmple                         0x080006d1   Thumb Code    20  cfrcmple.o(.text)
    __aeabi_llsl                             0x080006e5   Thumb Code    30  llshl.o(.text)
    _ll_shift_l                              0x080006e5   Thumb Code     0  llshl.o(.text)
    __aeabi_lasr                             0x08000703   Thumb Code    36  llsshr.o(.text)
    _ll_sshift_r                             0x08000703   Thumb Code     0  llsshr.o(.text)
    __I$use$fp                               0x08000727   Thumb Code     0  iusefp.o(.text)
    _float_round                             0x08000727   Thumb Code    18  fepilogue.o(.text)
    _float_epilogue                          0x08000739   Thumb Code    92  fepilogue.o(.text)
    _double_round                            0x08000795   Thumb Code    30  depilogue.o(.text)
    _double_epilogue                         0x080007b3   Thumb Code   156  depilogue.o(.text)
    __aeabi_ddiv                             0x0800084f   Thumb Code   222  ddiv.o(.text)
    __ARM_scalbn                             0x0800092d   Thumb Code    46  dscalb.o(.text)
    scalbn                                   0x0800092d   Thumb Code     0  dscalb.o(.text)
    __scatterload                            0x0800095d   Thumb Code    28  init.o(.text)
    __scatterload_rt2                        0x0800095d   Thumb Code     0  init.o(.text)
    __aeabi_llsr                             0x08000981   Thumb Code    32  llushr.o(.text)
    _ll_ushift_r                             0x08000981   Thumb Code     0  llushr.o(.text)
    _dsqrt                                   0x080009a1   Thumb Code   162  dsqrt.o(.text)
    __decompress                             0x08000a43   Thumb Code     0  __dczerorl2.o(.text)
    __decompress1                            0x08000a43   Thumb Code    86  __dczerorl2.o(.text)
    ADC_Cmd                                  0x08000a99   Thumb Code    22  stm32f10x_adc.o(i.ADC_Cmd)
    ADC_GetConversionValue                   0x08000aaf   Thumb Code     8  stm32f10x_adc.o(i.ADC_GetConversionValue)
    ADC_GetFlagStatus                        0x08000ab7   Thumb Code    18  stm32f10x_adc.o(i.ADC_GetFlagStatus)
    ADC_Init                                 0x08000ac9   Thumb Code    70  stm32f10x_adc.o(i.ADC_Init)
    ADC_RegularChannelConfig                 0x08000b19   Thumb Code   184  stm32f10x_adc.o(i.ADC_RegularChannelConfig)
    ADC_SoftwareStartConvCmd                 0x08000bd1   Thumb Code    22  stm32f10x_adc.o(i.ADC_SoftwareStartConvCmd)
    ANO_DT_Data_Exchange                     0x08000be9   Thumb Code   560  ano_dt.o(i.ANO_DT_Data_Exchange)
    ANO_DT_Data_Receive_Anl                  0x08000e5d   Thumb Code   862  ano_dt.o(i.ANO_DT_Data_Receive_Anl)
    ANO_DT_Data_Receive_Prepare              0x080011e1   Thumb Code   216  ano_dt.o(i.ANO_DT_Data_Receive_Prepare)
    ANO_DT_Send_MotoPWM                      0x0800130d   Thumb Code   294  ano_dt.o(i.ANO_DT_Send_MotoPWM)
    ANO_DT_Send_PID                          0x08001439   Thumb Code   516  ano_dt.o(i.ANO_DT_Send_PID)
    ANO_DT_Send_Power                        0x08001645   Thumb Code   136  ano_dt.o(i.ANO_DT_Send_Power)
    ANO_DT_Send_RCData                       0x080016d1   Thumb Code   350  ano_dt.o(i.ANO_DT_Send_RCData)
    ANO_DT_Send_Senser                       0x08001835   Thumb Code   374  ano_dt.o(i.ANO_DT_Send_Senser)
    ANO_DT_Send_Status                       0x080019b1   Thumb Code   316  ano_dt.o(i.ANO_DT_Send_Status)
    ANO_DT_Send_Version                      0x08001af5   Thumb Code   192  ano_dt.o(i.ANO_DT_Send_Version)
    Aver_Filter                              0x08001c41   Thumb Code   120  sys.o(i.Aver_Filter)
    BATT_GetVoltage                          0x08001cc5   Thumb Code    72  sys.o(i.BATT_GetVoltage)
    Battery_Init                             0x08001d15   Thumb Code   104  sys.o(i.Battery_Init)
    BusFault_Handler                         0x08001d85   Thumb Code     4  stm32f10x_it.o(i.BusFault_Handler)
    DMA_Cmd                                  0x08001d89   Thumb Code    24  stm32f10x_dma.o(i.DMA_Cmd)
    DMA_DeInit                               0x08001da1   Thumb Code   324  stm32f10x_dma.o(i.DMA_DeInit)
    DMA_Init                                 0x08001eed   Thumb Code    60  stm32f10x_dma.o(i.DMA_Init)
    DMA_SetCurrDataCounter                   0x08001f29   Thumb Code     4  stm32f10x_dma.o(i.DMA_SetCurrDataCounter)
    DebugMon_Handler                         0x08001f2d   Thumb Code     2  stm32f10x_it.o(i.DebugMon_Handler)
    EXTI2_IRQHandler                         0x08001f31   Thumb Code   134  si24r1.o(i.EXTI2_IRQHandler)
    EXTI_ClearITPendingBit                   0x08001fc5   Thumb Code     6  stm32f10x_exti.o(i.EXTI_ClearITPendingBit)
    EXTI_GetITStatus                         0x08001fd1   Thumb Code    34  stm32f10x_exti.o(i.EXTI_GetITStatus)
    EXTI_Init                                0x08001ff9   Thumb Code   142  stm32f10x_exti.o(i.EXTI_Init)
    GPIO_EXTILineConfig                      0x0800208d   Thumb Code    60  stm32f10x_gpio.o(i.GPIO_EXTILineConfig)
    GPIO_Init                                0x080020cd   Thumb Code   278  stm32f10x_gpio.o(i.GPIO_Init)
    GPIO_ReadInputDataBit                    0x080021e3   Thumb Code    18  stm32f10x_gpio.o(i.GPIO_ReadInputDataBit)
    GPIO_SetBits                             0x080021f5   Thumb Code     4  stm32f10x_gpio.o(i.GPIO_SetBits)
    GPIO_WriteBit                            0x080021f9   Thumb Code    10  stm32f10x_gpio.o(i.GPIO_WriteBit)
    GetAngle                                 0x08002205   Thumb Code  1846  imu.o(i.GetAngle)
    Get_BatteryAdc                           0x08002951   Thumb Code    46  sys.o(i.Get_BatteryAdc)
    HardFault_Handler                        0x08002985   Thumb Code     4  stm32f10x_it.o(i.HardFault_Handler)
    HardWare_Init                            0x08002989   Thumb Code    56  main.o(i.HardWare_Init)
    IIC_Init                                 0x08002ec9   Thumb Code    38  iic.o(i.IIC_Init)
    IIC_Read_One_Byte                        0x08002ef5   Thumb Code   100  iic.o(i.IIC_Read_One_Byte)
    IIC_Write_One_Byte                       0x08002f59   Thumb Code    68  iic.o(i.IIC_Write_One_Byte)
    IIC_read_Bytes                           0x08002f9d   Thumb Code   128  iic.o(i.IIC_read_Bytes)
    Led_Init                                 0x0800301d   Thumb Code    46  led.o(i.Led_Init)
    MemManage_Handler                        0x08003051   Thumb Code     4  stm32f10x_it.o(i.MemManage_Handler)
    MpuGetData                               0x08003055   Thumb Code   220  mpu6050.o(i.MpuGetData)
    MpuGetOffset                             0x08003149   Thumb Code   264  mpu6050.o(i.MpuGetOffset)
    MpuInit                                  0x08003259   Thumb Code   124  mpu6050.o(i.MpuInit)
    MySPI_Init                               0x080032d5   Thumb Code   150  myspi.o(i.MySPI_Init)
    MySPI_R_MISO                             0x08003375   Thumb Code    18  myspi.o(i.MySPI_R_MISO)
    MySPI_Start                              0x0800338d   Thumb Code    10  myspi.o(i.MySPI_Start)
    MySPI_Stop                               0x08003397   Thumb Code    10  myspi.o(i.MySPI_Stop)
    MySPI_SwapByte                           0x080033a1   Thumb Code    60  myspi.o(i.MySPI_SwapByte)
    MySPI_W_CE                               0x080033dd   Thumb Code    18  myspi.o(i.MySPI_W_CE)
    MySPI_W_CSN                              0x080033f5   Thumb Code    18  myspi.o(i.MySPI_W_CSN)
    MySPI_W_IRQ                              0x0800340d   Thumb Code    16  myspi.o(i.MySPI_W_IRQ)
    MySPI_W_MOSI                             0x08003421   Thumb Code    18  myspi.o(i.MySPI_W_MOSI)
    MySPI_W_SCK                              0x08003439   Thumb Code    18  myspi.o(i.MySPI_W_SCK)
    NMI_Handler                              0x08003451   Thumb Code     2  stm32f10x_it.o(i.NMI_Handler)
    NVIC_Init                                0x08003455   Thumb Code   100  misc.o(i.NVIC_Init)
    NVIC_PriorityGroupConfig                 0x080034c5   Thumb Code    10  misc.o(i.NVIC_PriorityGroupConfig)
    NVIC_init                                0x080034d9   Thumb Code    66  sys.o(i.NVIC_init)
    PID_ParamInit                            0x0800351d   Thumb Code    82  control.o(i.PID_ParamInit)
    Q_rsqrt                                  0x0800358d   Thumb Code    74  mymath.o(i.Q_rsqrt)
    RCC_ADCCLKConfig                         0x080035dd   Thumb Code    18  stm32f10x_rcc.o(i.RCC_ADCCLKConfig)
    RCC_AHBPeriphClockCmd                    0x080035f5   Thumb Code    26  stm32f10x_rcc.o(i.RCC_AHBPeriphClockCmd)
    RCC_APB1PeriphClockCmd                   0x08003615   Thumb Code    26  stm32f10x_rcc.o(i.RCC_APB1PeriphClockCmd)
    RCC_APB2PeriphClockCmd                   0x08003635   Thumb Code    26  stm32f10x_rcc.o(i.RCC_APB2PeriphClockCmd)
    RCC_GetClocksFreq                        0x08003655   Thumb Code   192  stm32f10x_rcc.o(i.RCC_GetClocksFreq)
    RX_Mode                                  0x08003729   Thumb Code    32  si24r1.o(i.RX_Mode)
    Remote_Data_ReceiveAnalysis              0x08003749   Thumb Code   126  remote.o(i.Remote_Data_ReceiveAnalysis)
    SI24R1_Config                            0x080037dd   Thumb Code   144  si24r1.o(i.SI24R1_Config)
    SI24R1_ReceivePacket                     0x08003875   Thumb Code    36  si24r1.o(i.SI24R1_ReceivePacket)
    SI24R1_SendPacket                        0x08003899   Thumb Code    50  si24r1.o(i.SI24R1_SendPacket)
    SPI_Read_Buf                             0x080038cb   Thumb Code    52  myspi.o(i.SPI_Read_Buf)
    SPI_Read_Byte                            0x080038ff   Thumb Code    30  myspi.o(i.SPI_Read_Byte)
    SPI_Write_Buf                            0x0800391d   Thumb Code    52  myspi.o(i.SPI_Write_Buf)
    SPI_Write_Byte                           0x08003951   Thumb Code    32  myspi.o(i.SPI_Write_Byte)
    SendToRemote                             0x08003971   Thumb Code   192  main.o(i.SendToRemote)
    Serial_Init                              0x08003a49   Thumb Code   162  serial.o(i.Serial_Init)
    SysTick_CLKSourceConfig                  0x08003bdd   Thumb Code    40  misc.o(i.SysTick_CLKSourceConfig)
    SysTick_Handler                          0x08003c05   Thumb Code    16  delay.o(i.SysTick_Handler)
    SystemInit                               0x08003c15   Thumb Code    78  system_stm32f10x.o(i.SystemInit)
    TIM3_PWM_Init                            0x08003c75   Thumb Code   202  pwm.o(i.TIM3_PWM_Init)
    TIM4_IRQHandler                          0x08003d4d   Thumb Code    56  main.o(i.TIM4_IRQHandler)
    TIM_ClearITPendingBit                    0x08003d91   Thumb Code     6  stm32f10x_tim.o(i.TIM_ClearITPendingBit)
    TIM_Cmd                                  0x08003d97   Thumb Code    24  stm32f10x_tim.o(i.TIM_Cmd)
    TIM_GetITStatus                          0x08003daf   Thumb Code    34  stm32f10x_tim.o(i.TIM_GetITStatus)
    TIM_OC1Init                              0x08003dd1   Thumb Code   132  stm32f10x_tim.o(i.TIM_OC1Init)
    TIM_OC1PreloadConfig                     0x08003e69   Thumb Code    18  stm32f10x_tim.o(i.TIM_OC1PreloadConfig)
    TIM_OC2Init                              0x08003e7d   Thumb Code   154  stm32f10x_tim.o(i.TIM_OC2Init)
    TIM_OC2PreloadConfig                     0x08003f21   Thumb Code    26  stm32f10x_tim.o(i.TIM_OC2PreloadConfig)
    TIM_OC3Init                              0x08003f3d   Thumb Code   150  stm32f10x_tim.o(i.TIM_OC3Init)
    TIM_OC3PreloadConfig                     0x08003fdd   Thumb Code    18  stm32f10x_tim.o(i.TIM_OC3PreloadConfig)
    TIM_OC4Init                              0x08003ff1   Thumb Code   114  stm32f10x_tim.o(i.TIM_OC4Init)
    TIM_OC4PreloadConfig                     0x0800406d   Thumb Code    26  stm32f10x_tim.o(i.TIM_OC4PreloadConfig)
    TIM_TimeBaseInit                         0x08004089   Thumb Code   122  stm32f10x_tim.o(i.TIM_TimeBaseInit)
    Task1                                    0x0800412d   Thumb Code    54  main.o(i.Task1)
    Task3                                    0x08004175   Thumb Code    24  main.o(i.Task3)
    USART1_DMA_Init                          0x0800418d   Thumb Code    72  serial.o(i.USART1_DMA_Init)
    USART1_DMA_Send                          0x080041d5   Thumb Code    32  serial.o(i.USART1_DMA_Send)
    USART1_IRQHandler                        0x080041f9   Thumb Code    70  serial.o(i.USART1_IRQHandler)
    USART_ClearITPendingBit                  0x08004245   Thumb Code    30  stm32f10x_usart.o(i.USART_ClearITPendingBit)
    USART_Cmd                                0x08004263   Thumb Code    24  stm32f10x_usart.o(i.USART_Cmd)
    USART_DMACmd                             0x0800427b   Thumb Code    18  stm32f10x_usart.o(i.USART_DMACmd)
    USART_GetITStatus                        0x0800428d   Thumb Code    84  stm32f10x_usart.o(i.USART_GetITStatus)
    USART_ITConfig                           0x080042e1   Thumb Code    74  stm32f10x_usart.o(i.USART_ITConfig)
    USART_Init                               0x0800432d   Thumb Code   210  stm32f10x_usart.o(i.USART_Init)
    UsageFault_Handler                       0x08004405   Thumb Code     4  stm32f10x_it.o(i.UsageFault_Handler)
    __ARM_fpclassify                         0x08004409   Thumb Code    40  fpclassify.o(i.__ARM_fpclassify)
    __kernel_poly                            0x08004431   Thumb Code   170  poly.o(i.__kernel_poly)
    __mathlib_dbl_infnan                     0x080044db   Thumb Code     6  dunder.o(i.__mathlib_dbl_infnan)
    __mathlib_dbl_infnan2                    0x080044e1   Thumb Code     4  dunder.o(i.__mathlib_dbl_infnan2)
    __mathlib_dbl_invalid                    0x080044e5   Thumb Code    12  dunder.o(i.__mathlib_dbl_invalid)
    __mathlib_dbl_underflow                  0x080044f1   Thumb Code    10  dunder.o(i.__mathlib_dbl_underflow)
    __scatterload_copy                       0x08004501   Thumb Code    14  handlers.o(i.__scatterload_copy)
    __scatterload_null                       0x0800450f   Thumb Code     2  handlers.o(i.__scatterload_null)
    __scatterload_zeroinit                   0x08004511   Thumb Code    14  handlers.o(i.__scatterload_zeroinit)
    __set_errno                              0x08004521   Thumb Code     6  errno.o(i.__set_errno)
    asin                                     0x0800452d   Thumb Code   572  asin.o(i.asin)
    atan                                     0x0800479d   Thumb Code   474  atan.o(i.atan)
    atan2                                    0x080049bd   Thumb Code   346  atan2.o(i.atan2)
    delay_init                               0x08004b3d   Thumb Code    74  delay.o(i.delay_init)
    delay_ms                                 0x08004b99   Thumb Code    60  delay.o(i.delay_ms)
    delay_us                                 0x08004bd9   Thumb Code    68  delay.o(i.delay_us)
    kalman_1                                 0x08004c21   Thumb Code    88  kalman.o(i.kalman_1)
    main                                     0x08004c79   Thumb Code    74  main.o(i.main)
    pvPortMalloc                             0x08005595   Thumb Code   188  heap_4.o(i.pvPortMalloc)
    pvTaskIncrementMutexHeldCount            0x08005665   Thumb Code    26  tasks.o(i.pvTaskIncrementMutexHeldCount)
    pxPortInitialiseStack                    0x08005685   Thumb Code    30  port.o(i.pxPortInitialiseStack)
    sqrt                                     0x080056a9   Thumb Code    76  sqrt.o(i.sqrt)
    uxListRemove                             0x080056f5   Thumb Code    40  list.o(i.uxListRemove)
    vListInitialise                          0x0800571d   Thumb Code    26  list.o(i.vListInitialise)
    vListInitialiseItem                      0x08005737   Thumb Code     6  list.o(i.vListInitialiseItem)
    vListInsert                              0x0800573d   Thumb Code    52  list.o(i.vListInsert)
    vListInsertEnd                           0x08005771   Thumb Code    24  list.o(i.vListInsertEnd)
    vPortEnterCritical                       0x08005789   Thumb Code    30  port.o(i.vPortEnterCritical)
    vPortExitCritical                        0x080057ad   Thumb Code    28  port.o(i.vPortExitCritical)
    vPortFree                                0x080057cd   Thumb Code    64  heap_4.o(i.vPortFree)
    vPortSetupTimerInterrupt                 0x08005815   Thumb Code    14  port.o(i.vPortSetupTimerInterrupt)
    vQueueWaitForMessageRestricted           0x08005829   Thumb Code    74  queue.o(i.vQueueWaitForMessageRestricted)
    vTaskDelay                               0x08005875   Thumb Code    46  tasks.o(i.vTaskDelay)
    vTaskDelayUntil                          0x080058a9   Thumb Code   106  tasks.o(i.vTaskDelayUntil)
    vTaskDelete                              0x0800591d   Thumb Code   166  tasks.o(i.vTaskDelete)
    vTaskMissedYield                         0x080059e9   Thumb Code     8  tasks.o(i.vTaskMissedYield)
    vTaskPlaceOnEventList                    0x080059f5   Thumb Code    28  tasks.o(i.vTaskPlaceOnEventList)
    vTaskPlaceOnEventListRestricted          0x08005a15   Thumb Code    36  tasks.o(i.vTaskPlaceOnEventListRestricted)
    vTaskPriorityInherit                     0x08005a3d   Thumb Code   164  tasks.o(i.vTaskPriorityInherit)
    vTaskSetTimeOutState                     0x08005aed   Thumb Code    14  tasks.o(i.vTaskSetTimeOutState)
    vTaskStartScheduler                      0x08005b05   Thumb Code    82  tasks.o(i.vTaskStartScheduler)
    vTaskSuspendAll                          0x08005b75   Thumb Code    12  tasks.o(i.vTaskSuspendAll)
    vTaskSwitchContext                       0x08005b85   Thumb Code    76  tasks.o(i.vTaskSwitchContext)
    xPortStartScheduler                      0x08005be5   Thumb Code    42  port.o(i.xPortStartScheduler)
    xPortSysTickHandler                      0x08005c19   Thumb Code    46  port.o(i.xPortSysTickHandler)
    xQueueGenericCreate                      0x08005c4d   Thumb Code    56  queue.o(i.xQueueGenericCreate)
    xQueueGenericReceive                     0x08005c85   Thumb Code   342  queue.o(i.xQueueGenericReceive)
    xQueueGenericReset                       0x08005de1   Thumb Code   122  queue.o(i.xQueueGenericReset)
    xQueueGenericSend                        0x08005e61   Thumb Code   276  queue.o(i.xQueueGenericSend)
    xQueueGenericSendFromISR                 0x08005f79   Thumb Code   134  queue.o(i.xQueueGenericSendFromISR)
    xTaskCheckForTimeOut                     0x08006001   Thumb Code    84  tasks.o(i.xTaskCheckForTimeOut)
    xTaskCreate                              0x0800605d   Thumb Code    96  tasks.o(i.xTaskCreate)
    xTaskGetSchedulerState                   0x080060bd   Thumb Code    24  tasks.o(i.xTaskGetSchedulerState)
    xTaskGetTickCount                        0x080060dd   Thumb Code     6  tasks.o(i.xTaskGetTickCount)
    xTaskIncrementTick                       0x080060e9   Thumb Code   238  tasks.o(i.xTaskIncrementTick)
    xTaskPriorityDisinherit                  0x08006205   Thumb Code   122  tasks.o(i.xTaskPriorityDisinherit)
    xTaskRemoveFromEventList                 0x08006289   Thumb Code   104  tasks.o(i.xTaskRemoveFromEventList)
    xTaskResumeAll                           0x08006309   Thumb Code   196  tasks.o(i.xTaskResumeAll)
    xTimerCreateTimerTask                    0x080063f1   Thumb Code    42  timers.o(i.xTimerCreateTimerTask)
    xTimerGenericCommand                     0x08006431   Thumb Code   102  timers.o(i.xTimerGenericCommand)
    M_PI                                     0x0800649c   Data           4  mymath.o(.constdata)
    RtA                                      0x080064a0   Data           4  mymath.o(.constdata)
    AtR                                      0x080064a4   Data           4  mymath.o(.constdata)
    Gyro_G                                   0x080064a8   Data           4  mymath.o(.constdata)
    Gyro_Gr                                  0x080064ac   Data           4  mymath.o(.constdata)
    PI_2                                     0x080064b0   Data           4  mymath.o(.constdata)
    __mathlib_zero                           0x080065a0   Data           8  qnan.o(.constdata)
    Region$$Table$$Base                      0x080065a8   Number         0  anon$$obj.o(Region$$Table)
    Region$$Table$$Limit                     0x080065c8   Number         0  anon$$obj.o(Region$$Table)
    SystemCoreClock                          0x20000000   Data           4  system_stm32f10x.o(.data)
    AHBPrescTable                            0x20000004   Data          16  system_stm32f10x.o(.data)
    ALL_flag                                 0x20000028   Data           1  sys.o(.data)
    BAT                                      0x2000002c   Data          20  sys.o(.data)
    fac_us                                   0x20000044   Data           4  delay.o(.data)
    fac_ms                                   0x20000048   Data           4  delay.o(.data)
    TX_ADDRESS                               0x2000004c   Data           5  si24r1.o(.data)
    RX_ADDRESS                               0x20000051   Data           5  si24r1.o(.data)
    sta                                      0x20000056   Data           1  si24r1.o(.data)
    FLYDataRx_OK                             0x20000057   Data           1  si24r1.o(.data)
    FLY_Connect_OK                           0x20000058   Data           1  si24r1.o(.data)
    Reconnection_flag                        0x20000059   Data           1  si24r1.o(.data)
    RX_OK                                    0x2000005a   Data           1  si24r1.o(.data)
    TX_OK                                    0x2000005b   Data           1  si24r1.o(.data)
    Task1_Handler                            0x2000005c   Data           4  main.o(.data)
    Task2_Handler                            0x20000060   Data           4  main.o(.data)
    Task3_Handler                            0x20000064   Data           4  main.o(.data)
    AppTaskCreate_Handle                     0x20000068   Data           4  main.o(.data)
    xReturn                                  0x2000006c   Data           4  main.o(.data)
    xBinarySemaphore                         0x20000070   Data           4  main.o(.data)
    count                                    0x20000074   Data           2  main.o(.data)
    SendStatus                               0x20000076   Data           1  main.o(.data)
    Update_Lock                              0x20000077   Data           1  main.o(.data)
    pxCurrentTCB                             0x20000078   Data           4  tasks.o(.data)
    RemoteConnect                            0x20000154   Data           6  remote.o(.data)
    RC                                       0x2000015a   Data           8  remote.o(.data)
    SI24R1_Controlflag                       0x20000162   Data           1  remote.o(.data)
    FLY_UnLock                               0x20000163   Data           1  remote.o(.data)
    DataID                                   0x20000164   Data           1  remote.o(.data)
    MPU6050                                  0x2000016c   Data          12  sys.o(.bss)
    Angle                                    0x20000178   Data          12  sys.o(.bss)
    TxBuf                                    0x200001d4   Data          32  si24r1.o(.bss)
    RxBuf                                    0x200001f4   Data          32  si24r1.o(.bss)
    MpuOffset                                0x20002b10   Data          12  mpu6050.o(.bss)
    f                                        0x20002b28   Data          13  ano_dt.o(.bss)
    data_to_send                             0x20002b35   Data          50  ano_dt.o(.bss)
    pidRateX                                 0x20002b9c   Data          52  control.o(.bss)
    pidRateY                                 0x20002bd0   Data          52  control.o(.bss)
    pidRateZ                                 0x20002c04   Data          52  control.o(.bss)
    pidPitch                                 0x20002c38   Data          52  control.o(.bss)
    pidRoll                                  0x20002c6c   Data          52  control.o(.bss)
    pidYaw                                   0x20002ca0   Data          52  control.o(.bss)
    pidHeightRate                            0x20002cd4   Data          52  control.o(.bss)
    pidHeightHigh                            0x20002d08   Data          52  control.o(.bss)
    __initial_sp                             0x20003140   Data           0  startup_stm32f10x_md.o(STACK)



==============================================================================

Memory Map of the image

  Image Entry point : 0x080000ed

  Load Region LR_IROM1 (Base: 0x08000000, Size: 0x00006734, Max: 0x00010000, ABSOLUTE, COMPRESSED[0x00006624])

    Execution Region ER_IROM1 (Exec base: 0x08000000, Load base: 0x08000000, Size: 0x000065c8, Max: 0x00010000, ABSOLUTE)

    Exec Addr    Load Addr    Size         Type   Attr      Idx    E Section Name        Object

    0x08000000   0x08000000   0x000000ec   Data   RO            3    RESET               startup_stm32f10x_md.o
    0x080000ec   0x080000ec   0x00000000   Code   RO         5270  * .ARM.Collect$$$$00000000  mc_w.l(entry.o)
    0x080000ec   0x080000ec   0x00000004   Code   RO         5633    .ARM.Collect$$$$00000001  mc_w.l(entry2.o)
    0x080000f0   0x080000f0   0x00000004   Code   RO         5636    .ARM.Collect$$$$00000004  mc_w.l(entry5.o)
    0x080000f4   0x080000f4   0x00000000   Code   RO         5638    .ARM.Collect$$$$00000008  mc_w.l(entry7b.o)
    0x080000f4   0x080000f4   0x00000000   Code   RO         5640    .ARM.Collect$$$$0000000A  mc_w.l(entry8b.o)
    0x080000f4   0x080000f4   0x00000008   Code   RO         5641    .ARM.Collect$$$$0000000B  mc_w.l(entry9a.o)
    0x080000fc   0x080000fc   0x00000000   Code   RO         5643    .ARM.Collect$$$$0000000D  mc_w.l(entry10a.o)
    0x080000fc   0x080000fc   0x00000000   Code   RO         5645    .ARM.Collect$$$$0000000F  mc_w.l(entry11a.o)
    0x080000fc   0x080000fc   0x00000004   Code   RO         5634    .ARM.Collect$$$$00002712  mc_w.l(entry2.o)
    0x08000100   0x08000100   0x00000096   Code   RO         4684    .emb_text           port.o
    0x08000196   0x08000196   0x00000002   PAD
    0x08000198   0x08000198   0x00000024   Code   RO            4    .text               startup_stm32f10x_md.o
    0x080001bc   0x080001bc   0x00000024   Code   RO         5273    .text               mc_w.l(memcpya.o)
    0x080001e0   0x080001e0   0x00000024   Code   RO         5275    .text               mc_w.l(memseta.o)
    0x08000204   0x08000204   0x000000b0   Code   RO         5544    .text               mf_w.l(fadd.o)
    0x080002b4   0x080002b4   0x00000064   Code   RO         5546    .text               mf_w.l(fmul.o)
    0x08000318   0x08000318   0x0000007c   Code   RO         5548    .text               mf_w.l(fdiv.o)
    0x08000394   0x08000394   0x0000014e   Code   RO         5550    .text               mf_w.l(dadd.o)
    0x080004e2   0x080004e2   0x000000e4   Code   RO         5552    .text               mf_w.l(dmul.o)
    0x080005c6   0x080005c6   0x00000012   Code   RO         5554    .text               mf_w.l(fflti.o)
    0x080005d8   0x080005d8   0x0000000a   Code   RO         5556    .text               mf_w.l(ffltui.o)
    0x080005e2   0x080005e2   0x00000022   Code   RO         5558    .text               mf_w.l(dflti.o)
    0x08000604   0x08000604   0x00000032   Code   RO         5560    .text               mf_w.l(ffixi.o)
    0x08000636   0x08000636   0x00000028   Code   RO         5562    .text               mf_w.l(ffixui.o)
    0x0800065e   0x0800065e   0x00000026   Code   RO         5564    .text               mf_w.l(f2d.o)
    0x08000684   0x08000684   0x00000038   Code   RO         5566    .text               mf_w.l(d2f.o)
    0x080006bc   0x080006bc   0x00000014   Code   RO         5568    .text               mf_w.l(cfcmple.o)
    0x080006d0   0x080006d0   0x00000014   Code   RO         5570    .text               mf_w.l(cfrcmple.o)
    0x080006e4   0x080006e4   0x0000001e   Code   RO         5652    .text               mc_w.l(llshl.o)
    0x08000702   0x08000702   0x00000024   Code   RO         5654    .text               mc_w.l(llsshr.o)
    0x08000726   0x08000726   0x00000000   Code   RO         5663    .text               mc_w.l(iusefp.o)
    0x08000726   0x08000726   0x0000006e   Code   RO         5664    .text               mf_w.l(fepilogue.o)
    0x08000794   0x08000794   0x000000ba   Code   RO         5668    .text               mf_w.l(depilogue.o)
    0x0800084e   0x0800084e   0x000000de   Code   RO         5670    .text               mf_w.l(ddiv.o)
    0x0800092c   0x0800092c   0x0000002e   Code   RO         5672    .text               mf_w.l(dscalb.o)
    0x0800095a   0x0800095a   0x00000002   PAD
    0x0800095c   0x0800095c   0x00000024   Code   RO         5678    .text               mc_w.l(init.o)
    0x08000980   0x08000980   0x00000020   Code   RO         5680    .text               mc_w.l(llushr.o)
    0x080009a0   0x080009a0   0x000000a2   Code   RO         5684    .text               mf_w.l(dsqrt.o)
    0x08000a42   0x08000a42   0x00000056   Code   RO         5696    .text               mc_w.l(__dczerorl2.o)
    0x08000a98   0x08000a98   0x00000016   Code   RO          202    i.ADC_Cmd           stm32f10x_adc.o
    0x08000aae   0x08000aae   0x00000008   Code   RO          211    i.ADC_GetConversionValue  stm32f10x_adc.o
    0x08000ab6   0x08000ab6   0x00000012   Code   RO          213    i.ADC_GetFlagStatus  stm32f10x_adc.o
    0x08000ac8   0x08000ac8   0x00000050   Code   RO          220    i.ADC_Init          stm32f10x_adc.o
    0x08000b18   0x08000b18   0x000000b8   Code   RO          224    i.ADC_RegularChannelConfig  stm32f10x_adc.o
    0x08000bd0   0x08000bd0   0x00000016   Code   RO          227    i.ADC_SoftwareStartConvCmd  stm32f10x_adc.o
    0x08000be6   0x08000be6   0x00000002   PAD
    0x08000be8   0x08000be8   0x00000274   Code   RO         5085    i.ANO_DT_Data_Exchange  ano_dt.o
    0x08000e5c   0x08000e5c   0x00000384   Code   RO         5086    i.ANO_DT_Data_Receive_Anl  ano_dt.o
    0x080011e0   0x080011e0   0x000000e8   Code   RO         5087    i.ANO_DT_Data_Receive_Prepare  ano_dt.o
    0x080012c8   0x080012c8   0x00000044   Code   RO         5088    i.ANO_DT_Send_Check  ano_dt.o
    0x0800130c   0x0800130c   0x0000012c   Code   RO         5089    i.ANO_DT_Send_MotoPWM  ano_dt.o
    0x08001438   0x08001438   0x0000020c   Code   RO         5090    i.ANO_DT_Send_PID   ano_dt.o
    0x08001644   0x08001644   0x0000008c   Code   RO         5091    i.ANO_DT_Send_Power  ano_dt.o
    0x080016d0   0x080016d0   0x00000164   Code   RO         5092    i.ANO_DT_Send_RCData  ano_dt.o
    0x08001834   0x08001834   0x0000017c   Code   RO         5093    i.ANO_DT_Send_Senser  ano_dt.o
    0x080019b0   0x080019b0   0x00000144   Code   RO         5094    i.ANO_DT_Send_Status  ano_dt.o
    0x08001af4   0x08001af4   0x000000c4   Code   RO         5095    i.ANO_DT_Send_Version  ano_dt.o
    0x08001bb8   0x08001bb8   0x00000088   Code   RO         3790    i.AppTaskCreate     main.o
    0x08001c40   0x08001c40   0x00000084   Code   RO         3196    i.Aver_Filter       sys.o
    0x08001cc4   0x08001cc4   0x00000050   Code   RO         3197    i.BATT_GetVoltage   sys.o
    0x08001d14   0x08001d14   0x00000070   Code   RO         3198    i.Battery_Init      sys.o
    0x08001d84   0x08001d84   0x00000004   Code   RO         3851    i.BusFault_Handler  stm32f10x_it.o
    0x08001d88   0x08001d88   0x00000018   Code   RO          911    i.DMA_Cmd           stm32f10x_dma.o
    0x08001da0   0x08001da0   0x0000014c   Code   RO          912    i.DMA_DeInit        stm32f10x_dma.o
    0x08001eec   0x08001eec   0x0000003c   Code   RO          917    i.DMA_Init          stm32f10x_dma.o
    0x08001f28   0x08001f28   0x00000004   Code   RO          918    i.DMA_SetCurrDataCounter  stm32f10x_dma.o
    0x08001f2c   0x08001f2c   0x00000002   Code   RO         3852    i.DebugMon_Handler  stm32f10x_it.o
    0x08001f2e   0x08001f2e   0x00000002   PAD
    0x08001f30   0x08001f30   0x00000094   Code   RO         3746    i.EXTI2_IRQHandler  si24r1.o
    0x08001fc4   0x08001fc4   0x0000000c   Code   RO          985    i.EXTI_ClearITPendingBit  stm32f10x_exti.o
    0x08001fd0   0x08001fd0   0x00000028   Code   RO          989    i.EXTI_GetITStatus  stm32f10x_exti.o
    0x08001ff8   0x08001ff8   0x00000094   Code   RO          990    i.EXTI_Init         stm32f10x_exti.o
    0x0800208c   0x0800208c   0x00000040   Code   RO         1344    i.GPIO_EXTILineConfig  stm32f10x_gpio.o
    0x080020cc   0x080020cc   0x00000116   Code   RO         1347    i.GPIO_Init         stm32f10x_gpio.o
    0x080021e2   0x080021e2   0x00000012   Code   RO         1351    i.GPIO_ReadInputDataBit  stm32f10x_gpio.o
    0x080021f4   0x080021f4   0x00000004   Code   RO         1355    i.GPIO_SetBits      stm32f10x_gpio.o
    0x080021f8   0x080021f8   0x0000000a   Code   RO         1358    i.GPIO_WriteBit     stm32f10x_gpio.o
    0x08002202   0x08002202   0x00000002   PAD
    0x08002204   0x08002204   0x0000074c   Code   RO         4866    i.GetAngle          imu.o
    0x08002950   0x08002950   0x00000034   Code   RO         3199    i.Get_BatteryAdc    sys.o
    0x08002984   0x08002984   0x00000004   Code   RO         3853    i.HardFault_Handler  stm32f10x_it.o
    0x08002988   0x08002988   0x00000044   Code   RO         3791    i.HardWare_Init     main.o
    0x080029cc   0x080029cc   0x000000cc   Code   RO         3548    i.I2c_Ack           iic.o
    0x08002a98   0x08002a98   0x000000cc   Code   RO         3549    i.I2c_NoAck         iic.o
    0x08002b64   0x08002b64   0x000000c0   Code   RO         3550    i.I2c_ReadByte      iic.o
    0x08002c24   0x08002c24   0x000000c0   Code   RO         3551    i.I2c_SendByte      iic.o
    0x08002ce4   0x08002ce4   0x00000094   Code   RO         3552    i.I2c_Start         iic.o
    0x08002d78   0x08002d78   0x0000009c   Code   RO         3553    i.I2c_Stop          iic.o
    0x08002e14   0x08002e14   0x000000b4   Code   RO         3554    i.I2c_WaitAck       iic.o
    0x08002ec8   0x08002ec8   0x0000002c   Code   RO         3555    i.IIC_Init          iic.o
    0x08002ef4   0x08002ef4   0x00000064   Code   RO         3556    i.IIC_Read_One_Byte  iic.o
    0x08002f58   0x08002f58   0x00000044   Code   RO         3558    i.IIC_Write_One_Byte  iic.o
    0x08002f9c   0x08002f9c   0x00000080   Code   RO         3559    i.IIC_read_Bytes    iic.o
    0x0800301c   0x0800301c   0x00000034   Code   RO         3402    i.Led_Init          led.o
    0x08003050   0x08003050   0x00000004   Code   RO         3854    i.MemManage_Handler  stm32f10x_it.o
    0x08003054   0x08003054   0x000000f4   Code   RO         5048    i.MpuGetData        mpu6050.o
    0x08003148   0x08003148   0x00000110   Code   RO         5049    i.MpuGetOffset      mpu6050.o
    0x08003258   0x08003258   0x0000007c   Code   RO         5050    i.MpuInit           mpu6050.o
    0x080032d4   0x080032d4   0x000000a0   Code   RO         3643    i.MySPI_Init        myspi.o
    0x08003374   0x08003374   0x00000018   Code   RO         3645    i.MySPI_R_MISO      myspi.o
    0x0800338c   0x0800338c   0x0000000a   Code   RO         3646    i.MySPI_Start       myspi.o
    0x08003396   0x08003396   0x0000000a   Code   RO         3647    i.MySPI_Stop        myspi.o
    0x080033a0   0x080033a0   0x0000003c   Code   RO         3648    i.MySPI_SwapByte    myspi.o
    0x080033dc   0x080033dc   0x00000018   Code   RO         3649    i.MySPI_W_CE        myspi.o
    0x080033f4   0x080033f4   0x00000018   Code   RO         3650    i.MySPI_W_CSN       myspi.o
    0x0800340c   0x0800340c   0x00000014   Code   RO         3651    i.MySPI_W_IRQ       myspi.o
    0x08003420   0x08003420   0x00000018   Code   RO         3652    i.MySPI_W_MOSI      myspi.o
    0x08003438   0x08003438   0x00000018   Code   RO         3653    i.MySPI_W_SCK       myspi.o
    0x08003450   0x08003450   0x00000002   Code   RO         3855    i.NMI_Handler       stm32f10x_it.o
    0x08003452   0x08003452   0x00000002   PAD
    0x08003454   0x08003454   0x00000070   Code   RO          137    i.NVIC_Init         misc.o
    0x080034c4   0x080034c4   0x00000014   Code   RO          138    i.NVIC_PriorityGroupConfig  misc.o
    0x080034d8   0x080034d8   0x00000042   Code   RO         3200    i.NVIC_init         sys.o
    0x0800351a   0x0800351a   0x00000002   PAD
    0x0800351c   0x0800351c   0x00000070   Code   RO         5189    i.PID_ParamInit     control.o
    0x0800358c   0x0800358c   0x00000050   Code   RO         4954    i.Q_rsqrt           mymath.o
    0x080035dc   0x080035dc   0x00000018   Code   RO         1773    i.RCC_ADCCLKConfig  stm32f10x_rcc.o
    0x080035f4   0x080035f4   0x00000020   Code   RO         1774    i.RCC_AHBPeriphClockCmd  stm32f10x_rcc.o
    0x08003614   0x08003614   0x00000020   Code   RO         1775    i.RCC_APB1PeriphClockCmd  stm32f10x_rcc.o
    0x08003634   0x08003634   0x00000020   Code   RO         1777    i.RCC_APB2PeriphClockCmd  stm32f10x_rcc.o
    0x08003654   0x08003654   0x000000d4   Code   RO         1785    i.RCC_GetClocksFreq  stm32f10x_rcc.o
    0x08003728   0x08003728   0x00000020   Code   RO         3747    i.RX_Mode           si24r1.o
    0x08003748   0x08003748   0x00000094   Code   RO         5219    i.Remote_Data_ReceiveAnalysis  remote.o
    0x080037dc   0x080037dc   0x00000098   Code   RO         3748    i.SI24R1_Config     si24r1.o
    0x08003874   0x08003874   0x00000024   Code   RO         3749    i.SI24R1_ReceivePacket  si24r1.o
    0x08003898   0x08003898   0x00000032   Code   RO         3750    i.SI24R1_SendPacket  si24r1.o
    0x080038ca   0x080038ca   0x00000034   Code   RO         3654    i.SPI_Read_Buf      myspi.o
    0x080038fe   0x080038fe   0x0000001e   Code   RO         3655    i.SPI_Read_Byte     myspi.o
    0x0800391c   0x0800391c   0x00000034   Code   RO         3656    i.SPI_Write_Buf     myspi.o
    0x08003950   0x08003950   0x00000020   Code   RO         3657    i.SPI_Write_Byte    myspi.o
    0x08003970   0x08003970   0x000000d8   Code   RO         3792    i.SendToRemote      main.o
    0x08003a48   0x08003a48   0x000000ac   Code   RO         3435    i.Serial_Init       serial.o
    0x08003af4   0x08003af4   0x00000008   Code   RO           24    i.SetSysClock       system_stm32f10x.o
    0x08003afc   0x08003afc   0x000000e0   Code   RO           25    i.SetSysClockTo72   system_stm32f10x.o
    0x08003bdc   0x08003bdc   0x00000028   Code   RO          141    i.SysTick_CLKSourceConfig  misc.o
    0x08003c04   0x08003c04   0x00000010   Code   RO         3359    i.SysTick_Handler   delay.o
    0x08003c14   0x08003c14   0x00000060   Code   RO           27    i.SystemInit        system_stm32f10x.o
    0x08003c74   0x08003c74   0x000000d8   Code   RO         3621    i.TIM3_PWM_Init     pwm.o
    0x08003d4c   0x08003d4c   0x00000044   Code   RO         3793    i.TIM4_IRQHandler   main.o
    0x08003d90   0x08003d90   0x00000006   Code   RO         2416    i.TIM_ClearITPendingBit  stm32f10x_tim.o
    0x08003d96   0x08003d96   0x00000018   Code   RO         2421    i.TIM_Cmd           stm32f10x_tim.o
    0x08003dae   0x08003dae   0x00000022   Code   RO         2442    i.TIM_GetITStatus   stm32f10x_tim.o
    0x08003dd0   0x08003dd0   0x00000098   Code   RO         2450    i.TIM_OC1Init       stm32f10x_tim.o
    0x08003e68   0x08003e68   0x00000012   Code   RO         2453    i.TIM_OC1PreloadConfig  stm32f10x_tim.o
    0x08003e7a   0x08003e7a   0x00000002   PAD
    0x08003e7c   0x08003e7c   0x000000a4   Code   RO         2455    i.TIM_OC2Init       stm32f10x_tim.o
    0x08003f20   0x08003f20   0x0000001a   Code   RO         2458    i.TIM_OC2PreloadConfig  stm32f10x_tim.o
    0x08003f3a   0x08003f3a   0x00000002   PAD
    0x08003f3c   0x08003f3c   0x000000a0   Code   RO         2460    i.TIM_OC3Init       stm32f10x_tim.o
    0x08003fdc   0x08003fdc   0x00000012   Code   RO         2463    i.TIM_OC3PreloadConfig  stm32f10x_tim.o
    0x08003fee   0x08003fee   0x00000002   PAD
    0x08003ff0   0x08003ff0   0x0000007c   Code   RO         2465    i.TIM_OC4Init       stm32f10x_tim.o
    0x0800406c   0x0800406c   0x0000001a   Code   RO         2467    i.TIM_OC4PreloadConfig  stm32f10x_tim.o
    0x08004086   0x08004086   0x00000002   PAD
    0x08004088   0x08004088   0x000000a4   Code   RO         2492    i.TIM_TimeBaseInit  stm32f10x_tim.o
    0x0800412c   0x0800412c   0x00000048   Code   RO         3794    i.Task1             main.o
    0x08004174   0x08004174   0x00000018   Code   RO         3796    i.Task3             main.o
    0x0800418c   0x0800418c   0x00000048   Code   RO         3442    i.USART1_DMA_Init   serial.o
    0x080041d4   0x080041d4   0x00000024   Code   RO         3443    i.USART1_DMA_Send   serial.o
    0x080041f8   0x080041f8   0x0000004c   Code   RO         3444    i.USART1_IRQHandler  serial.o
    0x08004244   0x08004244   0x0000001e   Code   RO         2957    i.USART_ClearITPendingBit  stm32f10x_usart.o
    0x08004262   0x08004262   0x00000018   Code   RO         2960    i.USART_Cmd         stm32f10x_usart.o
    0x0800427a   0x0800427a   0x00000012   Code   RO         2961    i.USART_DMACmd      stm32f10x_usart.o
    0x0800428c   0x0800428c   0x00000054   Code   RO         2964    i.USART_GetITStatus  stm32f10x_usart.o
    0x080042e0   0x080042e0   0x0000004a   Code   RO         2966    i.USART_ITConfig    stm32f10x_usart.o
    0x0800432a   0x0800432a   0x00000002   PAD
    0x0800432c   0x0800432c   0x000000d8   Code   RO         2967    i.USART_Init        stm32f10x_usart.o
    0x08004404   0x08004404   0x00000004   Code   RO         3856    i.UsageFault_Handler  stm32f10x_it.o
    0x08004408   0x08004408   0x00000028   Code   RO         5596    i.__ARM_fpclassify  m_ws.l(fpclassify.o)
    0x08004430   0x08004430   0x000000aa   Code   RO         5614    i.__kernel_poly     m_ws.l(poly.o)
    0x080044da   0x080044da   0x00000006   Code   RO         5583    i.__mathlib_dbl_infnan  m_ws.l(dunder.o)
    0x080044e0   0x080044e0   0x00000004   Code   RO         5584    i.__mathlib_dbl_infnan2  m_ws.l(dunder.o)
    0x080044e4   0x080044e4   0x0000000c   Code   RO         5585    i.__mathlib_dbl_invalid  m_ws.l(dunder.o)
    0x080044f0   0x080044f0   0x00000010   Code   RO         5588    i.__mathlib_dbl_underflow  m_ws.l(dunder.o)
    0x08004500   0x08004500   0x0000000e   Code   RO         5690    i.__scatterload_copy  mc_w.l(handlers.o)
    0x0800450e   0x0800450e   0x00000002   Code   RO         5691    i.__scatterload_null  mc_w.l(handlers.o)
    0x08004510   0x08004510   0x0000000e   Code   RO         5692    i.__scatterload_zeroinit  mc_w.l(handlers.o)
    0x0800451e   0x0800451e   0x00000002   PAD
    0x08004520   0x08004520   0x0000000c   Code   RO         5658    i.__set_errno       mc_w.l(errno.o)
    0x0800452c   0x0800452c   0x00000270   Code   RO         5245    i.asin              m_ws.l(asin.o)
    0x0800479c   0x0800479c   0x00000220   Code   RO         5573    i.atan              m_ws.l(atan.o)
    0x080049bc   0x080049bc   0x00000180   Code   RO         5263    i.atan2             m_ws.l(atan2.o)
    0x08004b3c   0x08004b3c   0x0000005c   Code   RO         3360    i.delay_init        delay.o
    0x08004b98   0x08004b98   0x00000040   Code   RO         3361    i.delay_ms          delay.o
    0x08004bd8   0x08004bd8   0x00000048   Code   RO         3362    i.delay_us          delay.o
    0x08004c20   0x08004c20   0x00000058   Code   RO         4886    i.kalman_1          kalman.o
    0x08004c78   0x08004c78   0x0000006c   Code   RO         3797    i.main              main.o
    0x08004ce4   0x08004ce4   0x00000098   Code   RO         4202    i.prvAddCurrentTaskToDelayedList  tasks.o
    0x08004d7c   0x08004d7c   0x000000b8   Code   RO         4203    i.prvAddNewTaskToReadyList  tasks.o
    0x08004e34   0x08004e34   0x0000004c   Code   RO         4566    i.prvCheckForValidListAndQueue  timers.o
    0x08004e80   0x08004e80   0x00000064   Code   RO         4204    i.prvCheckTasksWaitingTermination  tasks.o
    0x08004ee4   0x08004ee4   0x0000002a   Code   RO         4042    i.prvCopyDataFromQueue  queue.o
    0x08004f0e   0x08004f0e   0x0000007c   Code   RO         4043    i.prvCopyDataToQueue  queue.o
    0x08004f8a   0x08004f8a   0x00000012   Code   RO         4205    i.prvDeleteTCB      tasks.o
    0x08004f9c   0x08004f9c   0x00000028   Code   RO         4567    i.prvGetNextExpireTime  timers.o
    0x08004fc4   0x08004fc4   0x0000007c   Code   RO         4755    i.prvHeapInit       heap_4.o
    0x08005040   0x08005040   0x00000028   Code   RO         4206    i.prvIdleTask       tasks.o
    0x08005068   0x08005068   0x0000002a   Code   RO         4045    i.prvInitialiseNewQueue  queue.o
    0x08005092   0x08005092   0x00000090   Code   RO         4207    i.prvInitialiseNewTask  tasks.o
    0x08005122   0x08005122   0x00000002   PAD
    0x08005124   0x08005124   0x00000068   Code   RO         4208    i.prvInitialiseTaskLists  tasks.o
    0x0800518c   0x0800518c   0x00000068   Code   RO         4756    i.prvInsertBlockIntoFreeList  heap_4.o
    0x080051f4   0x080051f4   0x00000058   Code   RO         4569    i.prvInsertTimerInActiveList  timers.o
    0x0800524c   0x0800524c   0x0000001a   Code   RO         4046    i.prvIsQueueEmpty   queue.o
    0x08005266   0x08005266   0x0000001e   Code   RO         4047    i.prvIsQueueFull    queue.o
    0x08005284   0x08005284   0x0000004c   Code   RO         4570    i.prvProcessExpiredTimer  timers.o
    0x080052d0   0x080052d0   0x000000bc   Code   RO         4571    i.prvProcessReceivedCommands  timers.o
    0x0800538c   0x0800538c   0x00000074   Code   RO         4572    i.prvProcessTimerOrBlockTask  timers.o
    0x08005400   0x08005400   0x00000034   Code   RO         4210    i.prvResetNextTaskUnblockTime  tasks.o
    0x08005434   0x08005434   0x0000002c   Code   RO         4573    i.prvSampleTimeNow  timers.o
    0x08005460   0x08005460   0x00000084   Code   RO         4574    i.prvSwitchTimerLists  timers.o
    0x080054e4   0x080054e4   0x00000016   Code   RO         4685    i.prvTaskExitError  port.o
    0x080054fa   0x080054fa   0x0000001a   Code   RO         4575    i.prvTimerTask      timers.o
    0x08005514   0x08005514   0x0000007e   Code   RO         4048    i.prvUnlockQueue    queue.o
    0x08005592   0x08005592   0x00000002   PAD
    0x08005594   0x08005594   0x000000d0   Code   RO         4757    i.pvPortMalloc      heap_4.o
    0x08005664   0x08005664   0x00000020   Code   RO         4214    i.pvTaskIncrementMutexHeldCount  tasks.o
    0x08005684   0x08005684   0x00000024   Code   RO         4686    i.pxPortInitialiseStack  port.o
    0x080056a8   0x080056a8   0x0000004c   Code   RO         5618    i.sqrt              m_ws.l(sqrt.o)
    0x080056f4   0x080056f4   0x00000028   Code   RO         4006    i.uxListRemove      list.o
    0x0800571c   0x0800571c   0x0000001a   Code   RO         4007    i.vListInitialise   list.o
    0x08005736   0x08005736   0x00000006   Code   RO         4008    i.vListInitialiseItem  list.o
    0x0800573c   0x0800573c   0x00000034   Code   RO         4009    i.vListInsert       list.o
    0x08005770   0x08005770   0x00000018   Code   RO         4010    i.vListInsertEnd    list.o
    0x08005788   0x08005788   0x00000024   Code   RO         4688    i.vPortEnterCritical  port.o
    0x080057ac   0x080057ac   0x00000020   Code   RO         4689    i.vPortExitCritical  port.o
    0x080057cc   0x080057cc   0x00000048   Code   RO         4758    i.vPortFree         heap_4.o
    0x08005814   0x08005814   0x00000014   Code   RO         4690    i.vPortSetupTimerInterrupt  port.o
    0x08005828   0x08005828   0x0000004a   Code   RO         4056    i.vQueueWaitForMessageRestricted  queue.o
    0x08005872   0x08005872   0x00000002   PAD
    0x08005874   0x08005874   0x00000034   Code   RO         4222    i.vTaskDelay        tasks.o
    0x080058a8   0x080058a8   0x00000074   Code   RO         4223    i.vTaskDelayUntil   tasks.o
    0x0800591c   0x0800591c   0x000000cc   Code   RO         4224    i.vTaskDelete       tasks.o
    0x080059e8   0x080059e8   0x0000000c   Code   RO         4228    i.vTaskMissedYield  tasks.o
    0x080059f4   0x080059f4   0x00000020   Code   RO         4230    i.vTaskPlaceOnEventList  tasks.o
    0x08005a14   0x08005a14   0x00000028   Code   RO         4231    i.vTaskPlaceOnEventListRestricted  tasks.o
    0x08005a3c   0x08005a3c   0x000000b0   Code   RO         4233    i.vTaskPriorityInherit  tasks.o
    0x08005aec   0x08005aec   0x00000018   Code   RO         4237    i.vTaskSetTimeOutState  tasks.o
    0x08005b04   0x08005b04   0x00000070   Code   RO         4238    i.vTaskStartScheduler  tasks.o
    0x08005b74   0x08005b74   0x00000010   Code   RO         4240    i.vTaskSuspendAll   tasks.o
    0x08005b84   0x08005b84   0x00000060   Code   RO         4241    i.vTaskSwitchContext  tasks.o
    0x08005be4   0x08005be4   0x00000034   Code   RO         4691    i.xPortStartScheduler  port.o
    0x08005c18   0x08005c18   0x00000034   Code   RO         4692    i.xPortSysTickHandler  port.o
    0x08005c4c   0x08005c4c   0x00000038   Code   RO         4058    i.xQueueGenericCreate  queue.o
    0x08005c84   0x08005c84   0x0000015c   Code   RO         4059    i.xQueueGenericReceive  queue.o
    0x08005de0   0x08005de0   0x00000080   Code   RO         4060    i.xQueueGenericReset  queue.o
    0x08005e60   0x08005e60   0x00000118   Code   RO         4061    i.xQueueGenericSend  queue.o
    0x08005f78   0x08005f78   0x00000086   Code   RO         4062    i.xQueueGenericSendFromISR  queue.o
    0x08005ffe   0x08005ffe   0x00000002   PAD
    0x08006000   0x08006000   0x0000005c   Code   RO         4242    i.xTaskCheckForTimeOut  tasks.o
    0x0800605c   0x0800605c   0x00000060   Code   RO         4243    i.xTaskCreate       tasks.o
    0x080060bc   0x080060bc   0x00000020   Code   RO         4247    i.xTaskGetSchedulerState  tasks.o
    0x080060dc   0x080060dc   0x0000000c   Code   RO         4248    i.xTaskGetTickCount  tasks.o
    0x080060e8   0x080060e8   0x0000011c   Code   RO         4250    i.xTaskIncrementTick  tasks.o
    0x08006204   0x08006204   0x00000084   Code   RO         4253    i.xTaskPriorityDisinherit  tasks.o
    0x08006288   0x08006288   0x00000080   Code   RO         4254    i.xTaskRemoveFromEventList  tasks.o
    0x08006308   0x08006308   0x000000e8   Code   RO         4256    i.xTaskResumeAll    tasks.o
    0x080063f0   0x080063f0   0x00000040   Code   RO         4579    i.xTimerCreateTimerTask  timers.o
    0x08006430   0x08006430   0x0000006c   Code   RO         4580    i.xTimerGenericCommand  timers.o
    0x0800649c   0x0800649c   0x00000018   Data   RO         4967    .constdata          mymath.o
    0x080064b4   0x080064b4   0x00000004   PAD
    0x080064b8   0x080064b8   0x00000050   Data   RO         5246    .constdata          m_ws.l(asin.o)
    0x08006508   0x08006508   0x00000098   Data   RO         5574    .constdata          m_ws.l(atan.o)
    0x080065a0   0x080065a0   0x00000008   Data   RO         5616    .constdata          m_ws.l(qnan.o)
    0x080065a8   0x080065a8   0x00000020   Data   RO         5688    Region$$Table       anon$$obj.o


    Execution Region RW_IRAM1 (Exec base: 0x20000000, Load base: 0x080065c8, Size: 0x00003140, Max: 0x00005000, ABSOLUTE, COMPRESSED[0x0000005c])

    Exec Addr    Load Addr    Size         Type   Attr      Idx    E Section Name        Object

    0x20000000   COMPRESSED   0x00000014   Data   RW           28    .data               system_stm32f10x.o
    0x20000014   COMPRESSED   0x00000014   Data   RW         1805    .data               stm32f10x_rcc.o
    0x20000028   COMPRESSED   0x0000001a   Data   RW         3202    .data               sys.o
    0x20000042   COMPRESSED   0x00000002   PAD
    0x20000044   COMPRESSED   0x00000008   Data   RW         3364    .data               delay.o
    0x2000004c   COMPRESSED   0x00000010   Data   RW         3752    .data               si24r1.o
    0x2000005c   COMPRESSED   0x0000001c   Data   RW         3798    .data               main.o
    0x20000078   COMPRESSED   0x0000003c   Data   RW         4259    .data               tasks.o
    0x200000b4   COMPRESSED   0x00000014   Data   RW         4586    .data               timers.o
    0x200000c8   COMPRESSED   0x00000004   Data   RW         4693    .data               port.o
    0x200000cc   COMPRESSED   0x00000018   Data   RW         4763    .data               heap_4.o
    0x200000e4   COMPRESSED   0x0000001c   Data   RW         4868    .data               imu.o
    0x20000100   COMPRESSED   0x0000004c   Data   RW         5053    .data               mpu6050.o
    0x2000014c   COMPRESSED   0x00000008   Data   RW         5097    .data               ano_dt.o
    0x20000154   COMPRESSED   0x00000012   Data   RW         5221    .data               remote.o
    0x20000166   COMPRESSED   0x00000002   PAD
    0x20000168   COMPRESSED   0x00000004   Data   RW         5659    .data               mc_w.l(errno.o)
    0x2000016c        -       0x00000068   Zero   RW         3201    .bss                sys.o
    0x200001d4        -       0x00000040   Zero   RW         3751    .bss                si24r1.o
    0x20000214        -       0x000000c8   Zero   RW         4258    .bss                tasks.o
    0x200002dc        -       0x00000028   Zero   RW         4585    .bss                timers.o
    0x20000304        -       0x00002800   Zero   RW         4762    .bss                heap_4.o
    0x20002b04        -       0x0000000c   Zero   RW         4867    .bss                imu.o
    0x20002b10        -       0x00000018   Zero   RW         5052    .bss                mpu6050.o
    0x20002b28        -       0x00000071   Zero   RW         5096    .bss                ano_dt.o
    0x20002b99   COMPRESSED   0x00000003   PAD
    0x20002b9c        -       0x000001a0   Zero   RW         5190    .bss                control.o
    0x20002d3c   COMPRESSED   0x00000004   PAD
    0x20002d40        -       0x00000400   Zero   RW            1    STACK               startup_stm32f10x_md.o


==============================================================================

Image component sizes


      Code (inc. data)   RO Data    RW Data    ZI Data      Debug   Object Name

      4048        170          0          8        113      10285   ano_dt.o
       112         30          0          0        416       1338   control.o
         0          0          0          0          0       4500   core_cm3.o
       244         26          0          8          0       2261   delay.o
         0          0          0          0          0       9380   event_groups.o
       508         62          0         24      10240       3827   heap_4.o
      1616         38          0          0          0       7609   iic.o
      1868         50          0         28         12       1651   imu.o
        88          0          0          0          0       1559   kalman.o
        52          6          0          0          0        467   led.o
       148          0          0          0          0       3074   list.o
       692        142          0         28          0       3955   main.o
       172         22          0          0          0     216421   misc.o
       640         32          0         76         24       2814   mpu6050.o
        80          6         24          0          0        949   mymath.o
       546         44          0          0          0      22857   myspi.o
       400         50          0          4          0       9248   port.o
       216         14          0          0          0        656   pwm.o
      1410         16          0          0          0      11058   queue.o
       148         22          0         18          0       1251   remote.o
       356         20          0          0          0       2714   serial.o
       418         22          0         16         64       3438   si24r1.o
        36          8        236          0       1024        820   startup_stm32f10x_md.o
       334         10          0          0          0      16256   stm32f10x_adc.o
       420          8          0          0          0      13607   stm32f10x_dma.o
       200         18          0          0          0       4108   stm32f10x_exti.o
       374          4          0          0          0      12437   stm32f10x_gpio.o
        20          0          0          0          0       2525   stm32f10x_it.o
       332         44          0         20          0      14045   stm32f10x_rcc.o
       916         92          0          0          0      28059   stm32f10x_tim.o
       446          6          0          0          0      11443   stm32f10x_usart.o
       442         34          0         26        104      25382   sys.o
       328         28          0         20          0      55333   system_stm32f10x.o
      2714        408          0         60        200      29389   tasks.o
       958        108          0         20         40       8331   timers.o

    ----------------------------------------------------------------------
     21312       1540        296        360      12244     543047   Object Totals
         0          0         32          0          0          0   (incl. Generated)
        30          0          4          4          7          0   (incl. Padding)

    ----------------------------------------------------------------------

      Code (inc. data)   RO Data    RW Data    ZI Data      Debug   Library Member Name

       624         52         80          0          0        168   asin.o
       544         70        152          0          0        124   atan.o
       384         38          0          0          0        144   atan2.o
        38          6          0          0          0        272   dunder.o
        40          0          0          0          0         68   fpclassify.o
       170          0          0          0          0         96   poly.o
         0          0          8          0          0          0   qnan.o
        76          0          0          0          0         84   sqrt.o
        86          0          0          0          0          0   __dczerorl2.o
         0          0          0          0          0          0   entry.o
         0          0          0          0          0          0   entry10a.o
         0          0          0          0          0          0   entry11a.o
         8          4          0          0          0          0   entry2.o
         4          0          0          0          0          0   entry5.o
         0          0          0          0          0          0   entry7b.o
         0          0          0          0          0          0   entry8b.o
         8          4          0          0          0          0   entry9a.o
        12          6          0          4          0         68   errno.o
        30          0          0          0          0          0   handlers.o
        36          8          0          0          0         68   init.o
         0          0          0          0          0          0   iusefp.o
        30          0          0          0          0         68   llshl.o
        36          0          0          0          0         68   llsshr.o
        32          0          0          0          0         68   llushr.o
        36          0          0          0          0         68   memcpya.o
        36          0          0          0          0        108   memseta.o
        20          0          0          0          0         68   cfcmple.o
        20          0          0          0          0         68   cfrcmple.o
        56          0          0          0          0         88   d2f.o
       334          0          0          0          0        148   dadd.o
       222          0          0          0          0        100   ddiv.o
       186          0          0          0          0        176   depilogue.o
        34          0          0          0          0         76   dflti.o
       228          0          0          0          0         96   dmul.o
        46          0          0          0          0         80   dscalb.o
       162          0          0          0          0        100   dsqrt.o
        38          0          0          0          0         68   f2d.o
       176          0          0          0          0        140   fadd.o
       124          0          0          0          0         88   fdiv.o
       110          0          0          0          0        168   fepilogue.o
        50          0          0          0          0         68   ffixi.o
        40          0          0          0          0         68   ffixui.o
        18          0          0          0          0         68   fflti.o
        10          0          0          0          0         68   ffltui.o
       100          0          0          0          0         76   fmul.o

    ----------------------------------------------------------------------
      4208        188        240          4          0       3284   Library Totals
         4          0          0          0          0          0   (incl. Padding)

    ----------------------------------------------------------------------

      Code (inc. data)   RO Data    RW Data    ZI Data      Debug   Library Name

      1876        166        240          0          0        956   m_ws.l
       354         22          0          4          0        516   mc_w.l
      1974          0          0          0          0       1812   mf_w.l

    ----------------------------------------------------------------------
      4208        188        240          4          0       3284   Library Totals

    ----------------------------------------------------------------------

==============================================================================


      Code (inc. data)   RO Data    RW Data    ZI Data      Debug   

     25520       1728        536        364      12244     535019   Grand Totals
     25520       1728        536         92      12244     535019   ELF Image Totals (compressed)
     25520       1728        536         92          0          0   ROM Totals

==============================================================================

    Total RO  Size (Code + RO Data)                26056 (  25.45kB)
    Total RW  Size (RW Data + ZI Data)             12608 (  12.31kB)
    Total ROM Size (Code + RO Data + RW Data)      26148 (  25.54kB)

==============================================================================

